Component: ARM Compiler 5.06 update 4 (build 422) Tool: armlink [4d35d2]

==============================================================================

Section Cross References

    main.o(i._Z10commSampleN4mbed6SerialE) refers to nrf24l01p.o(i._ZN9nRF24L01P7powerUpEv) for nRF24L01P::powerUp()
    main.o(i._Z10commSampleN4mbed6SerialE) refers to nrf24l01p.o(i._ZN9nRF24L01P14getRfFrequencyEv) for nRF24L01P::getRfFrequency()
    main.o(i._Z10commSampleN4mbed6SerialE) refers to Stream.o(i._ZN4mbed6Stream6printfEPKcz) for mbed::Stream::printf(const char*, ...)
    main.o(i._Z10commSampleN4mbed6SerialE) refers to nrf24l01p.o(i._ZN9nRF24L01P16getRfOutputPowerEv) for nRF24L01P::getRfOutputPower()
    main.o(i._Z10commSampleN4mbed6SerialE) refers to nrf24l01p.o(i._ZN9nRF24L01P14getAirDataRateEv) for nRF24L01P::getAirDataRate()
    main.o(i._Z10commSampleN4mbed6SerialE) refers to nrf24l01p.o(i._ZN9nRF24L01P12getTxAddressEv) for nRF24L01P::getTxAddress()
    main.o(i._Z10commSampleN4mbed6SerialE) refers to nrf24l01p.o(i._ZN9nRF24L01P12getRxAddressEi) for nRF24L01P::getRxAddress(int)
    main.o(i._Z10commSampleN4mbed6SerialE) refers to nrf24l01p.o(i._ZN9nRF24L01P15setTransferSizeEii) for nRF24L01P::setTransferSize(int, int)
    main.o(i._Z10commSampleN4mbed6SerialE) refers to nrf24l01p.o(i._ZN9nRF24L01P14setReceiveModeEv) for nRF24L01P::setReceiveMode()
    main.o(i._Z10commSampleN4mbed6SerialE) refers to nrf24l01p.o(i._ZN9nRF24L01P6enableEv) for nRF24L01P::enable()
    main.o(i._Z10commSampleN4mbed6SerialE) refers to SerialBase.o(i._ZN4mbed10SerialBase8readableEv) for mbed::SerialBase::readable()
    main.o(i._Z10commSampleN4mbed6SerialE) refers to Stream.o(i._ZN4mbed6Stream4getcEv) for mbed::Stream::getc()
    main.o(i._Z10commSampleN4mbed6SerialE) refers to nrf24l01p.o(i._ZN9nRF24L01P5writeEiPci) for nRF24L01P::write(int, char*, int)
    main.o(i._Z10commSampleN4mbed6SerialE) refers to mbed_assert.o(i.mbed_assert_internal) for mbed_assert_internal
    main.o(i._Z10commSampleN4mbed6SerialE) refers to nrf24l01p.o(i._ZN9nRF24L01P8readableEi) for nRF24L01P::readable(int)
    main.o(i._Z10commSampleN4mbed6SerialE) refers to nrf24l01p.o(i._ZN9nRF24L01P4readEiPci) for nRF24L01P::read(int, char*, int)
    main.o(i._Z10commSampleN4mbed6SerialE) refers to Stream.o(i._ZN4mbed6Stream4putcEi) for mbed::Stream::putc(int)
    main.o(i._Z10commSampleN4mbed6SerialE) refers to main.o(.bss) for .bss
    main.o(i._Z10commSampleN4mbed6SerialE) refers to main.o(.conststring) for .conststring
    main.o(i.__sti___8_main_cpp_4c3acc7b) refers to nrf24l01p.o(i._ZN9nRF24L01PC1E7PinNameS0_S0_S0_S0_S0_) for nRF24L01P::nRF24L01P(PinName, PinName, PinName, PinName, PinName, PinName)
    main.o(i.__sti___8_main_cpp_4c3acc7b) refers to retarget.o(i.__aeabi_atexit) for __aeabi_atexit
    main.o(i.__sti___8_main_cpp_4c3acc7b) refers to Serial.o(i._ZN4mbed6SerialC1E7PinNameS1_PKci) for mbed::Serial::Serial(PinName, PinName, const char*, int)
    main.o(i.__sti___8_main_cpp_4c3acc7b) refers to lsm303dlhc.o(i._ZN10LSM303DLHCC1E7PinNameS0_) for LSM303DLHC::LSM303DLHC(PinName, PinName)
    main.o(i.__sti___8_main_cpp_4c3acc7b) refers to mbed_gpio.o(i.gpio_init_out) for gpio_init_out
    main.o(i.__sti___8_main_cpp_4c3acc7b) refers to main.o(.bss) for .bss
    main.o(i.__sti___8_main_cpp_4c3acc7b) refers to main.o(i._ZN9nRF24L01PD1Ev) for nRF24L01P::~nRF24L01P()
    main.o(i.__sti___8_main_cpp_4c3acc7b) refers to main.o(i._ZN4mbed6SerialD1Ev) for mbed::Serial::~Serial()
    main.o(i.main) refers to SerialBase.o(i._ZN4mbed10SerialBase6formatEiNS0_6ParityEi) for mbed::SerialBase::format(int, mbed::SerialBase::Parity, int)
    main.o(i.main) refers to SerialBase.o(i._ZN4mbed10SerialBase4baudEi) for mbed::SerialBase::baud(int)
    main.o(i.main) refers to Stream.o(i._ZN4mbed6Stream6printfEPKcz) for mbed::Stream::printf(const char*, ...)
    main.o(i.main) refers to lsm303dlhc.o(i._ZN10LSM303DLHC4readEPfS0_S0_S0_S0_S0_) for LSM303DLHC::read(float*, float*, float*, float*, float*, float*)
    main.o(i.main) refers to f2d.o(.text) for __aeabi_f2d
    main.o(i.main) refers to mbed_wait_api_no_rtos.o(i.wait) for wait
    main.o(i.main) refers to main.o(.bss) for .bss
    main.o(.ARM.exidx) refers to main.o(i.main) for i.main
    main.o(.ARM.exidx) refers to main.o(i._Z10commSampleN4mbed6SerialE) for i._Z10commSampleN4mbed6SerialE
    main.o(.ARM.exidx) refers to main.o(i.__sti___8_main_cpp_4c3acc7b) for i.__sti___8_main_cpp_4c3acc7b
    main.o(.init_array) refers to main.o(i.__sti___8_main_cpp_4c3acc7b) for __sti___8_main_cpp_4c3acc7b
    main.o(.init_array) refers to init_aeabi.o(.text) for __cpp_initialize__aeabi_
    lsm303dlhc.o(i._ZN10LSM303DLHC4readEPfS0_S0_S0_S0_S0_) refers to I2C.o(i._ZN4mbed3I2C5writeEiPKcib) for mbed::I2C::write(int, const char*, int, bool)
    lsm303dlhc.o(i._ZN10LSM303DLHC4readEPfS0_S0_S0_S0_S0_) refers to I2C.o(i._ZN4mbed3I2C4readEiPcib) for mbed::I2C::read(int, char*, int, bool)
[...]
    setbuf                                   0x000009dd   Thumb Code    26  setbuf.o(.text)
    _fclose_internal                         0x000009f9   Thumb Code    72  fclose.o(.text)
    fclose                                   0x000009f9   Thumb Code     0  fclose.o(.text)
    strlen                                   0x00000a45   Thumb Code    62  strlen.o(.text)
    strncmp                                  0x00000a89   Thumb Code   154  strncmp.o(.text)
    _memset_w                                0x00000b29   Thumb Code    26  rt_memclr.o(.text)
    _memset                                  0x00000b43   Thumb Code    30  rt_memclr.o(.text)
    __aeabi_memclr                           0x00000b61   Thumb Code     4  rt_memclr.o(.text)
    __rt_memclr                              0x00000b61   Thumb Code     0  rt_memclr.o(.text)
    __aeabi_memclr4                          0x00000b65   Thumb Code     0  rt_memclr.o(.text)
    __aeabi_memclr8                          0x00000b65   Thumb Code     0  rt_memclr.o(.text)
    __rt_memclr_w                            0x00000b65   Thumb Code     4  rt_memclr.o(.text)
    strcmp                                   0x00000b69   Thumb Code   160  strcmpv6m.o(.text)
    __aeabi_uidiv                            0x00000c09   Thumb Code     0  aeabi_sdivfast.o(.text)
    __aeabi_uidivmod                         0x00000c09   Thumb Code    28  aeabi_sdivfast.o(.text)
    __aeabi_idiv                             0x00000c25   Thumb Code     0  aeabi_sdivfast.o(.text)
    __aeabi_idivmod                          0x00000c25   Thumb Code   460  aeabi_sdivfast.o(.text)
    __cpp_initialize__aeabi_                 0x00000df1   Thumb Code    26  init_aeabi.o(.text)
    __aeabi_vec_dtor                         0x00000e15   Thumb Code    34  aeabi_vec_dtor_noexceptions.o(.text)
    __aeabi_d2iz                             0x00000e39   Thumb Code     0  dfixi.o(.text)
    _dfix                                    0x00000e39   Thumb Code    98  dfixi.o(.text)
    __aeabi_f2d                              0x00000ea5   Thumb Code     0  f2d.o(.text)
    _f2d                                     0x00000ea5   Thumb Code    80  f2d.o(.text)
    __aeabi_fdiv                             0x00000ef9   Thumb Code     0  fdiv.o(.text)
    _fdiv                                    0x00000ef9   Thumb Code   334  fdiv.o(.text)
    _frdiv                                   0x00001047   Thumb Code     8  fdiv.o(.text)
    __aeabi_f2iz                             0x00001059   Thumb Code     0  ffixi.o(.text)
    _ffix                                    0x00001059   Thumb Code    76  ffixi.o(.text)
    __aeabi_i2f_normalise                    0x000010a5   Thumb Code    72  fflti.o(.text)
    __aeabi_i2f                              0x000010ed   Thumb Code    16  fflti.o(.text)
    _fflt                                    0x000010ed   Thumb Code     0  fflti.o(.text)
    __aeabi_ui2f                             0x000010fd   Thumb Code     6  fflti.o(.text)
    _ffltu                                   0x000010fd   Thumb Code     0  fflti.o(.text)
    __ARM_scalbnf                            0x00001105   Thumb Code    64  fscalbn.o(.text)
    __rt_heap_descriptor                     0x00001149   Thumb Code     8  rt_heap_descriptor.o(.text)
    __use_no_heap                            0x00001151   Thumb Code     2  hguard.o(.text)
    __heap$guard                             0x00001153   Thumb Code     2  hguard.o(.text)
    _terminate_user_alloc                    0x00001155   Thumb Code     2  init_alloc.o(.text)
    _init_user_alloc                         0x00001157   Thumb Code     2  init_alloc.o(.text)
    __Heap_Full                              0x00001159   Thumb Code    32  init_alloc.o(.text)
    __Heap_Broken                            0x00001179   Thumb Code    10  init_alloc.o(.text)
    _init_alloc                              0x00001183   Thumb Code    90  init_alloc.o(.text)
    __Heap_Initialize                        0x000011dd   Thumb Code    10  h1_init.o(.text)
    __Heap_DescSize                          0x000011e7   Thumb Code     4  h1_init.o(.text)
    _printf_pre_padding                      0x000011eb   Thumb Code    44  _printf_pad.o(.text)
    _printf_post_padding                     0x00001217   Thumb Code    34  _printf_pad.o(.text)
    _printf_truncate_signed                  0x00001239   Thumb Code    18  _printf_truncate.o(.text)
    _printf_truncate_unsigned                0x0000124b   Thumb Code    18  _printf_truncate.o(.text)
    _printf_str                              0x0000125d   Thumb Code    82  _printf_str.o(.text)
    _printf_int_common                       0x000012af   Thumb Code   176  _printf_intcommon.o(.text)
    _printf_int_dec                          0x00001361   Thumb Code    90  _printf_dec.o(.text)
    _printf_charcount                        0x000013cd   Thumb Code    38  _printf_charcount.o(.text)
    _printf_char_common                      0x000013ff   Thumb Code    32  _printf_char_common.o(.text)
    _sputc                                   0x00001425   Thumb Code    10  _sputc.o(.text)
    _printf_char_file                        0x00001431   Thumb Code    34  _printf_char_file.o(.text)
    _printf_wctomb                           0x00001459   Thumb Code   182  _printf_wctomb.o(.text)
    _printf_longlong_dec                     0x00001515   Thumb Code    94  _printf_longlong_dec.o(.text)
    _printf_longlong_oct                     0x00001585   Thumb Code    68  _printf_oct_int_ll.o(.text)
    _printf_int_oct                          0x000015c9   Thumb Code    24  _printf_oct_int_ll.o(.text)
    _printf_ll_oct                           0x000015e1   Thumb Code    10  _printf_oct_int_ll.o(.text)
    _chval                                   0x000015f5   Thumb Code    30  _chval.o(.text)
    __vfscanf_char                           0x00001621   Thumb Code    28  scanf_char.o(.text)
    _sgetc                                   0x00001645   Thumb Code    32  _sgetc.o(.text)
    _sbackspace                              0x00001665   Thumb Code    36  _sgetc.o(.text)
    ferror                                   0x00001689   Thumb Code     8  ferror.o(.text)
    __flsbuf                                 0x00001691   Thumb Code   486  flsbuf.o(.text)
    __flsbuf_byte                            0x00001691   Thumb Code     0  flsbuf.o(.text)
    __flsbuf_wide                            0x00001691   Thumb Code     0  flsbuf.o(.text)
    _fseek                                   0x00001881   Thumb Code   240  fseek.o(.text)
    fseek                                    0x00001881   Thumb Code     0  fseek.o(.text)
    setvbuf                                  0x00001975   Thumb Code    72  setvbuf.o(.text)
    _seterr                                  0x000019c1   Thumb Code    20  stdio.o(.text)
    _writebuf                                0x000019d5   Thumb Code    76  stdio.o(.text)
    _fflush                                  0x00001a21   Thumb Code    76  stdio.o(.text)
    _deferredlazyseek                        0x00001a6d   Thumb Code    60  stdio.o(.text)
    _initio                                  0x00001ab1   Thumb Code   216  initio.o(.text)
    _terminateio                             0x00001b89   Thumb Code    56  initio.o(.text)
    __rt_SIGPVFN                             0x00001bed   Thumb Code    12  defsig_pvfn_outer.o(.text)
    __aeabi_dadd                             0x00001ef1   Thumb Code     0  daddsub.o(.text)
    _dadd                                    0x00001ef1   Thumb Code    26  daddsub.o(.text)
    __aeabi_dsub                             0x00001f0b   Thumb Code     0  daddsub.o(.text)
    _dsub                                    0x00001f0b   Thumb Code    22  daddsub.o(.text)
    __aeabi_drsub                            0x00001f21   Thumb Code     0  daddsub.o(.text)
    _drsb                                    0x00001f21   Thumb Code    28  daddsub.o(.text)
    __Heap_ProvideMemory                     0x00001f51   Thumb Code    52  h1_extend.o(.text)
    _ll_udiv10                               0x00001f85   Thumb Code   122  lludiv10.o(.text)
    isspace                                  0x00001fff   Thumb Code    18  isspace.o(.text)
    __lib_sel_fp_printf                      0x00002011   Thumb Code     2  _printf_fp_dec.o(.text)
    _printf_fp_dec_real                      0x000021ab   Thumb Code   620  _printf_fp_dec.o(.text)
    _printf_fp_hex_real                      0x00002425   Thumb Code   718  _printf_fp_hex.o(.text)
    _printf_cs_common                        0x000026fd   Thumb Code    22  _printf_char.o(.text)
    _printf_char                             0x00002713   Thumb Code    16  _printf_char.o(.text)
    _printf_string                           0x00002723   Thumb Code     8  _printf_char.o(.text)
    _printf_lcs_common                       0x0000272b   Thumb Code    22  _printf_wchar.o(.text)
    _printf_wchar                            0x00002741   Thumb Code    16  _printf_wchar.o(.text)
    _printf_wstring                          0x00002751   Thumb Code     8  _printf_wchar.o(.text)
    __vfscanf                                0x00002759   Thumb Code   880  _scanf.o(.text)
    _ftell_internal                          0x00002ad9   Thumb Code    66  ftell.o(.text)
    ftell                                    0x00002ad9   Thumb Code     0  ftell.o(.text)
    _wcrtomb                                 0x00002b1b   Thumb Code    64  _wcrtomb.o(.text)
    __sig_exit                               0x00002b5b   Thumb Code    12  defsig_exit.o(.text)
    __rt_SIGRTRED                            0x00002b67   Thumb Code    12  defsig_rtred_outer.o(.text)
    __rt_SIGRTMEM                            0x00002b73   Thumb Code    12  defsig_rtmem_outer.o(.text)
    __rt_SIGPVFN_inner                       0x00002b81   Thumb Code    14  defsig_pvfn_inner.o(.text)
    __rt_udiv10                              0x00002bb1   Thumb Code    40  rtudiv10.o(.text)
    __rt_heap_escrow                         0x00002bd9   Thumb Code    24  heapauxa.o(.text)
    __rt_heap_expand                         0x00002bf1   Thumb Code    52  heapauxa.o(.text)
    __fpl_dcmp_InfNaN                        0x00002c29   Thumb Code   140  dcmpin.o(.text)
    _sys_exit                                0x00002cb9   Thumb Code     8  sys_exit.o(.text)
    __rt_ctype_table                         0x00002cc5   Thumb Code    16  rt_ctype_table.o(.text)
    __rt_locale                              0x00002cd5   Thumb Code     8  rt_locale.o(.text)
    __aeabi_errno_addr                       0x00002cdd   Thumb Code     8  rt_errno_addr.o(.text)
    __errno                                  0x00002cdd   Thumb Code     0  rt_errno_addr.o(.text)
    __rt_errno_addr                          0x00002cdd   Thumb Code     0  rt_errno_addr.o(.text)
    _printf_fp_infnan                        0x00002ce5   Thumb Code   120  _printf_fp_infnan.o(.text)
    _btod_etento                             0x00002d6d   Thumb Code   196  bigflt0.o(.text)
    _btod_d2e                                0x00002e35   Thumb Code    64  btod.o(.text)
    _btod_emul                               0x0000322b   Thumb Code    24  btod.o(.text)
    _btod_emuld                              0x00003243   Thumb Code    88  btod.o(.text)
    _btod_ediv                               0x0000329b   Thumb Code    22  btod.o(.text)
    _btod_edivd                              0x000032b1   Thumb Code    60  btod.o(.text)
    __default_signal_display                 0x000032fd   Thumb Code    52  defsig_general.o(.text)
    __rt_SIGRTRED_inner                      0x00003331   Thumb Code    14  defsig_rtred_inner.o(.text)
    __rt_SIGRTMEM_inner                      0x00003365   Thumb Code    22  defsig_rtmem_inner.o(.text)
    __fpl_cmpreturn                          0x000033b5   Thumb Code    46  cmpret.o(.text)
    __fpl_dcheck_NaN2                        0x000033e5   Thumb Code    14  dnan2.o(.text)
    _ttywrch                                 0x000033f9   Thumb Code    12  sys_wrch.o(.text)
    __fpl_return_NaN                         0x00003405   Thumb Code    94  retnan.o(.text)
    __semihosting_library_function           0x00003405   Thumb Code     0  indicate_semi.o(.text)
    main                                     0x00003463   Thumb Code    12  retarget.o(i.$Sub$$main)
    NVIC_SetVector                           0x00003475   Thumb Code    62  cmsis_nvic.o(i.NVIC_SetVector)
    SystemInit                               0x000034bd   Thumb Code   150  system_LPC11Uxx.o(i.SystemInit)
    LSM303DLHC::read(float*, float*, float*, float*, float*, float*) 0x00003569   Thumb Code   262  lsm303dlhc.o(i._ZN10LSM303DLHC4readEPfS0_S0_S0_S0_S0_)
    LSM303DLHC::LSM303DLHC(PinName, PinName) 0x00003679   Thumb Code   140  lsm303dlhc.o(i._ZN10LSM303DLHCC1E7PinNameS0_)
    LSM303DLHC::LSM303DLHC__sub_object(PinName, PinName) 0x00003679   Thumb Code     0  lsm303dlhc.o(i._ZN10LSM303DLHCC1E7PinNameS0_)
    mbed::FileHandle::flen()                 0x00003709   Thumb Code    80  retarget.o(i._ZN4mbed10FileHandle4flenEv)
    mbed::FileHandle::lock()                 0x00003759   Thumb Code     2  retarget.o(i._ZN4mbed10FileHandle4lockEv)
    mbed::FileHandle::unlock()               0x0000375b   Thumb Code     2  retarget.o(i._ZN4mbed10FileHandle6unlockEv)
    mbed::FileHandle::~FileHandle()          0x0000375d   Thumb Code     0  retarget.o(i._ZN4mbed10FileHandleD2Ev)
    mbed::FileHandle::~FileHandle__sub_object() 0x0000375d   Thumb Code   100  retarget.o(i._ZN4mbed10FileHandleD2Ev)
    mbed::SerialBase::_base_putc(int)        0x000037d5   Thumb Code    14  SerialBase.o(i._ZN4mbed10SerialBase10_base_putcEi)
    mbed::SerialBase::_irq_handler(unsigned, SerialIrq) 0x000037e5   Thumb Code    36  SerialBase.o(i._ZN4mbed10SerialBase12_irq_handlerEj9SerialIrq)
    mbed::SerialBase::baud(int)              0x00003811   Thumb Code    34  SerialBase.o(i._ZN4mbed10SerialBase4baudEi)
    mbed::SerialBase::lock()                 0x00003833   Thumb Code     2  SerialBase.o(i._ZN4mbed10SerialBase4lockEv)
    mbed::SerialBase::format(int, mbed::SerialBase::Parity, int) 0x00003835   Thumb Code    40  SerialBase.o(i._ZN4mbed10SerialBase6formatEiNS0_6ParityEi)
    mbed::SerialBase::unlock()               0x0000385d   Thumb Code     2  SerialBase.o(i._ZN4mbed10SerialBase6unlockEv)
    mbed::SerialBase::SerialBase(PinName, PinName, int) 0x00003861   Thumb Code   102  SerialBase.o(i._ZN4mbed10SerialBaseC1E7PinNameS1_i)
    mbed::SerialBase::SerialBase__sub_object(PinName, PinName, int) 0x00003861   Thumb Code     0  SerialBase.o(i._ZN4mbed10SerialBaseC1E7PinNameS1_i)
    mbed::InterruptIn::_irq_handler(unsigned, gpio_irq_event) 0x000038dd   Thumb Code    58  InterruptIn.o(i._ZN4mbed11InterruptIn12_irq_handlerEj14gpio_irq_event)
    mbed::InterruptIn::InterruptIn(PinName)  0x00003921   Thumb Code    86  InterruptIn.o(i._ZN4mbed11InterruptInC1E7PinName)
    mbed::InterruptIn::InterruptIn__sub_object(PinName) 0x00003921   Thumb Code     0  InterruptIn.o(i._ZN4mbed11InterruptInC1E7PinName)
    mbed::InterruptIn::~InterruptIn()        0x00003989   Thumb Code    50  InterruptIn.o(i._ZN4mbed11InterruptInD1Ev)
    mbed::InterruptIn::~InterruptIn__sub_object() 0x00003989   Thumb Code     0  InterruptIn.o(i._ZN4mbed11InterruptInD1Ev)
    mbed::mbed_set_unbuffered_stream(std::__FILE*) 0x000039c1   Thumb Code    10  retarget.o(i._ZN4mbed26mbed_set_unbuffered_streamEPSt6__FILE)
    mbed::I2C::lock()                        0x000039cd   Thumb Code    32  I2C.o(i._ZN4mbed3I2C4lockEv)
    mbed::I2C::read(int, char*, int, bool)   0x000039f9   Thumb Code    96  I2C.o(i._ZN4mbed3I2C4readEiPcib)
    mbed::I2C::write(int, const char*, int, bool) 0x00003a5d   Thumb Code    96  I2C.o(i._ZN4mbed3I2C5writeEiPKcib)
    mbed::I2C::unlock()                      0x00003ac1   Thumb Code    32  I2C.o(i._ZN4mbed3I2C6unlockEv)
    mbed::I2C::frequency(int)                0x00003aed   Thumb Code    38  I2C.o(i._ZN4mbed3I2C9frequencyEi)
    mbed::I2C::I2C(PinName, PinName)         0x00003b19   Thumb Code    30  I2C.o(i._ZN4mbed3I2CC1E7PinNameS1_)
    mbed::I2C::I2C__sub_object(PinName, PinName) 0x00003b19   Thumb Code     0  I2C.o(i._ZN4mbed3I2CC1E7PinNameS1_)
    mbed::SPI::lock()                        0x00003b45   Thumb Code    32  SPI.o(i._ZN4mbed3SPI4lockEv)
    mbed::SPI::write(int)                    0x00003b71   Thumb Code    82  SPI.o(i._ZN4mbed3SPI5writeEi)
    mbed::SPI::format(int, int)              0x00003bc9   Thumb Code    80  SPI.o(i._ZN4mbed3SPI6formatEii)
    mbed::SPI::unlock()                      0x00003c1d   Thumb Code    32  SPI.o(i._ZN4mbed3SPI6unlockEv)
    mbed::SPI::frequency(int)                0x00003c49   Thumb Code    76  SPI.o(i._ZN4mbed3SPI9frequencyEi)
    mbed::SPI::SPI(PinName, PinName, PinName, PinName) 0x00003c99   Thumb Code    82  SPI.o(i._ZN4mbed3SPIC1E7PinNameS1_S1_S1_)
    mbed::SPI::SPI__sub_object(PinName, PinName, PinName, PinName) 0x00003c99   Thumb Code     0  SPI.o(i._ZN4mbed3SPIC1E7PinNameS1_S1_S1_)
    mbed::Serial::lock()                     0x00003cf9   Thumb Code     2  Serial.o(i._ZN4mbed6Serial4lockEv)
    mbed::Serial::unlock()                   0x00003cfb   Thumb Code     2  Serial.o(i._ZN4mbed6Serial6unlockEv)
    mbed::Serial::Serial(PinName, PinName, const char*, int) 0x00003cfd   Thumb Code    34  Serial.o(i._ZN4mbed6SerialC1E7PinNameS1_PKci)
    mbed::Serial::Serial__sub_object(PinName, PinName, const char*, int) 0x00003cfd   Thumb Code     0  Serial.o(i._ZN4mbed6SerialC1E7PinNameS1_PKci)
    mbed::Serial::~Serial()                  0x00003d2d   Thumb Code    44  main.o(i._ZN4mbed6SerialD1Ev)
    mbed::Serial::~Serial__sub_object()      0x00003d2d   Thumb Code     0  main.o(i._ZN4mbed6SerialD1Ev)
    mbed::Stream::flen()                     0x00003d6d   Thumb Code     4  Stream.o(i._ZN4mbed6Stream4flenEv)
    mbed::Stream::close()                    0x00003d71   Thumb Code     4  Stream.o(i._ZN4mbed6Stream5closeEv)
    mbed::Stream::lseek(long, int)           0x00003d75   Thumb Code     4  Stream.o(i._ZN4mbed6Stream5lseekEli)
    mbed::Stream::write(const void*, unsigned) 0x00003d79   Thumb Code    54  Stream.o(i._ZN4mbed6Stream5writeEPKvj)
    mbed::Stream::isatty()                   0x00003daf   Thumb Code     4  Stream.o(i._ZN4mbed6Stream6isattyEv)
    mbed::Stream::printf(const char*, ...)   0x00003db3   Thumb Code    52  Stream.o(i._ZN4mbed6Stream6printfEPKcz)
    mbed::Stream::Stream__sub_object(const char*) 0x00003de9   Thumb Code    52  Stream.o(i._ZN4mbed6StreamC2EPKc)
    mbed::Stream::~Stream()                  0x00003e2d   Thumb Code     0  Stream.o(i._ZN4mbed6StreamD2Ev)
    mbed::Stream::~Stream__sub_object()      0x00003e2d   Thumb Code    26  Stream.o(i._ZN4mbed6StreamD2Ev)
    mbed::FileBase::getPathType()            0x00003e51   Thumb Code     4  FileBase.o(i._ZN4mbed8FileBase11getPathTypeEv)
    mbed::FileBase::lookup(const char*, unsigned) 0x00003e55   Thumb Code    96  FileBase.o(i._ZN4mbed8FileBase6lookupEPKcj)
    mbed::FileBase::FileBase(const char*, mbed::PathType) 0x00003ec5   Thumb Code    50  FileBase.o(i._ZN4mbed8FileBaseC1EPKcNS_8PathTypeE)
    mbed::FileBase::FileBase__sub_object(const char*, mbed::PathType) 0x00003ec5   Thumb Code     0  FileBase.o(i._ZN4mbed8FileBaseC1EPKcNS_8PathTypeE)
    mbed::FileBase::~FileBase()              0x00003f05   Thumb Code    62  FileBase.o(i._ZN4mbed8FileBaseD1Ev)
    mbed::FileBase::~FileBase__sub_object()  0x00003f05   Thumb Code     0  FileBase.o(i._ZN4mbed8FileBaseD1Ev)
    mbed::FileLike::FileLike__sub_object(const char*) 0x00003f51   Thumb Code    24  FileLike.o(i._ZN4mbed8FileLikeC2EPKc)
    mbed::FileLike::~FileLike()              0x00003f75   Thumb Code     0  FileLike.o(i._ZN4mbed8FileLikeD2Ev)
    mbed::FileLike::~FileLike__sub_object()  0x00003f75   Thumb Code    16  FileLike.o(i._ZN4mbed8FileLikeD2Ev)
    mbed::FilePath::fileSystem()             0x00003f85   Thumb Code    26  FilePath.o(i._ZN4mbed8FilePath10fileSystemEv)
    mbed::FilePath::file()                   0x00003f9f   Thumb Code    32  FilePath.o(i._ZN4mbed8FilePath4fileEv)
    mbed::FilePath::exists()                 0x00003fbf   Thumb Code    10  FilePath.o(i._ZN4mbed8FilePath6existsEv)
    mbed::FilePath::isFile()                 0x00003fc9   Thumb Code    24  FilePath.o(i._ZN4mbed8FilePath6isFileEv)
    mbed::FilePath::fileName()               0x00003fe1   Thumb Code     4  FilePath.o(i._ZN4mbed8FilePath8fileNameEv)
    mbed::FilePath::FilePath(const char*)    0x00003fe5   Thumb Code    68  FilePath.o(i._ZN4mbed8FilePathC1EPKc)
    mbed::FilePath::FilePath__sub_object(const char*) 0x00003fe5   Thumb Code     0  FilePath.o(i._ZN4mbed8FilePathC1EPKc)
    nRF24L01P::getRegister(int)              0x0000402d   Thumb Code    82  nrf24l01p.o(i._ZN9nRF24L01P11getRegisterEi)
    nRF24L01P::setRegister(int, int)         0x00004089   Thumb Code   190  nrf24l01p.o(i._ZN9nRF24L01P11setRegisterEii)
    nRF24L01P::setRxAddress(unsigned long long, int, int) 0x00004151   Thumb Code   234  nrf24l01p.o(i._ZN9nRF24L01P12setRxAddressEyii)
    nRF24L01P::setTxAddress(unsigned long long, int) 0x000042ad   Thumb Code   172  nrf24l01p.o(i._ZN9nRF24L01P12setTxAddressEyi)
    nRF24L01P::disable()                     0x00004395   Thumb Code    32  nrf24l01p.o(i._ZN9nRF24L01P7disableEv)
    nRF24L01P::nRF24L01P(PinName, PinName, PinName, PinName, PinName, PinName) 0x0000440d   Thumb Code   340  nrf24l01p.o(i._ZN9nRF24L01PC1E7PinNameS0_S0_S0_S0_S0_)
    nRF24L01P::nRF24L01P__sub_object(PinName, PinName, PinName, PinName, PinName, PinName) 0x0000440d   Thumb Code     0  nrf24l01p.o(i._ZN9nRF24L01PC1E7PinNameS0_S0_S0_S0_S0_)
    nRF24L01P::~nRF24L01P()                  0x00004575   Thumb Code    12  main.o(i._ZN9nRF24L01PD1Ev)
    nRF24L01P::~nRF24L01P__sub_object()      0x00004575   Thumb Code     0  main.o(i._ZN9nRF24L01PD1Ev)
    thunk{-48} to mbed::Serial::lock()       0x00004581   Thumb Code     2  Serial.o(i._ZThn48_N4mbed6Serial4lockEv)
    thunk{-48} to mbed::Serial::_putc(int)   0x00004583   Thumb Code    10  Serial.o(i._ZThn48_N4mbed6Serial5_putcEi)
    thunk{-48} to mbed::Serial::unlock()     0x0000458d   Thumb Code     2  Serial.o(i._ZThn48_N4mbed6Serial6unlockEv)
    __ARM_common_ll_muluu                    0x0000458f   Thumb Code    48  btod.o(i.__ARM_common_ll_muluu)
    __ARM_fpclassify                         0x000045c1   Thumb Code    40  fpclassify.o(i.__ARM_fpclassify)
    __aeabi_atexit                           0x000045ed   Thumb Code     4  retarget.o(i.__aeabi_atexit)
    __aeabi_vec_ctor_nocookie_nodtor         0x000045f1   Thumb Code    34  aeabi_vec_ctor_nocookie_nodtor.o(i.__aeabi_vec_ctor_nocookie_nodtor)
    __cxa_pure_virtual                       0x00004613   Thumb Code    10  pure_virt.o(i.__cxa_pure_virtual)
    __user_setup_stackheap                   0x000046b5   Thumb Code    10  sys.o(i.__user_setup_stackheap)
    _is_digit                                0x000046c5   Thumb Code    14  __printf_wp.o(i._is_digit)
    _platform_post_stackheap_init            0x000046d3   Thumb Code     8  retarget.o(i._platform_post_stackheap_init)
    _sys_close                               0x000046dd   Thumb Code    38  retarget.o(i._sys_close)
    _sys_flen                                0x00004709   Thumb Code    34  retarget.o(i._sys_flen)
    _sys_istty                               0x00004731   Thumb Code    34  retarget.o(i._sys_istty)
    _sys_open                                0x00004759   Thumb Code   418  retarget.o(i._sys_open)
    _sys_seek                                0x00004925   Thumb Code    36  retarget.o(i._sys_seek)
    _sys_write                               0x0000494d   Thumb Code    94  retarget.o(i._sys_write)
    core_util_critical_section_enter         0x000049b9   Thumb Code    72  mbed_critical.o(i.core_util_critical_section_enter)
    core_util_critical_section_exit          0x00004a45   Thumb Code    58  mbed_critical.o(i.core_util_critical_section_exit)
    error                                    0x00004a9d   Thumb Code    18  mbed_error.o(i.error)
    exit                                     0x00004ab1   Thumb Code    36  retarget.o(i.exit)
    floor                                    0x00004add   Thumb Code   180  floor.o(i.floor)
    fputc                                    0x00004ba5   Thumb Code    30  fputc.o(i.fputc)
    gpio_dir                                 0x00004bc5   Thumb Code    54  gpio_api.o(i.gpio_dir)
    gpio_init                                0x00004c19   Thumb Code    92  gpio_api.o(i.gpio_init)
    gpio_init_in                             0x00004c85   Thumb Code    34  mbed_gpio.o(i.gpio_init_in)
    gpio_init_out                            0x00004ca9   Thumb Code    56  mbed_gpio.o(i.gpio_init_out)
    gpio_init_out_ex                         0x00004ce9   Thumb Code    66  mbed_gpio.o(i.gpio_init_out_ex)
    gpio_irq0                                0x00004d49   Thumb Code    10  gpio_irq_api.o(i.gpio_irq0)
    gpio_irq1                                0x00004d53   Thumb Code    10  gpio_irq_api.o(i.gpio_irq1)
    gpio_irq2                                0x00004d5d   Thumb Code    10  gpio_irq_api.o(i.gpio_irq2)
    gpio_irq3                                0x00004d67   Thumb Code    10  gpio_irq_api.o(i.gpio_irq3)
    gpio_irq4                                0x00004d71   Thumb Code    10  gpio_irq_api.o(i.gpio_irq4)
    gpio_irq5                                0x00004d7b   Thumb Code    10  gpio_irq_api.o(i.gpio_irq5)
    gpio_irq6                                0x00004d85   Thumb Code    10  gpio_irq_api.o(i.gpio_irq6)
    gpio_irq7                                0x00004d8f   Thumb Code    10  gpio_irq_api.o(i.gpio_irq7)
    gpio_irq_free                            0x00004d99   Thumb Code    26  gpio_irq_api.o(i.gpio_irq_free)
    gpio_irq_init                            0x00004dbd   Thumb Code   172  gpio_irq_api.o(i.gpio_irq_init)
    gpio_mode                                0x00004ea5   Thumb Code    14  gpio_api.o(i.gpio_mode)
    i2c_frequency                            0x00004f11   Thumb Code    24  i2c_api.o(i.i2c_frequency)
    i2c_init                                 0x00004f2d   Thumb Code   118  i2c_api.o(i.i2c_init)
    i2c_read                                 0x00004fd5   Thumb Code   250  i2c_api.o(i.i2c_read)
    i2c_start                                0x000050d5   Thumb Code    62  i2c_api.o(i.i2c_start)
    i2c_stop                                 0x00005119   Thumb Code    46  i2c_api.o(i.i2c_stop)
    i2c_write                                0x0000514d   Thumb Code   170  i2c_api.o(i.i2c_write)
    $Super$$main                             0x000051fd   Thumb Code   150  main.o(i.main)
    mbed_assert_internal                     0x000052e9   Thumb Code    30  mbed_assert.o(i.mbed_assert_internal)
    mbed_die                                 0x0000533d   Thumb Code   260  mbed_board.o(i.mbed_die)
    mbed_error_printf                        0x0000545d   Thumb Code    78  mbed_board.o(i.mbed_error_printf)
    mbed_error_vfprintf                      0x000054b5   Thumb Code    70  mbed_board.o(i.mbed_error_vfprintf)
    mbed_interface_connected                 0x00005505   Thumb Code     8  mbed_interface.o(i.mbed_interface_connected)
    mbed_main                                0x0000550d   Thumb Code     2  retarget.o(i.mbed_main)
    mbed_sdk_init                            0x0000550f   Thumb Code     2  retarget.o(i.mbed_sdk_init)
    pin_function                             0x00005511   Thumb Code    48  pinmap.o(i.pin_function)
    pin_mode                                 0x00005561   Thumb Code    64  pinmap.o(i.pin_mode)
    pinmap_merge                             0x000055c1   Thumb Code    30  mbed_pinmap_common.o(i.pinmap_merge)
    pinmap_peripheral                        0x000055f5   Thumb Code    60  mbed_pinmap_common.o(i.pinmap_peripheral)
    pinmap_pinout                            0x00005651   Thumb Code    62  mbed_pinmap_common.o(i.pinmap_pinout)
    semihost_connected                       0x000056a5   Thumb Code     6  mbed_semihost_api.o(i.semihost_connected)
    semihost_exit                            0x000056b1   Thumb Code    12  mbed_semihost_api.o(i.semihost_exit)
    serial_baud                              0x000056bd   Thumb Code   272  serial_api.o(i.serial_baud)
    serial_format                            0x000057d5   Thumb Code   142  serial_api.o(i.serial_format)
    serial_init                              0x000058b9   Thumb Code   168  serial_api.o(i.serial_init)
    serial_irq_handler                       0x0000598d   Thumb Code    14  serial_api.o(i.serial_irq_handler)
    serial_putc                              0x000059a1   Thumb Code    14  serial_api.o(i.serial_putc)
    spi_format                               0x000059b1   Thumb Code   124  spi_api.o(i.spi_format)
    spi_frequency                            0x00005a69   Thumb Code   136  spi_api.o(i.spi_frequency)
    spi_init                                 0x00005b21   Thumb Code   196  spi_api.o(i.spi_init)
    spi_master_write                         0x00005c19   Thumb Code    30  spi_api.o(i.spi_master_write)
    ticker_irq_handler                       0x00005c37   Thumb Code    74  mbed_ticker_api.o(i.ticker_irq_handler)
    us_ticker_clear_interrupt                0x00005c81   Thumb Code     8  us_ticker.o(i.us_ticker_clear_interrupt)
    us_ticker_disable_interrupt              0x00005c8d   Thumb Code    12  us_ticker.o(i.us_ticker_disable_interrupt)
    us_ticker_init                           0x00005c9d   Thumb Code    64  us_ticker.o(i.us_ticker_init)
    us_ticker_irq_handler                    0x00005cf9   Thumb Code    10  mbed_us_ticker_api.o(i.us_ticker_irq_handler)
    us_ticker_read                           0x00005d09   Thumb Code    64  us_ticker.o(i.us_ticker_read)
    us_ticker_set_interrupt                  0x00005d65   Thumb Code    14  us_ticker.o(i.us_ticker_set_interrupt)
    wait                                     0x00005d79   Thumb Code    32  mbed_wait_api_no_rtos.o(i.wait)
    wait_ms                                  0x00005d9d   Thumb Code    28  mbed_wait_api_no_rtos.o(i.wait_ms)
    wait_us                                  0x00005db9   Thumb Code    22  mbed_wait_api_no_rtos.o(i.wait_us)
    _get_lc_numeric                          0x00005dd1   Thumb Code    44  lc_numeric_c.o(locale$$code)
    _get_lc_ctype                            0x00005dfd   Thumb Code    44  lc_ctype_c.o(locale$$code)
    SingletonPtr<PlatformMutex>::operator ->() 0x00005e29   Thumb Code    36  FileBase.o(t._ZN12SingletonPtrI13PlatformMutexEptEv)
    void mbed::Callback<void()>::function_call<void(*)()>(const void*) 0x00005e55   Thumb Code     4  InterruptIn.o(t._ZN4mbed8CallbackIFvvEE13function_callIPS1_EEvPKv)
    void mbed::Callback<void()>::function_dtor<void(*)()>(void*) 0x00005e59   Thumb Code     2  InterruptIn.o(t._ZN4mbed8CallbackIFvvEE13function_dtorIPS1_EEvPv)
    void mbed::Callback<void()>::function_move<void(*)()>(void*, const void*) 0x00005e5b   Thumb Code    10  InterruptIn.o(t._ZN4mbed8CallbackIFvvEE13function_moveIPS1_EEvPvPKv)
    mbed::Callback<void()>::~Callback()      0x00005e65   Thumb Code    20  main.o(t._ZN4mbed8CallbackIFvvEED1Ev)
    mbed::Callback<void()>::~Callback__sub_object() 0x00005e65   Thumb Code     0  main.o(t._ZN4mbed8CallbackIFvvEED1Ev)
    __aeabi_cdrcmple                         0x00005e79   Thumb Code     0  drlef.o(x$fpl$drleqf)
    _drcmple                                 0x00005e79   Thumb Code   100  drlef.o(x$fpl$drleqf)
    __aeabi_fadd                             0x00005ee1   Thumb Code     0  faddsub.o(x$fpl$fadd)
    _fadd                                    0x00005ee1   Thumb Code   134  faddsub.o(x$fpl$fadd)
    __aeabi_fmul                             0x00005f6d   Thumb Code     0  fmul.o(x$fpl$fmul)
    _fmul                                    0x00005f6d   Thumb Code   172  fmul.o(x$fpl$fmul)
    __aeabi_fsub                             0x0000601d   Thumb Code     0  faddsub.o(x$fpl$fsub)
    _fsub                                    0x0000601d   Thumb Code   204  faddsub.o(x$fpl$fsub)
    _printf_fp_dec                           0x000060ed   Thumb Code    16  printf1.o(x$fpl$printf1)
    _printf_fp_hex                           0x000060fd   Thumb Code    16  printf2.o(x$fpl$printf2)
    PinMap_I2C_SDA                           0x0000610c   Data          24  PeripheralPins.o(.constdata)
    __I$use$fp                               0x0000610c   Number         0  usenofp.o(x$fpl$usenofp)
    PinMap_I2C_SCL                           0x00006124   Data          24  PeripheralPins.o(.constdata)
    PinMap_UART_TX                           0x0000613c   Data          48  PeripheralPins.o(.constdata)
    PinMap_UART_RX                           0x0000616c   Data          48  PeripheralPins.o(.constdata)
    PinMap_SPI_SCLK                          0x0000619c   Data          72  PeripheralPins.o(.constdata)
    PinMap_SPI_MOSI                          0x000061e4   Data          48  PeripheralPins.o(.constdata)
    PinMap_SPI_MISO                          0x00006214   Data          48  PeripheralPins.o(.constdata)
    PinMap_SPI_SSEL                          0x00006244   Data          48  PeripheralPins.o(.constdata)
    __stdin_name                             0x00006274   Data           7  retarget.o(.constdata)
    __stdout_name                            0x0000627b   Data           8  retarget.o(.constdata)
    __stderr_name                            0x00006283   Data           8  retarget.o(.constdata)
    vtable for mbed::FileHandle              0x000063e8   Data          52  retarget.o(.constdata__ZTVN4mbed10FileHandleE)
    vtable for mbed::SerialBase              0x0000641c   Data          24  SerialBase.o(.constdata__ZTVN4mbed10SerialBaseE)
    vtable for mbed::InterruptIn             0x00006434   Data          16  InterruptIn.o(.constdata__ZTVN4mbed11InterruptInE)
    vtable for mbed::I2C                     0x00006444   Data          24  I2C.o(.constdata__ZTVN4mbed3I2CE)
    vtable for mbed::SPI                     0x0000645c   Data          28  SPI.o(.constdata__ZTVN4mbed3SPIE)
    vtable for mbed::Serial                  0x00006478   Data         108  Serial.o(.constdata__ZTVN4mbed6SerialE)
    vtable for mbed::Stream                  0x000064e4   Data          76  Stream.o(.constdata__ZTVN4mbed6StreamE)
    vtable for mbed::FileBase                0x00006530   Data          16  FileBase.o(.constdata__ZTVN4mbed8FileBaseE)
    vtable for mbed::FileLike                0x00006540   Data          68  FileLike.o(.constdata__ZTVN4mbed8FileLikeE)
    SingletonPtr<PlatformMutex>::get()::string 0x00006584   Data          20  retarget.o(.constdata__ZZN12SingletonPtrI13PlatformMutexE3getEvEs)
    SingletonPtr<PlatformMutex>::get()::string (instance 2) 0x00006598   Data          77  retarget.o(.constdata__ZZN12SingletonPtrI13PlatformMutexE3getEvEs_0)
    void mbed::Callback<void()>::generate<void(*)()>(const T1&)::ops 0x000065e8   Data          12  InterruptIn.o(.constdata__ZZN4mbed8CallbackIFvvEE8generateIPS1_EEvRKT_E3ops)
    mbed::Callback<void()>::call() const::string 0x000065f4   Data           5  InterruptIn.o(.constdata__ZZNK4mbed8CallbackIFvvEE4callEvEs)
    mbed::Callback<void()>::call() const::string (instance 2) 0x000065f9   Data          73  InterruptIn.o(.constdata__ZZNK4mbed8CallbackIFvvEE4callEvEs_0)
    Region$$Table$$Base                      0x00006938   Number         0  anon$$obj.o(Region$$Table)
    Region$$Table$$Limit                     0x00006958   Number         0  anon$$obj.o(Region$$Table)
    __ctype                                  0x00006981   Data           0  lc_ctype_c.o(locale$$data)
    SHT$$INIT_ARRAY$$Base                    0x00006a84   Number         0  main.o(.init_array)
    SHT$$INIT_ARRAY$$Limit                   0x00006a88   Number         0  init_aeabi.o(.init_array)
    stdio_uart_inited                        0x100000d4   Data           4  serial_api.o(.data)
    stdio_uart                               0x100000dc   Data           8  serial_api.o(.data)
    SystemCoreClock                          0x100000e4   Data           4  system_LPC11Uxx.o(.data)
    us_ticker_inited                         0x100000e8   Data           4  us_ticker.o(.data)
    mbed::I2C::_owner                        0x100000ec   Data           4  I2C.o(.data)
    mbed::I2C::_mutex                        0x100000f0   Data           8  I2C.o(.data)
    mbed::SPI::_owner                        0x100000f8   Data           4  SPI.o(.data)
    mbed::SPI::_mutex                        0x100000fc   Data           8  SPI.o(.data)
    mbed::FileBase::_head                    0x10000118   Data           4  FileBase.o(.data)
    mbed::FileBase::_mutex                   0x1000011c   Data           8  FileBase.o(.data)
    __aeabi_stdin                            0x10000124   Data           4  stdio_streams.o(.data)
    __aeabi_stdout                           0x10000128   Data           4  stdio_streams.o(.data)
    __aeabi_stderr                           0x1000012c   Data           4  stdio_streams.o(.data)
    my_nrf24l01p                             0x10000134   Data         136  main.o(.bss)
    pc                                       0x100001bc   Data          76  main.o(.bss)
    compass                                  0x10000208   Data          36  main.o(.bss)
    myled1                                   0x1000022c   Data          24  main.o(.bss)
    myled2                                   0x10000244   Data          24  main.o(.bss)
    __stdin                                  0x100002bc   Data          84  stdio_streams.o(.bss)
    __stdout                                 0x10000310   Data          84  stdio_streams.o(.bss)
    __stderr                                 0x10000364   Data          84  stdio_streams.o(.bss)
    Image$$RW_IRAM1$$ZI$$Limit               0x100003d4   Number         0  anon$$obj.o ABSOLUTE



==============================================================================

Memory Map of the image

  Image Entry point : 0x00000201

  Load Region LR_IROM1 (Base: 0x00000000, Size: 0x00006afc, Max: 0x00008000, ABSOLUTE)

    Execution Region ER_IROM1 (Base: 0x00000000, Size: 0x00006a88, Max: 0x00008000, ABSOLUTE)

    Base Addr    Size         Type   Attr      Idx    E Section Name        Object

    0x00000000   0x00000200   Data   RO         1122    RESET               startup_LPC11xx.o
    0x00000200   0x00000008   Code   RO         2005  * !!!main             c_p.l(__main.o)
    0x00000208   0x0000003c   Code   RO         2689    !!!scatter          c_p.l(__scatter.o)
    0x00000244   0x0000001a   Code   RO         2691    !!handler_copy      c_p.l(__scatter_copy.o)
    0x0000025e   0x00000002   PAD
    0x00000260   0x0000001c   Code   RO         2693    !!handler_zi        c_p.l(__scatter_zi.o)
    0x0000027c   0x00000002   Code   RO         2572    .ARM.Collect$$libinit$$00000000  c_p.l(libinit.o)
    0x0000027e   0x00000000   Code   RO         2292    .ARM.Collect$$libinit$$00000002  c_p.l(libinit2.o)
    0x0000027e   0x00000000   Code   RO         2294    .ARM.Collect$$libinit$$00000004  c_p.l(libinit2.o)
    0x0000027e   0x00000008   Code   RO         2295    .ARM.Collect$$libinit$$00000005  c_p.l(libinit2.o)
    0x00000286   0x00000000   Code   RO         2297    .ARM.Collect$$libinit$$0000000A  c_p.l(libinit2.o)
    0x00000286   0x00000000   Code   RO         2299    .ARM.Collect$$libinit$$0000000C  c_p.l(libinit2.o)
    0x00000286   0x00000000   Code   RO         2301    .ARM.Collect$$libinit$$0000000E  c_p.l(libinit2.o)
    0x00000286   0x00000006   Code   RO         2302    .ARM.Collect$$libinit$$0000000F  c_p.l(libinit2.o)
    0x0000028c   0x00000000   Code   RO         2304    .ARM.Collect$$libinit$$00000011  c_p.l(libinit2.o)
    0x0000028c   0x0000000c   Code   RO         2305    .ARM.Collect$$libinit$$00000012  c_p.l(libinit2.o)
    0x00000298   0x00000000   Code   RO         2306    .ARM.Collect$$libinit$$00000013  c_p.l(libinit2.o)
    0x00000298   0x00000000   Code   RO         2308    .ARM.Collect$$libinit$$00000015  c_p.l(libinit2.o)
    0x00000298   0x0000000a   Code   RO         2309    .ARM.Collect$$libinit$$00000016  c_p.l(libinit2.o)
    0x000002a2   0x00000000   Code   RO         2310    .ARM.Collect$$libinit$$00000017  c_p.l(libinit2.o)
    0x000002a2   0x00000000   Code   RO         2312    .ARM.Collect$$libinit$$00000019  c_p.l(libinit2.o)
    0x000002a2   0x00000000   Code   RO         2314    .ARM.Collect$$libinit$$0000001B  c_p.l(libinit2.o)
    0x000002a2   0x00000000   Code   RO         2316    .ARM.Collect$$libinit$$0000001D  c_p.l(libinit2.o)
    0x000002a2   0x00000000   Code   RO         2318    .ARM.Collect$$libinit$$0000001F  c_p.l(libinit2.o)
    0x000002a2   0x00000000   Code   RO         2320    .ARM.Collect$$libinit$$00000021  c_p.l(libinit2.o)
    0x000002a2   0x00000000   Code   RO         2322    .ARM.Collect$$libinit$$00000023  c_p.l(libinit2.o)
    0x000002a2   0x00000004   Code   RO         2323    .ARM.Collect$$libinit$$00000024  c_p.l(libinit2.o)
    0x000002a6   0x00000000   Code   RO         2324    .ARM.Collect$$libinit$$00000025  c_p.l(libinit2.o)
    0x000002a6   0x00000000   Code   RO         2328    .ARM.Collect$$libinit$$0000002C  c_p.l(libinit2.o)
    0x000002a6   0x00000000   Code   RO         2330    .ARM.Collect$$libinit$$0000002E  c_p.l(libinit2.o)
    0x000002a6   0x00000000   Code   RO         2332    .ARM.Collect$$libinit$$00000030  c_p.l(libinit2.o)
    0x000002a6   0x00000004   Code   RO         2333    .ARM.Collect$$libinit$$00000031  c_p.l(libinit2.o)
    0x000002aa   0x00000000   Code   RO         2334    .ARM.Collect$$libinit$$00000032  c_p.l(libinit2.o)
    0x000002aa   0x00000002   Code   RO         2335    .ARM.Collect$$libinit$$00000033  c_p.l(libinit2.o)
    0x000002ac   0x00000000   Code   RO         2482    .ARM.Collect$$libshutdown$$00000004  c_p.l(libshutdown2.o)
    0x000002ac   0x00000000   Code   RO         2157    .ARM.Collect$$rtentry$$00000000  c_p.l(__rtentry.o)
    0x000002ac   0x00000000   Code   RO         2375    .ARM.Collect$$rtentry$$00000002  c_p.l(__rtentry2.o)
    0x000002ac   0x00000006   Code   RO         2387    .ARM.Collect$$rtentry$$00000004  c_p.l(__rtentry4.o)
    0x000002b2   0x00000008   Code   RO         2376    .ARM.Collect$$rtentry$$00000008  c_p.l(__rtentry2.o)
    0x000002ba   0x00000004   Code   RO         2378    .ARM.Collect$$rtentry$$0000000A  c_p.l(__rtentry2.o)
    0x000002be   0x00000000   Code   RO         2380    .ARM.Collect$$rtentry$$0000000C  c_p.l(__rtentry2.o)
    0x000002be   0x00000008   Code   RO         2381    .ARM.Collect$$rtentry$$0000000D  c_p.l(__rtentry2.o)
    0x000002c6   0x00000002   PAD
    0x000002c8   0x00000000   Code   RO         2395    .emb_text           c_p.l(maybetermalloc1.o)
    0x000002c8   0x00000024   Code   RO         1124    .text               startup_LPC11xx.o
    0x000002ec   0x0000000e   Code   RO         1898    .text               c_p.l(c89vfprintf.o)
    0x000002fa   0x00000002   Code   RO         2608    .text               c_p.l(use_no_semi.o)
    0x000002fc   0x00000004   Code   RO         1123    .ARM.__at_0x02FC    startup_LPC11xx.o
    0x00000300   0x00000002   Code   RO         1948    .ARM.Collect$$_printf_percent$$00000000  c_p.l(_printf_percent.o)
    0x00000302   0x0000000a   Code   RO         2222    .ARM.Collect$$_printf_percent$$00000001  c_p.l(_printf_n.o)
    0x0000030c   0x0000000a   Code   RO         1947    .ARM.Collect$$_printf_percent$$00000002  c_p.l(_printf_p.o)
    0x00000316   0x0000000a   Code   RO         2228    .ARM.Collect$$_printf_percent$$00000003  c_p.l(_printf_f.o)
    0x00000320   0x0000000a   Code   RO         2229    .ARM.Collect$$_printf_percent$$00000004  c_p.l(_printf_e.o)
    0x0000032a   0x0000000a   Code   RO         2230    .ARM.Collect$$_printf_percent$$00000005  c_p.l(_printf_g.o)
    0x00000334   0x0000000a   Code   RO         2231    .ARM.Collect$$_printf_percent$$00000006  c_p.l(_printf_a.o)
    0x0000033e   0x0000000a   Code   RO         2236    .ARM.Collect$$_printf_percent$$00000007  c_p.l(_printf_ll.o)
    0x00000348   0x0000000a   Code   RO         2225    .ARM.Collect$$_printf_percent$$00000008  c_p.l(_printf_i.o)
    0x00000352   0x0000000a   Code   RO         2226    .ARM.Collect$$_printf_percent$$00000009  c_p.l(_printf_d.o)
    0x0000035c   0x0000000a   Code   RO         2227    .ARM.Collect$$_printf_percent$$0000000A  c_p.l(_printf_u.o)
    0x00000366   0x0000000a   Code   RO         2224    .ARM.Collect$$_printf_percent$$0000000B  c_p.l(_printf_o.o)
    0x00000370   0x0000000a   Code   RO         2223    .ARM.Collect$$_printf_percent$$0000000C  c_p.l(_printf_x.o)
    0x0000037a   0x0000000a   Code   RO         2233    .ARM.Collect$$_printf_percent$$0000000D  c_p.l(_printf_lli.o)
    0x00000384   0x0000000a   Code   RO         2234    .ARM.Collect$$_printf_percent$$0000000E  c_p.l(_printf_lld.o)
    0x0000038e   0x0000000a   Code   RO         2235    .ARM.Collect$$_printf_percent$$0000000F  c_p.l(_printf_llu.o)
    0x00000398   0x0000000a   Code   RO         2240    .ARM.Collect$$_printf_percent$$00000010  c_p.l(_printf_llo.o)
    0x000003a2   0x0000000a   Code   RO         2241    .ARM.Collect$$_printf_percent$$00000011  c_p.l(_printf_llx.o)
    0x000003ac   0x0000000a   Code   RO         2237    .ARM.Collect$$_printf_percent$$00000012  c_p.l(_printf_l.o)
    0x000003b6   0x0000000a   Code   RO         2220    .ARM.Collect$$_printf_percent$$00000013  c_p.l(_printf_c.o)
    0x000003c0   0x0000000a   Code   RO         2221    .ARM.Collect$$_printf_percent$$00000014  c_p.l(_printf_s.o)
    0x000003ca   0x0000000a   Code   RO         2238    .ARM.Collect$$_printf_percent$$00000015  c_p.l(_printf_lc.o)
    0x000003d4   0x0000000a   Code   RO         2239    .ARM.Collect$$_printf_percent$$00000016  c_p.l(_printf_ls.o)
    0x000003de   0x00000004   Code   RO         2232    .ARM.Collect$$_printf_percent$$00000017  c_p.l(_printf_percent_end.o)
    0x000003e2   0x00000062   Code   RO         1832    .text               c_p.l(h1_alloc.o)
    0x00000444   0x0000004c   Code   RO         1834    .text               c_p.l(h1_free.o)
    0x00000490   0x00000024   Code   RO         1896    .text               c_p.l(vsprintf.o)
    0x000004b4   0x0000002c   Code   RO         1900    .text               c_p.l(__2sprintf.o)
    0x000004e0   0x00000098   Code   RO         1924    .text               c_p.l(_printf_hex_int_ll_ptr.o)
    0x00000578   0x00000188   Code   RO         1944    .text               c_p.l(__printf_flags_ss_wp.o)
    0x00000700   0x00000040   Code   RO         1951    .text               c_p.l(__0sscanf.o)
    0x00000740   0x0000014a   Code   RO         1953    .text               c_p.l(_scanf_int.o)
    0x0000088a   0x00000002   PAD
    0x0000088c   0x00000068   Code   RO         1955    .text               c_p.l(fflush.o)
    0x000008f4   0x000000e8   Code   RO         1969    .text               c_p.l(fopen.o)
    0x000009dc   0x0000001a   Code   RO         1971    .text               c_p.l(setbuf.o)
    0x000009f6   0x00000002   PAD
    0x000009f8   0x0000004c   Code   RO         1979    .text               c_p.l(fclose.o)
    0x00000a44   0x00000044   Code   RO         1991    .text               c_p.l(strlen.o)
    0x00000a88   0x000000a0   Code   RO         1993    .text               c_p.l(strncmp.o)
    0x00000b28   0x00000040   Code   RO         1995    .text               c_p.l(rt_memclr.o)
    0x00000b68   0x000000a0   Code   RO         1999    .text               c_p.l(strcmpv6m.o)
    0x00000c08   0x000001e8   Code   RO         2001    .text               c_p.l(aeabi_sdivfast.o)
    0x00000df0   0x00000024   Code   RO         2010    .text               c_p.l(init_aeabi.o)
    0x00000e14   0x00000022   Code   RO         2125    .text               cpprt_p.l(aeabi_vec_dtor_noexceptions.o)
    0x00000e36   0x00000002   PAD
    0x00000e38   0x0000006c   Code   RO         2128    .text               fz_ps.l(dfixi.o)
    0x00000ea4   0x00000054   Code   RO         2130    .text               fz_ps.l(f2d.o)
    0x00000ef8   0x00000160   Code   RO         2138    .text               fz_ps.l(fdiv.o)
    0x00001058   0x0000004c   Code   RO         2141    .text               fz_ps.l(ffixi.o)
    0x000010a4   0x0000005e   Code   RO         2145    .text               fz_ps.l(fflti.o)
    0x00001102   0x00000002   PAD
    0x00001104   0x00000044   Code   RO         2149    .text               fz_ps.l(fscalbn.o)
    0x00001148   0x00000008   Code   RO         2166    .text               c_p.l(rt_heap_descriptor.o)
    0x00001150   0x00000004   Code   RO         2171    .text               c_p.l(hguard.o)
    0x00001154   0x00000088   Code   RO         2173    .text               c_p.l(init_alloc.o)
    0x000011dc   0x0000000e   Code   RO         2177    .text               c_p.l(h1_init.o)
    0x000011ea   0x0000004e   Code   RO         2191    .text               c_p.l(_printf_pad.o)
    0x00001238   0x00000024   Code   RO         2193    .text               c_p.l(_printf_truncate.o)
    0x0000125c   0x00000052   Code   RO         2195    .text               c_p.l(_printf_str.o)
    0x000012ae   0x000000b0   Code   RO         2197    .text               c_p.l(_printf_intcommon.o)
    0x0000135e   0x00000002   PAD
    0x00001360   0x0000006c   Code   RO         2199    .text               c_p.l(_printf_dec.o)
    0x000013cc   0x00000026   Code   RO         2201    .text               c_p.l(_printf_charcount.o)
    0x000013f2   0x00000002   PAD
    0x000013f4   0x00000030   Code   RO         2203    .text               c_p.l(_printf_char_common.o)
    0x00001424   0x0000000a   Code   RO         2205    .text               c_p.l(_sputc.o)
    0x0000142e   0x00000002   PAD
    0x00001430   0x00000028   Code   RO         2207    .text               c_p.l(_printf_char_file.o)
    0x00001458   0x000000bc   Code   RO         2209    .text               c_p.l(_printf_wctomb.o)
    0x00001514   0x00000070   Code   RO         2212    .text               c_p.l(_printf_longlong_dec.o)
    0x00001584   0x00000070   Code   RO         2218    .text               c_p.l(_printf_oct_int_ll.o)
    0x000015f4   0x0000001e   Code   RO         2242    .text               c_p.l(_chval.o)
    0x00001612   0x00000002   PAD
    0x00001614   0x00000030   Code   RO         2248    .text               c_p.l(scanf_char.o)
    0x00001644   0x00000044   Code   RO         2250    .text               c_p.l(_sgetc.o)
    0x00001688   0x00000008   Code   RO         2260    .text               c_p.l(ferror.o)
    0x00001690   0x000001f0   Code   RO         2264    .text               c_p.l(flsbuf.o)
    0x00001880   0x000000f4   Code   RO         2266    .text               c_p.l(fseek.o)
    0x00001974   0x0000004c   Code   RO         2268    .text               c_p.l(setvbuf.o)
    0x000019c0   0x000000f0   Code   RO         2270    .text               c_p.l(stdio.o)
    0x00001ab0   0x0000013c   Code   RO         2273    .text               c_p.l(initio.o)
    0x00001bec   0x0000000c   Code   RO         2281    .text               c_p.l(defsig_pvfn_outer.o)
    0x00001bf8   0x00000358   Code   RO         2356    .text               fz_ps.l(daddsub.o)
    0x00001f50   0x00000034   Code   RO         2397    .text               c_p.l(h1_extend.o)
    0x00001f84   0x0000007a   Code   RO         2401    .text               c_p.l(lludiv10.o)
    0x00001ffe   0x00000012   Code   RO         2403    .text               c_p.l(isspace.o)
    0x00002010   0x00000414   Code   RO         2405    .text               c_p.l(_printf_fp_dec.o)
    0x00002424   0x000002d8   Code   RO         2407    .text               c_p.l(_printf_fp_hex.o)
    0x000026fc   0x0000002e   Code   RO         2412    .text               c_p.l(_printf_char.o)
    0x0000272a   0x0000002e   Code   RO         2416    .text               c_p.l(_printf_wchar.o)
    0x00002758   0x00000380   Code   RO         2418    .text               c_p.l(_scanf.o)
    0x00002ad8   0x00000042   Code   RO         2428    .text               c_p.l(ftell.o)
    0x00002b1a   0x00000040   Code   RO         2454    .text               c_p.l(_wcrtomb.o)
    0x00002b5a   0x0000000c   Code   RO         2456    .text               c_p.l(defsig_exit.o)
    0x00002b66   0x0000000c   Code   RO         2458    .text               c_p.l(defsig_rtred_outer.o)
    0x00002b72   0x0000000c   Code   RO         2462    .text               c_p.l(defsig_rtmem_outer.o)
    0x00002b7e   0x00000002   PAD
    0x00002b80   0x00000030   Code   RO         2466    .text               c_p.l(defsig_pvfn_inner.o)
    0x00002bb0   0x00000028   Code   RO         2470    .text               c_p.l(rtudiv10.o)
    0x00002bd8   0x00000050   Code   RO         2472    .text               c_p.l(heapauxa.o)
    0x00002c28   0x00000090   Code   RO         2511    .text               fz_ps.l(dcmpin.o)
    0x00002cb8   0x0000000c   Code   RO         2515    .text               c_p.l(sys_exit.o)
    0x00002cc4   0x00000010   Code   RO         2517    .text               c_p.l(rt_ctype_table.o)
    0x00002cd4   0x00000008   Code   RO         2519    .text               c_p.l(rt_locale.o)
    0x00002cdc   0x00000008   Code   RO         2529    .text               c_p.l(rt_errno_addr.o)
    0x00002ce4   0x00000088   Code   RO         2536    .text               c_p.l(_printf_fp_infnan.o)
    0x00002d6c   0x000000c8   Code   RO         2538    .text               c_p.l(bigflt0.o)
    0x00002e34   0x000004c8   Code   RO         2541    .text               c_p.l(btod.o)
    0x000032fc   0x00000034   Code   RO         2555    .text               c_p.l(defsig_general.o)
    0x00003330   0x00000034   Code   RO         2561    .text               c_p.l(defsig_rtred_inner.o)
    0x00003364   0x00000050   Code   RO         2563    .text               c_p.l(defsig_rtmem_inner.o)
    0x000033b4   0x0000002e   Code   RO         2583    .text               fz_ps.l(cmpret.o)
    0x000033e2   0x00000002   PAD
    0x000033e4   0x00000014   Code   RO         2585    .text               fz_ps.l(dnan2.o)
    0x000033f8   0x0000000c   Code   RO         2606    .text               c_p.l(sys_wrch.o)
    0x00003404   0x00000000   Code   RO         2610    .text               c_p.l(indicate_semi.o)
    0x00003404   0x0000005e   Code   RO         2638    .text               fz_ps.l(retnan.o)
    0x00003462   0x0000000c   Code   RO          904    i.$Sub$$main        retarget.o
    0x0000346e   0x00000006   Code   RO         1457    i.<Func1>           mbed.ar(SerialBase.o)
    0x00003474   0x00000048   Code   RO          751    i.NVIC_SetVector    cmsis_nvic.o
    0x000034bc   0x000000ac   Code   RO         1132    i.SystemInit        system_LPC11Uxx.o
    0x00003568   0x00000110   Code   RO          364    i._ZN10LSM303DLHC4readEPfS0_S0_S0_S0_S0_  lsm303dlhc.o
    0x00003678   0x00000090   Code   RO          368    i._ZN10LSM303DLHCC1E7PinNameS0_  lsm303dlhc.o
    0x00003708   0x00000050   Code   RO         1043    i._ZN4mbed10FileHandle4flenEv  retarget.o
    0x00003758   0x00000002   Code   RO         1047    i._ZN4mbed10FileHandle4lockEv  retarget.o
    0x0000375a   0x00000002   Code   RO         1050    i._ZN4mbed10FileHandle6unlockEv  retarget.o
    0x0000375c   0x00000078   Code   RO          906    i._ZN4mbed10FileHandleD2Ev  retarget.o
    0x000037d4   0x0000000e   Code   RO         1459    i._ZN4mbed10SerialBase10_base_putcEi  mbed.ar(SerialBase.o)
    0x000037e2   0x00000002   PAD
    0x000037e4   0x0000002c   Code   RO         1461    i._ZN4mbed10SerialBase12_irq_handlerEj9SerialIrq  mbed.ar(SerialBase.o)
    0x00003810   0x00000022   Code   RO         1462    i._ZN4mbed10SerialBase4baudEi  mbed.ar(SerialBase.o)
    0x00003832   0x00000002   Code   RO         1463    i._ZN4mbed10SerialBase4lockEv  mbed.ar(SerialBase.o)
    0x00003834   0x00000028   Code   RO         1465    i._ZN4mbed10SerialBase6formatEiNS0_6ParityEi  mbed.ar(SerialBase.o)
    0x0000385c   0x00000002   Code   RO         1466    i._ZN4mbed10SerialBase6unlockEv  mbed.ar(SerialBase.o)
    0x0000385e   0x00000002   PAD
    0x00003860   0x0000007c   Code   RO         1469    i._ZN4mbed10SerialBaseC1E7PinNameS1_i  mbed.ar(SerialBase.o)
    0x000038dc   0x00000044   Code   RO         1308    i._ZN4mbed11InterruptIn12_irq_handlerEj14gpio_irq_event  mbed.ar(InterruptIn.o)
    0x00003920   0x00000068   Code   RO         1313    i._ZN4mbed11InterruptInC1E7PinName  mbed.ar(InterruptIn.o)
    0x00003988   0x00000038   Code   RO         1315    i._ZN4mbed11InterruptInD1Ev  mbed.ar(InterruptIn.o)
    0x000039c0   0x0000000a   Code   RO          907    i._ZN4mbed26mbed_set_unbuffered_streamEPSt6__FILE  retarget.o
    0x000039ca   0x00000002   PAD
    0x000039cc   0x0000002c   Code   RO         1250    i._ZN4mbed3I2C4lockEv  mbed.ar(I2C.o)
    0x000039f8   0x00000064   Code   RO         1252    i._ZN4mbed3I2C4readEiPcib  mbed.ar(I2C.o)
    0x00003a5c   0x00000064   Code   RO         1256    i._ZN4mbed3I2C5writeEiPKcib  mbed.ar(I2C.o)
    0x00003ac0   0x0000002c   Code   RO         1258    i._ZN4mbed3I2C6unlockEv  mbed.ar(I2C.o)
    0x00003aec   0x0000002c   Code   RO         1259    i._ZN4mbed3I2C9frequencyEi  mbed.ar(I2C.o)
    0x00003b18   0x0000002c   Code   RO         1260    i._ZN4mbed3I2CC1E7PinNameS1_  mbed.ar(I2C.o)
    0x00003b44   0x0000002c   Code   RO         1363    i._ZN4mbed3SPI4lockEv  mbed.ar(SPI.o)
    0x00003b70   0x00000058   Code   RO         1364    i._ZN4mbed3SPI5writeEi  mbed.ar(SPI.o)
    0x00003bc8   0x00000054   Code   RO         1366    i._ZN4mbed3SPI6formatEii  mbed.ar(SPI.o)
    0x00003c1c   0x0000002c   Code   RO         1367    i._ZN4mbed3SPI6unlockEv  mbed.ar(SPI.o)
    0x00003c48   0x00000050   Code   RO         1368    i._ZN4mbed3SPI9frequencyEi  mbed.ar(SPI.o)
    0x00003c98   0x00000060   Code   RO         1369    i._ZN4mbed3SPIC1E7PinNameS1_S1_S1_  mbed.ar(SPI.o)
    0x00003cf8   0x00000002   Code   RO         1404    i._ZN4mbed6Serial4lockEv  mbed.ar(Serial.o)
    0x00003cfa   0x00000002   Code   RO         1407    i._ZN4mbed6Serial6unlockEv  mbed.ar(Serial.o)
    0x00003cfc   0x00000030   Code   RO         1408    i._ZN4mbed6SerialC1E7PinNameS1_PKci  mbed.ar(Serial.o)
    0x00003d2c   0x00000040   Code   RO           38    i._ZN4mbed6SerialD1Ev  main.o
    0x00003d6c   0x00000004   Code   RO         1519    i._ZN4mbed6Stream4flenEv  mbed.ar(Stream.o)
    0x00003d70   0x00000004   Code   RO         1525    i._ZN4mbed6Stream5closeEv  mbed.ar(Stream.o)
    0x00003d74   0x00000004   Code   RO         1527    i._ZN4mbed6Stream5lseekEli  mbed.ar(Stream.o)
    0x00003d78   0x00000036   Code   RO         1529    i._ZN4mbed6Stream5writeEPKvj  mbed.ar(Stream.o)
    0x00003dae   0x00000004   Code   RO         1530    i._ZN4mbed6Stream6isattyEv  mbed.ar(Stream.o)
    0x00003db2   0x00000034   Code   RO         1531    i._ZN4mbed6Stream6printfEPKcz  mbed.ar(Stream.o)
    0x00003de6   0x00000002   PAD
    0x00003de8   0x00000044   Code   RO         1534    i._ZN4mbed6StreamC2EPKc  mbed.ar(Stream.o)
    0x00003e2c   0x00000024   Code   RO         1536    i._ZN4mbed6StreamD2Ev  mbed.ar(Stream.o)
    0x00003e50   0x00000004   Code   RO         1756    i._ZN4mbed8FileBase11getPathTypeEv  mbed.ar(FileBase.o)
    0x00003e54   0x00000070   Code   RO         1758    i._ZN4mbed8FileBase6lookupEPKcj  mbed.ar(FileBase.o)
    0x00003ec4   0x00000040   Code   RO         1760    i._ZN4mbed8FileBaseC1EPKcNS_8PathTypeE  mbed.ar(FileBase.o)
    0x00003f04   0x0000004c   Code   RO         1762    i._ZN4mbed8FileBaseD1Ev  mbed.ar(FileBase.o)
    0x00003f50   0x00000024   Code   RO         1789    i._ZN4mbed8FileLikeC2EPKc  mbed.ar(FileLike.o)
    0x00003f74   0x00000010   Code   RO         1791    i._ZN4mbed8FileLikeD2Ev  mbed.ar(FileLike.o)
    0x00003f84   0x0000001a   Code   RO         1155    i._ZN4mbed8FilePath10fileSystemEv  mbed.ar(FilePath.o)
    0x00003f9e   0x00000020   Code   RO         1157    i._ZN4mbed8FilePath4fileEv  mbed.ar(FilePath.o)
    0x00003fbe   0x0000000a   Code   RO         1158    i._ZN4mbed8FilePath6existsEv  mbed.ar(FilePath.o)
    0x00003fc8   0x00000018   Code   RO         1159    i._ZN4mbed8FilePath6isFileEv  mbed.ar(FilePath.o)
    0x00003fe0   0x00000004   Code   RO         1160    i._ZN4mbed8FilePath8fileNameEv  mbed.ar(FilePath.o)
    0x00003fe4   0x00000044   Code   RO         1161    i._ZN4mbed8FilePathC1EPKc  mbed.ar(FilePath.o)
    0x00004028   0x00000002   Code   RO         1317    i._ZN4mbed9donothingEv  mbed.ar(InterruptIn.o)
    0x0000402a   0x00000002   Code   RO         1470    i._ZN4mbed9donothingEv  mbed.ar(SerialBase.o)
    0x0000402c   0x0000005c   Code   RO          498    i._ZN9nRF24L01P11getRegisterEi  nrf24l01p.o
    0x00004088   0x000000c8   Code   RO          500    i._ZN9nRF24L01P11setRegisterEii  nrf24l01p.o
    0x00004150   0x0000015c   Code   RO          504    i._ZN9nRF24L01P12setRxAddressEyii  nrf24l01p.o
    0x000042ac   0x000000e8   Code   RO          506    i._ZN9nRF24L01P12setTxAddressEyi  nrf24l01p.o
    0x00004394   0x00000078   Code   RO          525    i._ZN9nRF24L01P7disableEv  nrf24l01p.o
    0x0000440c   0x00000168   Code   RO          529    i._ZN9nRF24L01PC1E7PinNameS0_S0_S0_S0_S0_  nrf24l01p.o
    0x00004574   0x0000000c   Code   RO           35    i._ZN9nRF24L01PD1Ev  main.o
    0x00004580   0x00000002   Code   RO         1410    i._ZThn48_N4mbed6Serial4lockEv  mbed.ar(Serial.o)
    0x00004582   0x0000000a   Code   RO         1412    i._ZThn48_N4mbed6Serial5_putcEi  mbed.ar(Serial.o)
    0x0000458c   0x00000002   Code   RO         1413    i._ZThn48_N4mbed6Serial6unlockEv  mbed.ar(Serial.o)
    0x0000458e   0x00000030   Code   RO         2544    i.__ARM_common_ll_muluu  c_p.l(btod.o)
    0x000045be   0x00000002   PAD
    0x000045c0   0x0000002c   Code   RO         2598    i.__ARM_fpclassify  m_ps.l(fpclassify.o)
    0x000045ec   0x00000004   Code   RO          914    i.__aeabi_atexit    retarget.o
    0x000045f0   0x00000022   Code   RO         2122    i.__aeabi_vec_ctor_nocookie_nodtor  cpprt_p.l(aeabi_vec_ctor_nocookie_nodtor.o)
    0x00004612   0x0000000a   Code   RO         2013    i.__cxa_pure_virtual  cpprt_p.l(pure_virt.o)
    0x0000461c   0x00000098   Code   RO            4    i.__sti___8_main_cpp_4c3acc7b  main.o
    0x000046b4   0x00000010   Code   RO         1126    i.__user_setup_stackheap  sys.o
    0x000046c4   0x0000000e   Code   RO         1937    i._is_digit         c_p.l(__printf_wp.o)
    0x000046d2   0x00000008   Code   RO          917    i._platform_post_stackheap_init  retarget.o
    0x000046da   0x00000002   PAD
    0x000046dc   0x0000002c   Code   RO          918    i._sys_close        retarget.o
    0x00004708   0x00000028   Code   RO          921    i._sys_flen         retarget.o
    0x00004730   0x00000028   Code   RO          922    i._sys_istty        retarget.o
    0x00004758   0x000001cc   Code   RO          923    i._sys_open         retarget.o
    0x00004924   0x00000028   Code   RO          925    i._sys_seek         retarget.o
    0x0000494c   0x0000006c   Code   RO          926    i._sys_write        retarget.o
    0x000049b8   0x0000008c   Code   RO         1658    i.core_util_critical_section_enter  mbed.ar(mbed_critical.o)
    0x00004a44   0x00000058   Code   RO         1659    i.core_util_critical_section_exit  mbed.ar(mbed_critical.o)
    0x00004a9c   0x00000012   Code   RO         1681    i.error             mbed.ar(mbed_error.o)
    0x00004aae   0x00000002   PAD
    0x00004ab0   0x0000002c   Code   RO          928    i.exit              retarget.o
    0x00004adc   0x000000c8   Code   RO         2152    i.floor             m_ps.l(floor.o)
    0x00004ba4   0x0000001e   Code   RO         1964    i.fputc             c_p.l(fputc.o)
    0x00004bc2   0x00000002   PAD
    0x00004bc4   0x00000054   Code   RO          759    i.gpio_dir          gpio_api.o
    0x00004c18   0x0000006c   Code   RO          760    i.gpio_init         gpio_api.o
    0x00004c84   0x00000022   Code   RO         1597    i.gpio_init_in      mbed.ar(mbed_gpio.o)
    0x00004ca6   0x00000002   PAD
    0x00004ca8   0x00000040   Code   RO         1600    i.gpio_init_out     mbed.ar(mbed_gpio.o)
    0x00004ce8   0x00000060   Code   RO         1601    i.gpio_init_out_ex  mbed.ar(mbed_gpio.o)
    0x00004d48   0x0000000a   Code   RO          772    i.gpio_irq0         gpio_irq_api.o
    0x00004d52   0x0000000a   Code   RO          773    i.gpio_irq1         gpio_irq_api.o
    0x00004d5c   0x0000000a   Code   RO          774    i.gpio_irq2         gpio_irq_api.o
    0x00004d66   0x0000000a   Code   RO          775    i.gpio_irq3         gpio_irq_api.o
    0x00004d70   0x0000000a   Code   RO          776    i.gpio_irq4         gpio_irq_api.o
    0x00004d7a   0x0000000a   Code   RO          777    i.gpio_irq5         gpio_irq_api.o
    0x00004d84   0x0000000a   Code   RO          778    i.gpio_irq6         gpio_irq_api.o
    0x00004d8e   0x0000000a   Code   RO          779    i.gpio_irq7         gpio_irq_api.o
    0x00004d98   0x00000024   Code   RO          782    i.gpio_irq_free     gpio_irq_api.o
    0x00004dbc   0x000000e8   Code   RO          783    i.gpio_irq_init     gpio_irq_api.o
    0x00004ea4   0x0000000e   Code   RO          761    i.gpio_mode         gpio_api.o
    0x00004eb2   0x00000002   PAD
    0x00004eb4   0x0000005c   Code   RO          785    i.handle_interrupt_in  gpio_irq_api.o
    0x00004f10   0x0000001c   Code   RO          808    i.i2c_frequency     i2c_api.o
    0x00004f2c   0x000000a8   Code   RO          809    i.i2c_init          i2c_api.o
    0x00004fd4   0x00000100   Code   RO          810    i.i2c_read          i2c_api.o
    0x000050d4   0x00000044   Code   RO          834    i.i2c_start         i2c_api.o
    0x00005118   0x00000034   Code   RO          836    i.i2c_stop          i2c_api.o
    0x0000514c   0x000000b0   Code   RO          817    i.i2c_write         i2c_api.o
    0x000051fc   0x000000ec   Code   RO            5    i.main              main.o
    0x000052e8   0x00000054   Code   RO         1639    i.mbed_assert_internal  mbed.ar(mbed_assert.o)
    0x0000533c   0x00000120   Code   RO          840    i.mbed_die          mbed_board.o
    0x0000545c   0x00000058   Code   RO          841    i.mbed_error_printf  mbed_board.o
    0x000054b4   0x00000050   Code   RO          842    i.mbed_error_vfprintf  mbed_board.o
    0x00005504   0x00000008   Code   RO         1687    i.mbed_interface_connected  mbed.ar(mbed_interface.o)
    0x0000550c   0x00000002   Code   RO          929    i.mbed_main         retarget.o
    0x0000550e   0x00000002   Code   RO          930    i.mbed_sdk_init     retarget.o
    0x00005510   0x00000050   Code   RO          851    i.pin_function      pinmap.o
    0x00005560   0x00000060   Code   RO          852    i.pin_mode          pinmap.o
    0x000055c0   0x00000034   Code   RO         1615    i.pinmap_merge      mbed.ar(mbed_pinmap_common.o)
    0x000055f4   0x0000005c   Code   RO         1616    i.pinmap_peripheral  mbed.ar(mbed_pinmap_common.o)
    0x00005650   0x00000054   Code   RO         1617    i.pinmap_pinout     mbed.ar(mbed_pinmap_common.o)
    0x000056a4   0x0000000c   Code   RO         1708    i.semihost_connected  mbed.ar(mbed_semihost_api.o)
    0x000056b0   0x0000000c   Code   RO         1711    i.semihost_exit     mbed.ar(mbed_semihost_api.o)
    0x000056bc   0x00000118   Code   RO         1057    i.serial_baud       serial_api.o
    0x000057d4   0x000000e4   Code   RO         1061    i.serial_format     serial_api.o
    0x000058b8   0x000000d4   Code   RO         1064    i.serial_init       serial_api.o
    0x0000598c   0x00000014   Code   RO         1065    i.serial_irq_handler  serial_api.o
    0x000059a0   0x0000000e   Code   RO         1068    i.serial_putc       serial_api.o
    0x000059ae   0x00000002   PAD
    0x000059b0   0x000000b8   Code   RO         1102    i.spi_format        spi_api.o
    0x00005a68   0x000000b8   Code   RO         1104    i.spi_frequency     spi_api.o
    0x00005b20   0x000000f8   Code   RO         1105    i.spi_init          spi_api.o
    0x00005c18   0x0000001e   Code   RO         1106    i.spi_master_write  spi_api.o
    0x00005c36   0x0000004a   Code   RO         1814    i.ticker_irq_handler  mbed.ar(mbed_ticker_api.o)
    0x00005c80   0x0000000c   Code   RO         1140    i.us_ticker_clear_interrupt  us_ticker.o
    0x00005c8c   0x00000010   Code   RO         1141    i.us_ticker_disable_interrupt  us_ticker.o
    0x00005c9c   0x0000005c   Code   RO         1142    i.us_ticker_init    us_ticker.o
    0x00005cf8   0x00000010   Code   RO         1629    i.us_ticker_irq_handler  mbed.ar(mbed_us_ticker_api.o)
    0x00005d08   0x0000005c   Code   RO         1143    i.us_ticker_read    us_ticker.o
    0x00005d64   0x00000014   Code   RO         1144    i.us_ticker_set_interrupt  us_ticker.o
    0x00005d78   0x00000024   Code   RO         1746    i.wait              mbed.ar(mbed_wait_api_no_rtos.o)
    0x00005d9c   0x0000001c   Code   RO         1747    i.wait_ms           mbed.ar(mbed_wait_api_no_rtos.o)
    0x00005db8   0x00000016   Code   RO         1748    i.wait_us           mbed.ar(mbed_wait_api_no_rtos.o)
    0x00005dce   0x00000002   PAD
    0x00005dd0   0x0000002c   Code   RO         2549    locale$$code        c_p.l(lc_numeric_c.o)
    0x00005dfc   0x0000002c   Code   RO         2622    locale$$code        c_p.l(lc_ctype_c.o)
    0x00005e28   0x0000002c   Code   RO         1782    t._ZN12SingletonPtrI13PlatformMutexEptEv  mbed.ar(FileBase.o)
    0x00005e54   0x00000004   Code   RO         1352    t._ZN4mbed8CallbackIFvvEE13function_callIPS1_EEvPKv  mbed.ar(InterruptIn.o)
    0x00005e58   0x00000002   Code   RO         1358    t._ZN4mbed8CallbackIFvvEE13function_dtorIPS1_EEvPv  mbed.ar(InterruptIn.o)
    0x00005e5a   0x0000000a   Code   RO         1355    t._ZN4mbed8CallbackIFvvEE13function_moveIPS1_EEvPvPKv  mbed.ar(InterruptIn.o)
    0x00005e64   0x00000014   Code   RO           41    t._ZN4mbed8CallbackIFvvEED1Ev  main.o
    0x00005e78   0x00000068   Code   RO         2358    x$fpl$drleqf        fz_ps.l(drlef.o)
    0x00005ee0   0x0000008c   Code   RO         2132    x$fpl$fadd          fz_ps.l(faddsub.o)
    0x00005f6c   0x000000b0   Code   RO         2147    x$fpl$fmul          fz_ps.l(fmul.o)
    0x0000601c   0x000000d0   Code   RO         2134    x$fpl$fsub          fz_ps.l(faddsub.o)
    0x000060ec   0x00000010   Code   RO         2360    x$fpl$printf1       fz_ps.l(printf1.o)
    0x000060fc   0x00000010   Code   RO         2362    x$fpl$printf2       fz_ps.l(printf2.o)
    0x0000610c   0x00000000   Code   RO         2370    x$fpl$usenofp       fz_ps.l(usenofp.o)
    0x0000610c   0x00000018   Data   RO          726    .constdata          PeripheralPins.o
    0x00006124   0x00000018   Data   RO          727    .constdata          PeripheralPins.o
    0x0000613c   0x00000030   Data   RO          728    .constdata          PeripheralPins.o
    0x0000616c   0x00000030   Data   RO          729    .constdata          PeripheralPins.o
    0x0000619c   0x00000048   Data   RO          730    .constdata          PeripheralPins.o
    0x000061e4   0x00000030   Data   RO          731    .constdata          PeripheralPins.o
    0x00006214   0x00000030   Data   RO          732    .constdata          PeripheralPins.o
    0x00006244   0x00000030   Data   RO          733    .constdata          PeripheralPins.o
    0x00006274   0x00000017   Data   RO          979    .constdata          retarget.o
    0x0000628b   0x00000001   PAD
    0x0000628c   0x00000014   Data   RO         1630    .constdata          mbed.ar(mbed_us_ticker_api.o)
    0x000062a0   0x00000008   Data   RO         1631    .constdata          mbed.ar(mbed_us_ticker_api.o)
    0x000062a8   0x00000028   Data   RO         1925    .constdata          c_p.l(_printf_hex_int_ll_ptr.o)
    0x000062d0   0x00000011   Data   RO         1945    .constdata          c_p.l(__printf_flags_ss_wp.o)
    0x000062e1   0x00000040   Data   RO         2139    .constdata          fz_ps.l(fdiv.o)
    0x00006321   0x00000003   PAD
    0x00006324   0x00000008   Data   RO         2210    .constdata          c_p.l(_printf_wctomb.o)
    0x0000632c   0x00000026   Data   RO         2408    .constdata          c_p.l(_printf_fp_hex.o)
    0x00006352   0x00000002   PAD
    0x00006354   0x00000094   Data   RO         2539    .constdata          c_p.l(bigflt0.o)
    0x000063e8   0x00000034   Data   RO         1040    .constdata__ZTVN4mbed10FileHandleE  retarget.o
    0x0000641c   0x00000018   Data   RO         1508    .constdata__ZTVN4mbed10SerialBaseE  mbed.ar(SerialBase.o)
    0x00006434   0x00000010   Data   RO         1346    .constdata__ZTVN4mbed11InterruptInE  mbed.ar(InterruptIn.o)
    0x00006444   0x00000018   Data   RO         1295    .constdata__ZTVN4mbed3I2CE  mbed.ar(I2C.o)
    0x0000645c   0x0000001c   Data   RO         1393    .constdata__ZTVN4mbed3SPIE  mbed.ar(SPI.o)
    0x00006478   0x0000006c   Data   RO         1437    .constdata__ZTVN4mbed6SerialE  mbed.ar(Serial.o)
    0x000064e4   0x0000004c   Data   RO         1592    .constdata__ZTVN4mbed6StreamE  mbed.ar(Stream.o)
    0x00006530   0x00000010   Data   RO         1781    .constdata__ZTVN4mbed8FileBaseE  mbed.ar(FileBase.o)
    0x00006540   0x00000044   Data   RO         1807    .constdata__ZTVN4mbed8FileLikeE  mbed.ar(FileLike.o)
    0x00006584   0x00000014   Data   RO         1041    .constdata__ZZN12SingletonPtrI13PlatformMutexE3getEvEs  retarget.o
    0x00006598   0x0000004d   Data   RO         1042    .constdata__ZZN12SingletonPtrI13PlatformMutexE3getEvEs_0  retarget.o
    0x000065e5   0x00000003   PAD
    0x000065e8   0x0000000c   Data   RO         1350    .constdata__ZZN4mbed8CallbackIFvvEE8generateIPS1_EEvRKT_E3ops  mbed.ar(InterruptIn.o)
    0x000065f4   0x00000005   Data   RO         1347    .constdata__ZZNK4mbed8CallbackIFvvEE4callEvEs  mbed.ar(InterruptIn.o)
    0x000065f9   0x00000049   Data   RO         1348    .constdata__ZZNK4mbed8CallbackIFvvEE4callEvEs_0  mbed.ar(InterruptIn.o)
    0x00006642   0x00000002   PAD
    0x00006644   0x00000058   Data   RO          763    .conststring        gpio_api.o
    0x0000669c   0x00000057   Data   RO          819    .conststring        i2c_api.o
    0x000066f3   0x00000001   PAD
    0x000066f4   0x0000006e   Data   RO          843    .conststring        mbed_board.o
    0x00006762   0x00000002   PAD
    0x00006764   0x00000056   Data   RO          853    .conststring        pinmap.o
    0x000067ba   0x00000002   PAD
    0x000067bc   0x000000de   Data   RO         1072    .conststring        serial_api.o
    0x0000689a   0x00000002   PAD
    0x0000689c   0x00000057   Data   RO         1110    .conststring        spi_api.o
    0x000068f3   0x00000001   PAD
    0x000068f4   0x00000043   Data   RO         1660    .conststring        mbed.ar(mbed_critical.o)
    0x00006937   0x00000001   PAD
    0x00006938   0x00000020   Data   RO         2688    Region$$Table       anon$$obj.o
    0x00006958   0x0000001c   Data   RO         2548    locale$$data        c_p.l(lc_numeric_c.o)
    0x00006974   0x00000110   Data   RO         2621    locale$$data        c_p.l(lc_ctype_c.o)
    0x00006a84   0x00000004   Data   RO           11    .init_array         main.o
    0x00006a88   0x00000000   Data   RO         2008    .init_array         c_p.l(init_aeabi.o)


    Execution Region RW_IRAM1 (Base: 0x100000c0, Size: 0x00000314, Max: 0x00001f40, ABSOLUTE)

    Base Addr    Size         Type   Attr      Idx    E Section Name        Object

    0x100000c0   0x00000004   Data   RW          752    .data               cmsis_nvic.o
    0x100000c4   0x00000004   Data   RW          787    .data               gpio_irq_api.o
    0x100000c8   0x00000008   Data   RW          982    .data               retarget.o
    0x100000d0   0x00000014   Data   RW         1073    .data               serial_api.o
    0x100000e4   0x00000004   Data   RW         1133    .data               system_LPC11Uxx.o
    0x100000e8   0x00000004   Data   RW         1145    .data               us_ticker.o
    0x100000ec   0x0000000c   Data   RW         1272    .data               mbed.ar(I2C.o)
    0x100000f8   0x0000000c   Data   RW         1377    .data               mbed.ar(SPI.o)
    0x10000104   0x00000008   Data   RW         1632    .data               mbed.ar(mbed_us_ticker_api.o)
    0x1000010c   0x00000008   Data   RW         1661    .data               mbed.ar(mbed_critical.o)
    0x10000114   0x00000004   Data   RW         1724    .data               mbed.ar(mbed_semihost_api.o)
    0x10000118   0x0000000c   Data   RW         1770    .data               mbed.ar(FileBase.o)
    0x10000124   0x00000004   Data   RW         1976    .data               c_p.l(stdio_streams.o)
    0x10000128   0x00000004   Data   RW         1977    .data               c_p.l(stdio_streams.o)
    0x1000012c   0x00000004   Data   RW         1978    .data               c_p.l(stdio_streams.o)
    0x10000130   0x00000004   Data   RW         2473    .data               c_p.l(heapauxa.o)
    0x10000134   0x00000128   Zero   RW            9    .bss                main.o
    0x1000025c   0x00000020   Zero   RW          786    .bss                gpio_irq_api.o
    0x1000027c   0x00000040   Zero   RW          978    .bss                retarget.o
    0x100002bc   0x00000054   Zero   RW         1973    .bss                c_p.l(stdio_streams.o)
    0x10000310   0x00000054   Zero   RW         1974    .bss                c_p.l(stdio_streams.o)
    0x10000364   0x00000054   Zero   RW         1975    .bss                c_p.l(stdio_streams.o)
    0x100003b8   0x00000004   Zero   RW         2167    .bss                c_p.l(rt_heap_descriptor.o)
    0x100003bc   0x00000014   Zero   RW         2520    .bss                c_p.l(rt_locale.o)
    0x100003d0   0x00000004   Zero   RW         2530    .bss                c_p.l(rt_errno_addr.o)


    Execution Region RW_IRAM2 (Base: 0x20004000, Size: 0x00000000, Max: 0x00000800, ABSOLUTE)

    **** No section assigned to this execution region ****


==============================================================================

Image component sizes


      Code (inc. data)   RO Data    RW Data    ZI Data      Debug   Object Name

         0          0        360          0          0          0   PeripheralPins.o
        72         10          0          4          0         80   cmsis_nvic.o
       206         46         88          0          0        212   gpio_api.o
       440         92          0          4         32        752   gpio_irq_api.o
       748         78         87          0          0        456   i2c_api.o
       416         14          0          0          0       4284   lsm303dlhc.o
       484        140          4          0        296      39407   main.o
       456         48        110          0          0        244   mbed_board.o
      1352        302          0          0          0      15524   nrf24l01p.o
       176         64         86          0          0        140   pinmap.o
      1018        106        172          8         64       1140   retarget.o
       754        150        222         20          0        356   serial_api.o
       646        160         87          0          0        320   spi_api.o
        40         12        512          0          0        228   startup_LPC11xx.o
        16          6          0          0          0         60   sys.o
       172         22          0          4          0         80   system_LPC11Uxx.o
       232         70          0          4          0        324   us_ticker.o

    ----------------------------------------------------------------------
      7236       1320       1772         44        392      63607   Object Totals
         0          0         32          0          0          0   (incl. Generated)
         8          0         12          0          0          0   (incl. Padding)

    ----------------------------------------------------------------------

      Code (inc. data)   RO Data    RW Data    ZI Data      Debug   Library Member Name

        64         10          0          0          0         84   __0sscanf.o
        44          4          0          0          0         84   __2sprintf.o
         8          0          0          0          0         68   __main.o
       392          6         17          0          0         76   __printf_flags_ss_wp.o
        14          0          0          0          0         60   __printf_wp.o
         0          0          0          0          0          0   __rtentry.o
        20          0          0          0          0          0   __rtentry2.o
         6          0          0          0          0          0   __rtentry4.o
        60          8          0          0          0          0   __scatter.o
        26          0          0          0          0          0   __scatter_copy.o
        28          0          0          0          0          0   __scatter_zi.o
        30          0          0          0          0         60   _chval.o
        10          0          0          0          0          0   _printf_a.o
        10          0          0          0          0          0   _printf_c.o
        46          0          0          0          0        100   _printf_char.o
        48          6          0          0          0         88   _printf_char_common.o
        40          6          0          0          0         72   _printf_char_file.o
        38          0          0          0          0         60   _printf_charcount.o
        10          0          0          0          0          0   _printf_d.o
       108         18          0          0          0         76   _printf_dec.o
        10          0          0          0          0          0   _printf_e.o
        10          0          0          0          0          0   _printf_f.o
      1044         14          0          0          0        176   _printf_fp_dec.o
       728         10         38          0          0         84   _printf_fp_hex.o
       136         16          0          0          0         76   _printf_fp_infnan.o
        10          0          0          0          0          0   _printf_g.o
       152          4         40          0          0        148   _printf_hex_int_ll_ptr.o
        10          0          0          0          0          0   _printf_i.o
       176          0          0          0          0         84   _printf_intcommon.o
        10          0          0          0          0          0   _printf_l.o
        10          0          0          0          0          0   _printf_lc.o
        10          0          0          0          0          0   _printf_ll.o
        10          0          0          0          0          0   _printf_lld.o
        10          0          0          0          0          0   _printf_lli.o
        10          0          0          0          0          0   _printf_llo.o
        10          0          0          0          0          0   _printf_llu.o
        10          0          0          0          0          0   _printf_llx.o
       112         18          0          0          0         76   _printf_longlong_dec.o
        10          0          0          0          0          0   _printf_ls.o
        10          0          0          0          0          0   _printf_n.o
        10          0          0          0          0          0   _printf_o.o
       112         10          0          0          0        112   _printf_oct_int_ll.o
        10          0          0          0          0          0   _printf_p.o
        78          0          0          0          0        100   _printf_pad.o
         2          0          0          0          0          0   _printf_percent.o
         4          0          0          0          0          0   _printf_percent_end.o
        10          0          0          0          0          0   _printf_s.o
        82          0          0          0          0         72   _printf_str.o
        36          0          0          0          0         76   _printf_truncate.o
        10          0          0          0          0          0   _printf_u.o
        46          0          0          0          0        100   _printf_wchar.o
       188          6          8          0          0         80   _printf_wctomb.o
        10          0          0          0          0          0   _printf_x.o
       896         16          0          0          0         84   _scanf.o
       330          0          0          0          0         84   _scanf_int.o
        68          0          0          0          0         76   _sgetc.o
        10          0          0          0          0         60   _sputc.o
        64          0          0          0          0         72   _wcrtomb.o
       488          0          0          0          0         92   aeabi_sdivfast.o
       200          4        148          0          0         80   bigflt0.o
      1272         16          0          0          0        328   btod.o
        14          0          0          0          0         68   c89vfprintf.o
        12          0          0          0          0         68   defsig_exit.o
        52          0          0          0          0         72   defsig_general.o
        48         34          0          0          0         68   defsig_pvfn_inner.o
        12          0          0          0          0         68   defsig_pvfn_outer.o
        80         58          0          0          0         68   defsig_rtmem_inner.o
        12          0          0          0          0         68   defsig_rtmem_outer.o
        52         38          0          0          0         68   defsig_rtred_inner.o
        12          0          0          0          0         68   defsig_rtred_outer.o
        76          4          0          0          0         76   fclose.o
         8          0          0          0          0         60   ferror.o
       104          4          0          0          0        100   fflush.o
       496         10          0          0          0         76   flsbuf.o
       232          8          0          0          0        108   fopen.o
        30          0          0          0          0         68   fputc.o
       244          4          0          0          0         76   fseek.o
        66          0          0          0          0         68   ftell.o
        98          0          0          0          0         72   h1_alloc.o
        52          0          0          0          0         68   h1_extend.o
        76          0          0          0          0         72   h1_free.o
        14          0          0          0          0         76   h1_init.o
        80          4          0          4          0         88   heapauxa.o
         4          0          0          0          0        120   hguard.o
         0          0          0          0          0          0   indicate_semi.o
        36         10          0          0          0         72   init_aeabi.o
       136          0          0          0          0        160   init_alloc.o
       316         44          0          0          0         96   initio.o
        18          0          0          0          0         68   isspace.o
        44         10        272          0          0         76   lc_ctype_c.o
        44         10         28          0          0         76   lc_numeric_c.o
         2          0          0          0          0          0   libinit.o
        46          0          0          0          0          0   libinit2.o
         0          0          0          0          0          0   libshutdown2.o
       122          0          0          0          0         72   lludiv10.o
         0          0          0          0          0          0   maybetermalloc1.o
        16          4          0          0          0         76   rt_ctype_table.o
         8          4          0          0          4         68   rt_errno_addr.o
         8          4          0          0          4         68   rt_heap_descriptor.o
         8          4          0          0         20         68   rt_locale.o
        64          0          0          0          0        108   rt_memclr.o
        40          0          0          0          0         60   rtudiv10.o
        48          8          0          0          0         84   scanf_char.o
        26          0          0          0          0         68   setbuf.o
        76          4          0          0          0         72   setvbuf.o
       240          8          0          0          0        144   stdio.o
         0          0          0         12        252          0   stdio_streams.o
       160          4          0          0          0         80   strcmpv6m.o
        68          6          0          0          0         72   strlen.o
       160          6          0          0          0         76   strncmp.o
        12          4          0          0          0         60   sys_exit.o
        12          0          0          0          0         68   sys_wrch.o
         2          0          0          0          0         68   use_no_semi.o
        36          4          0          0          0         68   vsprintf.o
        34          0          0          0          0         80   aeabi_vec_ctor_nocookie_nodtor.o
        34          0          0          0          0         76   aeabi_vec_dtor_noexceptions.o
        10          0          0          0          0         68   pure_virt.o
        46          0          0          0          0         60   cmpret.o
       856         20          0          0          0        208   daddsub.o
       144          4          0          0          0         76   dcmpin.o
       108         10          0          0          0         72   dfixi.o
        20          6          0          0          0         68   dnan2.o
       104          4          0          0          0        104   drlef.o
        84          4          0          0          0         60   f2d.o
       348          8          0          0          0        160   faddsub.o
       352         10         64          0          0         92   fdiv.o
        76          0          0          0          0         68   ffixi.o
        94          0          0          0          0         92   fflti.o
       176          4          0          0          0         80   fmul.o
        68          4          0          0          0         68   fscalbn.o
        16          4          0          0          0         76   printf1.o
        16          4          0          0          0         76   printf2.o
        94          0          0          0          0         68   retnan.o
         0          0          0          0          0          0   usenofp.o
       200         20          0          0          0         76   floor.o
        44          4          0          0          0         60   fpclassify.o
       300         52         16         12          0        340   FileBase.o
        52         12         68          0          0        136   FileLike.o
       164          0          0          0          0        392   FilePath.o
       376         52         24         12          0        452   I2C.o
       246         34        106          0          0        448   InterruptIn.o
       436         52         28         12          0        428   SPI.o
        66         14        108          0          0        376   Serial.o
       268         30         24          0          0        604   SerialBase.o
       226         26         76          0          0        552   Stream.o
        84         54          0          0          0         72   mbed_assert.o
       228         98         67          8          0        140   mbed_critical.o
        18          0          0          0          0         72   mbed_error.o
       194         38          0          0          0        220   mbed_gpio.o
         8          0          0          0          0         68   mbed_interface.o
       228         76          0          0          0        204   mbed_pinmap_common.o
        24          6          0          4          0        128   mbed_semihost_api.o
        74          0          0          0          0         68   mbed_ticker_api.o
        16          6         28          8          0         68   mbed_us_ticker_api.o
        86          4          0          0          0        216   mbed_wait_api_no_rtos.o

    ----------------------------------------------------------------------
     17096       1130       1168         72        280      13332   Library Totals
        40          0          8          0          0          0   (incl. Padding)

    ----------------------------------------------------------------------

      Code (inc. data)   RO Data    RW Data    ZI Data      Debug   Library Name

     11038        470        551         16        280       6560   c_p.l
        78          0          0          0          0        224   cpprt_p.l
      2602         82         64          0          0       1428   fz_ps.l
       244         24          0          0          0        136   m_ps.l
      3094        554        545         56          0       4984   mbed.ar

    ----------------------------------------------------------------------
     17096       1130       1168         72        280      13332   Library Totals

    ----------------------------------------------------------------------

==============================================================================


      Code (inc. data)   RO Data    RW Data    ZI Data      Debug   

     24332       2450       2940        116        672      66367   Grand Totals
     24332       2450       2940        116        672      66367   ELF Image Totals
     24332       2450       2940        116          0          0   ROM Totals

==============================================================================

    Total RO  Size (Code + RO Data)                27272 (  26.63kB)
    Total RW  Size (RW Data + ZI Data)               788 (   0.77kB)
    Total ROM Size (Code + RO Data + RW Data)      27388 (  26.75kB)

==============================================================================

