<html>
<body>
<pre>
<h1>µVision Build Log</h1>
<h2>Tool Versions:</h2>
IDE-Version: µVision V5.23.0.0
Copyright (C) 2017 ARM Ltd and ARM Germany GmbH. All rights reserved.
License Information: Chawal Pana, Pagal Khana, LIC=----
 
Tool Versions:
Toolchain:       MDK-Lite  Version: 5.23
Toolchain Path:  C:\Program Files (x86)\Keil_v5\ARM\ARMCC\Bin
C Compiler:      Armcc.exe V5.06 update 4 (build 422)
Assembler:       Armasm.exe V5.06 update 4 (build 422)
Linker/Locator:  ArmLink.exe V5.06 update 4 (build 422)
Library Manager: ArmAr.exe V5.06 update 4 (build 422)
Hex Converter:   FromElf.exe V5.06 update 4 (build 422)
CPU DLL:         
Dialog DLL:      DCM.DLL V1.15.0.0
Target DLL:      CMSIS_AGDI.dll V1.27.5.0
Dialog DLL:      TCM.DLL V1.27.0.0
 
<h2>Project:</h2>
C:\Users\Haaris\Documents\GitHub\icmesh\mbed\src\uvision\icmesh.uvprojx
Project File Date:  03/02/2017

<h2>Output:</h2>
*** Using Compiler 'V5.06 update 4 (build 422)', folder: 'C:\Program Files (x86)\Keil_v5\ARM\ARMCC\Bin'
Rebuild target 'icmesh'
compiling LSM303DLHC.cpp...
LSM303DLHC/LSM303DLHC.h(38): warning:  #1-D: last line of file ends without a newline
  #endif
LSM303DLHC/LSM303DLHC.cpp: 1 warning, 0 errors
compiling main.cpp...
LSM303DLHC\LSM303DLHC.h(38): warning:  #1-D: last line of file ends without a newline
  #endif
main.cpp(100): warning:  #1-D: last line of file ends without a newline
  }
main.cpp: 2 warnings, 0 errors
compiling nRF24L01P.cpp...
linking...
Program Size: Code=24332 RO-data=2940 RW-data=116 ZI-data=672  
After Build - User command #1: fromelf --bin -o BUILD\icmesh.bin BUILD\icmesh.axf
".\BUILD\icmesh.axf" - 0 Error(s), 3 Warning(s).
Build Time Elapsed:  00:00:01
</pre>
</body>
</html>
