Component: ARM Compiler 5.06 update 4 (build 422) Tool: armlink [4d35d2]

==============================================================================

Section Cross References

    main.o(i.__sti___8_main_cpp_t) refers to Timer.o(i._ZN4mbed5TimerC1Ev) for mbed::Timer::Timer()
    main.o(i.__sti___8_main_cpp_t) refers to nrf24l01p.o(i._ZN9nRF24L01PC1E7PinNameS0_S0_S0_S0_S0_) for nRF24L01P::nRF24L01P(PinName, PinName, PinName, PinName, PinName, PinName)
    main.o(i.__sti___8_main_cpp_t) refers to retarget.o(i.__aeabi_atexit) for __aeabi_atexit
    main.o(i.__sti___8_main_cpp_t) refers to Serial.o(i._ZN4mbed6SerialC1E7PinNameS1_PKci) for mbed::Serial::Serial(PinName, PinName, const char*, int)
    main.o(i.__sti___8_main_cpp_t) refers to lsm303dlhc.o(i._ZN10LSM303DLHCC1E7PinNameS0_) for LSM303DLHC::LSM303DLHC(PinName, PinName)
    main.o(i.__sti___8_main_cpp_t) refers to mbed_gpio.o(i.gpio_init_out) for gpio_init_out
    main.o(i.__sti___8_main_cpp_t) refers to main.o(.bss) for .bss
    main.o(i.__sti___8_main_cpp_t) refers to main.o(i._ZN9nRF24L01PD1Ev) for nRF24L01P::~nRF24L01P()
    main.o(i.__sti___8_main_cpp_t) refers to main.o(i._ZN4mbed6SerialD1Ev) for mbed::Serial::~Serial()
    main.o(i.main) refers to SerialBase.o(i._ZN4mbed10SerialBase6formatEiNS0_6ParityEi) for mbed::SerialBase::format(int, mbed::SerialBase::Parity, int)
    main.o(i.main) refers to SerialBase.o(i._ZN4mbed10SerialBase4baudEi) for mbed::SerialBase::baud(int)
    main.o(i.main) refers to Stream.o(i._ZN4mbed6Stream6printfEPKcz) for mbed::Stream::printf(const char*, ...)
    main.o(i.main) refers to aeabi_vec_ctor_nocookie_nodtor.o(i.__aeabi_vec_ctor_nocookie_nodtor) for __aeabi_vec_ctor_nocookie_nodtor
    main.o(i.main) refers to fflti.o(.text) for __aeabi_i2f
    main.o(i.main) refers to Timer.o(i._ZN4mbed5Timer5startEv) for mbed::Timer::start()
    main.o(i.main) refers to lsm303dlhc.o(i._ZN10LSM303DLHC4readEPfS0_S0_S0_S0_S0_) for LSM303DLHC::read(float*, float*, float*, float*, float*, float*)
    main.o(i.main) refers to faddsub.o(x$fpl$fsub) for __aeabi_fsub
    main.o(i.main) refers to atan2f.o(i.atan2f) for atan2f
    main.o(i.main) refers to f2d.o(.text) for __aeabi_f2d
    main.o(i.main) refers to ddiv.o(.text) for __aeabi_ddiv
    main.o(i.main) refers to d2f.o(.text) for __aeabi_d2f
    main.o(i.main) refers to fmul.o(x$fpl$fmul) for __aeabi_fmul
    main.o(i.main) refers to faddsub.o(x$fpl$fadd) for __aeabi_fadd
    main.o(i.main) refers to fdiv.o(.text) for __aeabi_fdiv
    main.o(i.main) refers to powf.o(i.powf) for powf
    main.o(i.main) refers to sqrtf.o(i.sqrtf) for sqrtf
    main.o(i.main) refers to Timer.o(i._ZN4mbed5Timer5resetEv) for mbed::Timer::reset()
    main.o(i.main) refers to Timer.o(i._ZN4mbed5TimercvfEv) for mbed::Timer::operator float()
    main.o(i.main) refers to dmul.o(.text) for __aeabi_dmul
    main.o(i.main) refers to Timer.o(i._ZN4mbed5Timer4readEv) for mbed::Timer::read()
    main.o(i.main) refers to mbed_wait_api_no_rtos.o(i.wait) for wait
    main.o(i.main) refers to main.o(.bss) for .bss
    main.o(i.main) refers to main.o(i.<Func1>) for <Func1>
    main.o(i.main) refers to main.o(.constdata) for .constdata
    main.o(.ARM.exidx) refers to main.o(i.<Func1>) for i.<Func1>
    main.o(.ARM.exidx) refers to main.o(i.main) for i.main
    main.o(.ARM.exidx) refers to main.o(i.__sti___8_main_cpp_t) for i.__sti___8_main_cpp_t
    main.o(.init_array) refers to main.o(i.__sti___8_main_cpp_t) for __sti___8_main_cpp_t
    main.o(.init_array) refers to init_aeabi.o(.text) for __cpp_initialize__aeabi_
    lsm303dlhc.o(i._ZN10LSM303DLHC4readEPfS0_S0_S0_S0_S0_) refers to I2C.o(i._ZN4mbed3I2C5writeEiPKcib) for mbed::I2C::write(int, const char*, int, bool)
    lsm303dlhc.o(i._ZN10LSM303DLHC4readEPfS0_S0_S0_S0_S0_) refers to I2C.o(i._ZN4mbed3I2C4readEiPcib) for mbed::I2C::read(int, char*, int, bool)
    lsm303dlhc.o(i._ZN10LSM303DLHC4readEPfS0_S0_S0_S0_S0_) refers to fflti.o(.text) for __aeabi_i2f
    lsm303dlhc.o(i._ZN10LSM303DLHC4readEPfS0_S0_S0_S0_S0_) refers to fscalbn.o(.text) for __ARM_scalbnf
    lsm303dlhc.o(i._ZN10LSM303DLHC4readEPfS0_S0_S0_S0_S0_) refers to fdiv.o(.text) for __aeabi_fdiv
    lsm303dlhc.o(i._ZN10LSM303DLHC4recvEccPci) refers to I2C.o(i._ZN4mbed3I2C5writeEiPKcib) for mbed::I2C::write(int, const char*, int, bool)
    lsm303dlhc.o(i._ZN10LSM303DLHC4recvEccPci) refers to I2C.o(i._ZN4mbed3I2C4readEiPcib) for mbed::I2C::read(int, char*, int, bool)
    lsm303dlhc.o(i._ZN10LSM303DLHC8read_regEiiPc) refers to I2C.o(i._ZN4mbed3I2C5writeEiPKcib) for mbed::I2C::write(int, const char*, int, bool)
    lsm303dlhc.o(i._ZN10LSM303DLHC8read_regEiiPc) refers to I2C.o(i._ZN4mbed3I2C4readEiPcib) for mbed::I2C::read(int, char*, int, bool)
    lsm303dlhc.o(i._ZN10LSM303DLHC9write_regEiic) refers to I2C.o(i._ZN4mbed3I2C5writeEiPKcib) for mbed::I2C::write(int, const char*, int, bool)
[...]
    _printf_fp_dec.o(.text) refers (Special) to usenofp.o(x$fpl$usenofp) for __I$use$fp
    _printf_fp_dec.o(.text) refers (Special) to lc_numeric_c.o(locale$$code) for _get_lc_numeric
    _printf_fp_dec.o(.text) refers to bigflt0.o(.text) for _btod_etento
    _printf_fp_dec.o(.text) refers to btod.o(.text) for _btod_d2e
    _printf_fp_dec.o(.text) refers to lludiv10.o(.text) for _ll_udiv10
    _printf_fp_dec.o(.text) refers to fpclassify.o(i.__ARM_fpclassify) for __ARM_fpclassify
    _printf_fp_dec.o(.text) refers to _printf_fp_infnan.o(.text) for _printf_fp_infnan
    _printf_fp_dec.o(.text) refers to rtudiv10.o(.text) for __rt_udiv10
    _printf_fp_dec.o(.text) refers (Weak) to _printf_pad.o(.text) for _printf_pre_padding
    _printf_fp_dec.o(.text) refers (Weak) to _printf_pad.o(.text) for _printf_pre_padding
    _printf_fp_dec.o(.text) refers to rt_locale.o(.text) for __rt_locale
    _printf_fp_dec.o(.text) refers (Weak) to _printf_pad.o(.text) for _printf_post_padding
    _printf_fp_hex.o(.text) refers (Special) to usenofp.o(x$fpl$usenofp) for __I$use$fp
    _printf_fp_hex.o(.text) refers to fpclassify.o(i.__ARM_fpclassify) for __ARM_fpclassify
    _printf_fp_hex.o(.text) refers to _printf_fp_infnan.o(.text) for _printf_fp_infnan
    _printf_fp_hex.o(.text) refers to aeabi_sdivfast.o(.text) for __aeabi_idivmod
    _printf_fp_hex.o(.text) refers (Weak) to _printf_pad.o(.text) for _printf_pre_padding
    _printf_fp_hex.o(.text) refers (Weak) to _printf_pad.o(.text) for _printf_pre_padding
    _printf_fp_hex.o(.text) refers (Weak) to _printf_pad.o(.text) for _printf_post_padding
    _printf_fp_hex.o(.text) refers to _printf_fp_hex.o(.constdata) for .constdata
    _printf_fp_hex.o(.constdata) refers (Special) to usenofp.o(x$fpl$usenofp) for __I$use$fp
    _printf_char.o(.text) refers (Weak) to _printf_str.o(.text) for _printf_str
    _printf_char_file_locked.o(.text) refers to _printf_char_common.o(.text) for _printf_char_common
    _printf_char_file_locked.o(.text) refers to fputc.o(i._fputc$unlocked) for _fputc$unlocked
    _printf_wchar.o(.text) refers (Weak) to _printf_wctomb.o(.text) for _printf_wctomb
    _scanf.o(.text) refers (Weak) to scanf1.o(x$fpl$scanf1) for _scanf_real
    _scanf.o(.text) refers (Weak) to _scanf_longlong.o(.text) for _scanf_longlong
    _scanf.o(.text) refers (Weak) to _scanf_int.o(.text) for _scanf_int
    _scanf.o(.text) refers (Weak) to _scanf_wstr.o(.text) for _scanf_wstring
    _scanf.o(.text) refers (Weak) to _scanf_mbtowc.o(.text) for _scanf_mbtowc
    _scanf.o(.text) refers (Weak) to _scanf_str.o(.text) for _scanf_string
    _scanf.o(.text) refers (Weak) to _scanf_wctomb.o(.text) for _scanf_wctomb
    scanf_fp.o(.text) refers (Special) to usenofp.o(x$fpl$usenofp) for __I$use$fp
    scanf_fp.o(.text) refers (Special) to lc_numeric_c.o(locale$$code) for _get_lc_numeric
    scanf_fp.o(.text) refers to llmul.o(.text) for __aeabi_lmul
    scanf_fp.o(.text) refers to rt_errno_addr.o(.text) for __aeabi_errno_addr
    scanf_fp.o(.text) refers to bigflt0.o(.text) for _btod_etento
    scanf_fp.o(.text) refers to btod.o(.text) for _btod_emuld
    scanf_fp.o(.text) refers to rt_locale.o(.text) for __rt_locale
    scanf_fp.o(.text) refers to scanf2.o(x$fpl$scanf2) for _scanf_infnan
    scanf_fp.o(.text) refers to __printf_wp.o(i._is_digit) for _is_digit
    scanf_fp.o(.text) refers to narrow.o(i.__mathlib_narrow) for __mathlib_narrow
    scanf_fp.o(.text) refers to fpconst.o(c$$dinf) for __huge_val
    scanf_char_file_locked.o(.text) refers to scanf_char.o(.text) for __vfscanf_char
    scanf_char_file_locked.o(.text) refers to fgetc.o(i._fgetc$unlocked) for _fgetc$unlocked
    scanf_char_file_locked.o(.text) refers to backspace.o(.text) for ___backspace$unlocked
    backspace.o(.text) refers to ungetc.o(.text) for _ungetc_internal
    ftell.o(.text) refers to rt_errno_addr.o(.text) for __aeabi_errno_addr
    freadfast.o(.text) refers to filbuf.o(.text) for _readbuf
    freadfast.o(.text) refers to aeabi_sdivfast.o(.text) for __aeabi_uidivmod
    freadfast.o(.text) refers to rt_memcpy.o(.text) for __aeabi_memcpy
    fread_bytes_avail.o(.text) refers to filbuf.o(.text) for __filbuf_byte
    fread_bytes_avail.o(.text) refers to rt_memcpy.o(.text) for __aeabi_memcpy
    fwritefast.o(.text) refers to stdio.o(.text) for _writebuf
    fwritefast.o(.text) refers to flsbuf.o(.text) for __flsbuf_byte
    fwritefast.o(.text) refers to rt_memcpy.o(.text) for __aeabi_memcpy
    flushlinebuffered.o(.text) refers to fflush.o(.text) for _do_fflush
    flushlinebuffered.o(.text) refers to stdio_streams.o(.bss) for __stdin
    freadfast_locked.o(.text) refers to filbuf.o(.text) for _readbuf
    freadfast_locked.o(.text) refers to aeabi_sdivfast.o(.text) for __aeabi_uidivmod
    freadfast_locked.o(.text) refers to rt_memcpy.o(.text) for __aeabi_memcpy
    fread_bytes_avail_locked.o(.text) refers to filbuf.o(.text) for __filbuf_byte
    fread_bytes_avail_locked.o(.text) refers to rt_memcpy.o(.text) for __aeabi_memcpy
    fwritefast_locked.o(.text) refers to stdio.o(.text) for _writebuf
    fwritefast_locked.o(.text) refers to flsbuf.o(.text) for __flsbuf_byte
    fwritefast_locked.o(.text) refers to rt_memcpy.o(.text) for __aeabi_memcpy
    flushlinebuffered_locked.o(.text) refers to fflush.o(.text) for _do_fflush
    flushlinebuffered_locked.o(.text) refers to streamlock.o(.data) for _stream_list_lock
    flushlinebuffered_locked.o(.text) refers to stdio_streams.o(.bss) for __stdin
    _mbrtowc.o(.text) refers to rt_ctype_table.o(.text) for __rt_ctype_table
    _wcrtomb.o(.text) refers to rt_ctype_table.o(.text) for __rt_ctype_table
    defsig_exit.o(.text) refers to sys_exit.o(.text) for _sys_exit
    defsig_rtred_outer.o(.text) refers to defsig_rtred_inner.o(.text) for __rt_SIGRTRED_inner
    defsig_rtred_outer.o(.text) refers to defsig_exit.o(.text) for __sig_exit
    defsig_rtred_formal.o(.text) refers to rt_raise.o(.text) for __rt_raise
    defsig_rtmem_outer.o(.text) refers to defsig_rtmem_inner.o(.text) for __rt_SIGRTMEM_inner
    defsig_rtmem_outer.o(.text) refers to defsig_exit.o(.text) for __sig_exit
    defsig_rtmem_formal.o(.text) refers to rt_raise.o(.text) for __rt_raise
    defsig_pvfn_inner.o(.text) refers to defsig_general.o(.text) for __default_signal_display
    assert_stdio.o(.text) refers to fputs.o(.text) for fputs
    assert_stdio.o(.text) refers to fflush.o(.text) for fflush
    assert_stdio.o(.text) refers to stdio_streams.o(.bss) for __stderr
    heapauxa.o(.text) refers to heapauxa.o(.data) for .data
    libshutdown2.o(.ARM.Collect$$libshutdown$$00000001) refers (Weak) to retarget.o(i.__cxa_finalize) for __cxa_finalize
    libshutdown2.o(.ARM.Collect$$libshutdown$$00000003) refers (Weak) to initio.o(.text) for _terminateio
    libshutdown2.o(.ARM.Collect$$libshutdown$$0000000D) refers (Weak) to term_alloc.o(.text) for _terminate_alloc
    arm_begincatch_noexceptions.o(.ARM.exidx) refers to arm_begincatch_noexceptions.o(.text) for .text
    arm_exceptions_support.o(.text) refers to arm_exceptions_support.o(.constdata) for .constdata
    arm_exceptions_support.o(.ARM.exidx) refers to arm_exceptions_support.o(.text) for .text
    arm_exceptions_terminate.o(.text) refers to arm_exceptions_globs.o(.text) for __cxa_get_globals
    arm_exceptions_terminate.o(.text) refers to abort.o(.text) for abort
    arm_exceptions_terminate.o(.ARM.exidx) refers to arm_exceptions_terminate.o(.text) for .text
    arm_exceptions_globs.o(.text) refers to abort.o(.text) for abort
    arm_exceptions_globs.o(.text) refers to rt_eh_globals_addr.o(.text) for __rt_eh_globals_addr
    arm_exceptions_globs.o(.text) refers to h1_alloc.o(.text) for malloc
    arm_exceptions_globs.o(.text) refers to arm_exceptions_mem.o(.text) for __ARM_exceptions_buffer_init
    arm_exceptions_globs.o(.ARM.exidx) refers to arm_exceptions_globs.o(.text) for .text
    unwind_prcommon.o(.text) refers to unwinder.o(.text) for _Unwind_VRS_Get
    unwind_prcommon.o(.text) refers to unwind_activity.o(.emb_text) for _Unwind_Activity
    unwind_prcommon.o(.ARM.exidx) refers to unwind_prcommon.o(.text) for .text
    dcmpin.o(.text) refers (Special) to usenofp.o(x$fpl$usenofp) for __I$use$fp
    dcmpin.o(.text) refers to cmpret.o(.text) for __fpl_cmpreturn
    dcmpin.o(.text) refers to dnan2.o(.text) for __fpl_dcheck_NaN2
    sys_exit.o(.text) refers (Special) to use_no_semi.o(.text) for __I$use$semihosting
    sys_exit.o(.text) refers (Special) to indicate_semi.o(.text) for __semihosting_library_function
    rt_ctype_table.o(.text) refers to rt_locale.o(.text) for __rt_locale
    rt_ctype_table.o(.text) refers to lc_ctype_c.o(locale$$code) for _get_lc_ctype
    rt_locale.o(.text) refers to rt_locale.o(.bss) for __rt_locale_data
    rt_locale_intlibspace.o(.text) refers to libspace.o(.bss) for __libspace_start
    rt_eh_globals_addr.o(.text) refers to rt_eh_globals_addr.o(.bss) for __rt_eh_globals_addr_data
    rt_eh_globals_addr_intlibspace.o(.text) refers to libspace.o(.bss) for __libspace_start
    term_alloc.o(.text) refers (Special) to libshutdown2.o(.ARM.Collect$$libshutdown$$0000000F) for __rt_lib_shutdown_heap_2
    term_alloc.o(.text) refers to rt_heap_descriptor.o(.text) for __rt_heap_descriptor
    _printf_fp_infnan.o(.text) refers (Weak) to _printf_pad.o(.text) for _printf_pre_padding
    _printf_fp_infnan.o(.text) refers (Weak) to _printf_pad.o(.text) for _printf_post_padding
    bigflt0.o(.text) refers (Special) to usenofp.o(x$fpl$usenofp) for __I$use$fp
    bigflt0.o(.text) refers to aeabi_sdivfast.o(.text) for __aeabi_idivmod
    bigflt0.o(.text) refers to btod.o(.text) for _btod_emul
    bigflt0.o(.text) refers to bigflt0.o(.constdata) for .constdata
    bigflt0.o(.constdata) refers (Special) to usenofp.o(x$fpl$usenofp) for __I$use$fp
    btod.o(.text) refers to btod.o(i.__ARM_common_ll_muluu) for __ARM_common_ll_muluu
    lc_numeric_c.o(locale$$data) refers (Special) to libinit2.o(.ARM.Collect$$libinit$$00000016) for __rt_lib_init_lc_numeric_2
    lc_numeric_c.o(locale$$code) refers (Special) to libinit2.o(.ARM.Collect$$libinit$$00000016) for __rt_lib_init_lc_numeric_2
    lc_numeric_c.o(locale$$code) refers to strcmpv6m.o(.text) for strcmp
    lc_numeric_c.o(locale$$code) refers to lc_numeric_c.o(locale$$data) for __lcnum_c_name
    abort.o(.text) refers to defsig_abrt_outer.o(.text) for __rt_SIGABRT
    abort.o(.text) refers to sys_exit.o(.text) for _sys_exit
    __raise.o(.text) refers to defsig.o(CL$$defsig) for __default_signal_handler
    defsig_general.o(.text) refers to sys_wrch.o(.text) for _ttywrch
    defsig_fpe_outer.o(.text) refers to defsig_fpe_inner.o(.text) for __rt_SIGFPE_inner
    defsig_fpe_outer.o(.text) refers to defsig_exit.o(.text) for __sig_exit
    defsig_fpe_formal.o(.text) refers to rt_raise.o(.text) for __rt_raise
    defsig_rtred_inner.o(.text) refers to defsig_general.o(.text) for __default_signal_display
    defsig_rtmem_inner.o(.text) refers to defsig_general.o(.text) for __default_signal_display
    _get_argv_nomalloc.o(.text) refers (Special) to hrguard.o(.text) for __heap_region$guard
    _get_argv_nomalloc.o(.text) refers to defsig_rtmem_outer.o(.text) for __rt_SIGRTMEM
    _get_argv_nomalloc.o(.text) refers to retarget.o(i._sys_command_string) for _sys_command_string
    libinit.o(.ARM.Collect$$libinit$$00000000) refers (Special) to libinit2.o(.ARM.Collect$$libinit$$0000002E) for __rt_lib_init_alloca_1
    libinit.o(.ARM.Collect$$libinit$$00000000) refers (Special) to libinit2.o(.ARM.Collect$$libinit$$0000002C) for __rt_lib_init_argv_1
    libinit.o(.ARM.Collect$$libinit$$00000000) refers (Special) to libinit2.o(.ARM.Collect$$libinit$$0000001B) for __rt_lib_init_atexit_1
    libinit.o(.ARM.Collect$$libinit$$00000000) refers (Special) to libinit2.o(.ARM.Collect$$libinit$$00000021) for __rt_lib_init_clock_1
    libinit.o(.ARM.Collect$$libinit$$00000000) refers (Special) to libinit2.o(.ARM.Collect$$libinit$$00000032) for __rt_lib_init_cpp_1
    libinit.o(.ARM.Collect$$libinit$$00000000) refers (Special) to libinit2.o(.ARM.Collect$$libinit$$00000030) for __rt_lib_init_exceptions_1
    libinit.o(.ARM.Collect$$libinit$$00000000) refers (Special) to libinit2.o(.ARM.Collect$$libinit$$00000002) for __rt_lib_init_fp_1
    libinit.o(.ARM.Collect$$libinit$$00000000) refers (Special) to libinit2.o(.ARM.Collect$$libinit$$0000001F) for __rt_lib_init_fp_trap_1
    libinit.o(.ARM.Collect$$libinit$$00000000) refers (Special) to libinit2.o(.ARM.Collect$$libinit$$00000023) for __rt_lib_init_getenv_1
    libinit.o(.ARM.Collect$$libinit$$00000000) refers (Special) to libinit2.o(.ARM.Collect$$libinit$$0000000A) for __rt_lib_init_heap_1
    libinit.o(.ARM.Collect$$libinit$$00000000) refers (Special) to libinit2.o(.ARM.Collect$$libinit$$00000011) for __rt_lib_init_lc_collate_1
    libinit.o(.ARM.Collect$$libinit$$00000000) refers (Special) to libinit2.o(.ARM.Collect$$libinit$$00000013) for __rt_lib_init_lc_ctype_1
    libinit.o(.ARM.Collect$$libinit$$00000000) refers (Special) to libinit2.o(.ARM.Collect$$libinit$$00000015) for __rt_lib_init_lc_monetary_1
    libinit.o(.ARM.Collect$$libinit$$00000000) refers (Special) to libinit2.o(.ARM.Collect$$libinit$$00000017) for __rt_lib_init_lc_numeric_1
    libinit.o(.ARM.Collect$$libinit$$00000000) refers (Special) to libinit2.o(.ARM.Collect$$libinit$$00000019) for __rt_lib_init_lc_time_1
    libinit.o(.ARM.Collect$$libinit$$00000000) refers (Special) to libinit2.o(.ARM.Collect$$libinit$$00000004) for __rt_lib_init_preinit_1
    libinit.o(.ARM.Collect$$libinit$$00000000) refers (Special) to libinit2.o(.ARM.Collect$$libinit$$0000000E) for __rt_lib_init_rand_1
    libinit.o(.ARM.Collect$$libinit$$00000000) refers (Special) to libinit2.o(.ARM.Collect$$libinit$$00000033) for __rt_lib_init_return
    libinit.o(.ARM.Collect$$libinit$$00000000) refers (Special) to libinit2.o(.ARM.Collect$$libinit$$0000001D) for __rt_lib_init_signal_1
    libinit.o(.ARM.Collect$$libinit$$00000000) refers (Special) to libinit2.o(.ARM.Collect$$libinit$$00000025) for __rt_lib_init_stdio_1
    libinit.o(.ARM.Collect$$libinit$$00000000) refers (Special) to libinit2.o(.ARM.Collect$$libinit$$0000000C) for __rt_lib_init_user_alloc_1
    arm_exceptions_mem.o(.text) refers to h1_alloc.o(.text) for malloc
    arm_exceptions_mem.o(.ARM.exidx) refers to arm_exceptions_mem.o(.text) for .text
    unwinder.o(.emb_text) refers to unwinder.o(.text) for __ARM_Unwind_RaiseException
    unwinder.o(.text) refers to bsearchnoex.o(.text) for bsearch
    unwinder.o(.text) refers to unwind_activity.o(.emb_text) for _Unwind_Activity
    unwinder.o(.text) refers to abort.o(.text) for abort
    unwinder.o(.text) refers to unwinder.o(.emb_text) for __ARM_Unwind_VRS_corerestore
    unwinder.o(.text) refers to h1_alloc.o(.text) for malloc
    unwinder.o(.text) refers to rt_memcpy.o(.emb_text) for __aeabi_memcpy4
    unwinder.o(.text) refers to h1_free.o(.text) for free
    unwinder.o(.text) refers (Weak) to unwind_pr0.o(.text) for __aeabi_unwind_cpp_pr0
    unwinder.o(.ARM.exidx) refers to unwinder.o(.text) for .text
    cmpret.o(.text) refers (Special) to usenofp.o(x$fpl$usenofp) for __I$use$fp
    dnan2.o(.text) refers (Special) to usenofp.o(x$fpl$usenofp) for __I$use$fp
    dnan2.o(.text) refers to retnan.o(.text) for __fpl_return_NaN
    fpconst.o(c$$dinf) refers (Special) to usenofp.o(x$fpl$usenofp) for __I$use$fp
    fpconst.o(c$$dnan) refers (Special) to usenofp.o(x$fpl$usenofp) for __I$use$fp
    fpconst.o(c$$finf) refers (Special) to usenofp.o(x$fpl$usenofp) for __I$use$fp
    scanf2.o(x$fpl$scanf2) refers to scanf_hexfp.o(.text) for _scanf_really_hex_real
    scanf2.o(x$fpl$scanf2) refers to scanf_infnan.o(.text) for _scanf_really_infnan
    scanf2b.o(x$fpl$scanf2) refers to scanf_hexfp.o(.text) for _scanf_really_hex_real
    scanf2b.o(x$fpl$scanf2) refers to scanf_infnan.o(.text) for _scanf_really_infnan
    fpclassify.o(i.__ARM_fpclassify) refers (Special) to usenofp.o(x$fpl$usenofp) for __I$use$fp
    narrow.o(i.__mathlib_narrow) refers (Special) to usenofp.o(x$fpl$usenofp) for __I$use$fp
    narrow.o(i.__mathlib_narrow) refers to narrow.o(i.__mathlib_tofloat) for __mathlib_tofloat
    narrow.o(i.__mathlib_tofloat) refers (Special) to usenofp.o(x$fpl$usenofp) for __I$use$fp
    narrow.o(i.__mathlib_tofloat) refers to frexp.o(i.frexp) for frexp
    narrow.o(i.__mathlib_tofloat) refers to deqf.o(x$fpl$deqf) for __aeabi_cdcmpeq
    narrow.o(i.__mathlib_tofloat) refers to d2f.o(.text) for __aeabi_d2f
    narrow.o(i.__mathlib_tofloat) refers to _rserrno.o(.text) for __set_errno
    narrow.o(i.__mathlib_tofloat) refers to drlef.o(x$fpl$drleqf) for __aeabi_cdrcmple
    narrow.o(i.__softfp___mathlib_tofloat) refers (Special) to usenofp.o(x$fpl$usenofp) for __I$use$fp
    narrow.o(i.__softfp___mathlib_tofloat) refers to narrow.o(i.__mathlib_tofloat) for __mathlib_tofloat
    sys_wrch.o(.text) refers (Special) to use_no_semi.o(.text) for __I$use$semihosting
    sys_wrch.o(.text) refers (Special) to indicate_semi.o(.text) for __semihosting_library_function
    scanf_hexfp.o(.text) refers to _chval.o(.text) for _chval
    scanf_hexfp.o(.text) refers to llshl.o(.text) for __aeabi_llsl
    scanf_hexfp.o(.text) refers to ldexp.o(i.__support_ldexp) for __support_ldexp
    scanf_hexfp.o(.text) refers to narrow.o(i.__mathlib_narrow) for __mathlib_narrow
    lc_ctype_c.o(locale$$data) refers (Special) to libinit2.o(.ARM.Collect$$libinit$$00000012) for __rt_lib_init_lc_ctype_2
    lc_ctype_c.o(locale$$code) refers (Special) to libinit2.o(.ARM.Collect$$libinit$$00000012) for __rt_lib_init_lc_ctype_2
    lc_ctype_c.o(locale$$code) refers to strcmpv6m.o(.text) for strcmp
    lc_ctype_c.o(locale$$code) refers to lc_ctype_c.o(locale$$data) for __lcctype_c_name
    defsig_abrt_outer.o(.text) refers to defsig_abrt_inner.o(.text) for __rt_SIGABRT_inner
    defsig_abrt_outer.o(.text) refers to defsig_exit.o(.text) for __sig_exit
    defsig_abrt_formal.o(.text) refers to rt_raise.o(.text) for __rt_raise
    defsig_fpe_inner.o(.text) refers to defsig_general.o(.text) for __default_signal_display
    defsig.o(CL$$defsig) refers to defsig_abrt_inner.o(.text) for __rt_SIGABRT_inner
    defsig.o(CL$$defsig) refers to defsig_fpe_inner.o(.text) for __rt_SIGFPE_inner
    defsig.o(CL$$defsig) refers to defsig_rtred_inner.o(.text) for __rt_SIGRTRED_inner
    defsig.o(CL$$defsig) refers to defsig_rtmem_inner.o(.text) for __rt_SIGRTMEM_inner
    defsig.o(CL$$defsig) refers to defsig_pvfn_inner.o(.text) for __rt_SIGPVFN_inner
    deqf.o(x$fpl$deqf) refers (Special) to usenofp.o(x$fpl$usenofp) for __I$use$fp
    deqf.o(x$fpl$deqf) refers to dcmpin.o(.text) for __fpl_dcmp_InfNaN
    retnan.o(.text) refers (Special) to usenofp.o(x$fpl$usenofp) for __I$use$fp
    retnan.o(.text) refers to cmpret.o(.text) for __fpl_cmpreturn
    frexp.o(i.__softfp_frexp) refers (Special) to usenofp.o(x$fpl$usenofp) for __I$use$fp
    frexp.o(i.__softfp_frexp) refers to dscalbn.o(.text) for __ARM_scalbn
    frexp.o(i.frexp) refers (Special) to usenofp.o(x$fpl$usenofp) for __I$use$fp
    frexp.o(i.frexp) refers to dscalbn.o(.text) for __ARM_scalbn
    defsig_abrt_inner.o(.text) refers to defsig_general.o(.text) for __default_signal_display
    defsig_stak_inner.o(.text) refers to defsig_general.o(.text) for __default_signal_display
    defsig_cppl_inner.o(.text) refers to defsig_general.o(.text) for __default_signal_display
    defsig_segv_inner.o(.text) refers to defsig_general.o(.text) for __default_signal_display
    defsig_other.o(.text) refers to defsig_general.o(.text) for __default_signal_display
    dscalbn.o(.text) refers (Special) to usenofp.o(x$fpl$usenofp) for __I$use$fp
    ldexp.o(i.__softfp_ldexp) refers (Special) to usenofp.o(x$fpl$usenofp) for __I$use$fp
    ldexp.o(i.__softfp_ldexp) refers to ldexp.o(i.ldexp) for ldexp
    ldexp.o(i.__support_ldexp) refers (Special) to usenofp.o(x$fpl$usenofp) for __I$use$fp
    ldexp.o(i.__support_ldexp) refers to ldexp.o(i.ldexp) for ldexp
    ldexp.o(i.ldexp) refers (Special) to usenofp.o(x$fpl$usenofp) for __I$use$fp
    ldexp.o(i.ldexp) refers to deqf.o(x$fpl$deqf) for __aeabi_cdcmpeq
    ldexp.o(i.ldexp) refers to dscalbn.o(.text) for __ARM_scalbn
    ldexp.o(i.ldexp) refers to _rserrno.o(.text) for __set_errno
    ldexp.o(i.ldexp) refers to dunder.o(i.__mathlib_dbl_underflow) for __mathlib_dbl_underflow
    ldexp.o(i.ldexp) refers to dunder.o(i.__mathlib_dbl_overflow) for __mathlib_dbl_overflow
    ldexp_x.o(i.____softfp_ldexp$lsc) refers (Special) to usenofp.o(x$fpl$usenofp) for __I$use$fp
    ldexp_x.o(i.____softfp_ldexp$lsc) refers to ldexp_x.o(i.__ldexp$lsc) for __ldexp$lsc
    ldexp_x.o(i.____support_ldexp$lsc) refers (Special) to usenofp.o(x$fpl$usenofp) for __I$use$fp
    ldexp_x.o(i.____support_ldexp$lsc) refers to ldexp_x.o(i.__ldexp$lsc) for __ldexp$lsc
    ldexp_x.o(i.__ldexp$lsc) refers (Special) to usenofp.o(x$fpl$usenofp) for __I$use$fp
    ldexp_x.o(i.__ldexp$lsc) refers to deqf.o(x$fpl$deqf) for __aeabi_cdcmpeq
    ldexp_x.o(i.__ldexp$lsc) refers to dscalbn.o(.text) for __ARM_scalbn
    ldexp_x.o(i.__ldexp$lsc) refers to _rserrno.o(.text) for __set_errno
    ldexp_x.o(i.__ldexp$lsc) refers to qnan.o(.constdata) for __mathlib_zero
    dunder.o(i.__mathlib_dbl_divzero) refers to ddiv.o(.text) for __aeabi_ddiv
    dunder.o(i.__mathlib_dbl_infnan) refers to dscalbn.o(.text) for __ARM_scalbn
    dunder.o(i.__mathlib_dbl_infnan2) refers to daddsub.o(.text) for __aeabi_dadd
    dunder.o(i.__mathlib_dbl_invalid) refers to ddiv.o(.text) for __aeabi_ddiv
    dunder.o(i.__mathlib_dbl_overflow) refers to dscalbn.o(.text) for __ARM_scalbn
    dunder.o(i.__mathlib_dbl_posinfnan) refers to dmul.o(.text) for __aeabi_dmul
    dunder.o(i.__mathlib_dbl_underflow) refers to dscalbn.o(.text) for __ARM_scalbn
    qnan.o(.constdata) refers (Special) to usenofp.o(x$fpl$usenofp) for __I$use$fp
    main.o(i._ZN9nRF24L01PD1Ev) refers to InterruptIn.o(i._ZN4mbed11InterruptInD1Ev) for mbed::InterruptIn::~InterruptIn()
    main.o(.ARM.exidx) refers to main.o(i._ZN9nRF24L01PD1Ev) for i._ZN9nRF24L01PD1Ev
    main.o(i._ZN4mbed6SerialD1Ev) refers to Stream.o(i._ZN4mbed6StreamD2Ev) for mbed::Stream::~Stream__sub_object()
    main.o(i._ZN4mbed6SerialD1Ev) refers to aeabi_vec_dtor_noexceptions.o(.text) for __aeabi_vec_dtor
    main.o(i._ZN4mbed6SerialD1Ev) refers to Serial.o(.constdata__ZTVN4mbed6SerialE) for vtable for mbed::Serial
    main.o(i._ZN4mbed6SerialD1Ev) refers to SerialBase.o(.constdata__ZTVN4mbed10SerialBaseE) for vtable for mbed::SerialBase
    main.o(i._ZN4mbed6SerialD1Ev) refers to main.o(t._ZN4mbed8CallbackIFvvEED1Ev) for mbed::Callback<void()>::~Callback()
    main.o(.ARM.exidx) refers to main.o(i._ZN4mbed6SerialD1Ev) for i._ZN4mbed6SerialD1Ev
    main.o(.ARM.exidx) refers to main.o(t._ZN4mbed8CallbackIFvvEED1Ev) for t._ZN4mbed8CallbackIFvvEED1Ev
    retarget.o(.constdata__ZTVN4mbed10FileHandleE) refers to retarget.o(.constdata__ZTIN4mbed10FileHandleE) for typeinfo for mbed::FileHandle
    retarget.o(.constdata__ZTVN4mbed10FileHandleE) refers to pure_virt.o(i.__cxa_pure_virtual) for __cxa_pure_virtual
    retarget.o(.constdata__ZTVN4mbed10FileHandleE) refers to retarget.o(i._ZN4mbed10FileHandle4flenEv) for mbed::FileHandle::flen()
    retarget.o(.constdata__ZTVN4mbed10FileHandleE) refers to retarget.o(i._ZN4mbed10FileHandleD2Ev) for mbed::FileHandle::~FileHandle__sub_object()
    retarget.o(.constdata__ZTVN4mbed10FileHandleE) refers to retarget.o(i._ZN4mbed10FileHandleD0Ev) for mbed::FileHandle::~FileHandle__deallocating()
    retarget.o(.constdata__ZTVN4mbed10FileHandleE) refers to retarget.o(i._ZN4mbed10FileHandle4lockEv) for mbed::FileHandle::lock()
    retarget.o(.constdata__ZTVN4mbed10FileHandleE) refers to retarget.o(i._ZN4mbed10FileHandle6unlockEv) for mbed::FileHandle::unlock()
    retarget.o(.ARM.exidx) refers to retarget.o(i._ZN4mbed10FileHandle4flenEv) for i._ZN4mbed10FileHandle4flenEv
    retarget.o(.ARM.exidx) refers to retarget.o(i._ZN4mbed10FileHandle4lockEv) for i._ZN4mbed10FileHandle4lockEv
    retarget.o(.ARM.exidx) refers to retarget.o(i._ZN4mbed10FileHandle6unlockEv) for i._ZN4mbed10FileHandle6unlockEv
    retarget.o(.constdata__ZTIN4mbed10FileHandleE) refers to lib_rtti_impl.o(.constdata__ZTVN10__cxxabiv117__class_type_infoE) for vtable for __cxxabiv1::__class_type_info
    retarget.o(.constdata__ZTIN4mbed10FileHandleE) refers to retarget.o(.constdata__ZTSN4mbed10FileHandleE) for typeinfo name for mbed::FileHandle
    FileSystemLike.o(.constdata__ZTVN4mbed14FileSystemLikeE) refers to FileSystemLike.o(.constdata__ZTIN4mbed14FileSystemLikeE) for typeinfo for mbed::FileSystemLike
    FileSystemLike.o(.constdata__ZTVN4mbed14FileSystemLikeE) refers to FileSystemLike.o(i._ZN4mbed14FileSystemLikeD2Ev) for mbed::FileSystemLike::~FileSystemLike__sub_object()
    FileSystemLike.o(.constdata__ZTVN4mbed14FileSystemLikeE) refers to FileSystemLike.o(i._ZN4mbed14FileSystemLikeD0Ev) for mbed::FileSystemLike::~FileSystemLike__deallocating()
    FileSystemLike.o(.constdata__ZTVN4mbed14FileSystemLikeE) refers to pure_virt.o(i.__cxa_pure_virtual) for __cxa_pure_virtual
    FileSystemLike.o(.constdata__ZTVN4mbed14FileSystemLikeE) refers to FileSystemLike.o(i._ZN4mbed14FileSystemLike6removeEPKc) for mbed::FileSystemLike::remove(const char*)
    FileSystemLike.o(.constdata__ZTVN4mbed14FileSystemLikeE) refers to FileSystemLike.o(i._ZN4mbed14FileSystemLike6renameEPKcS2_) for mbed::FileSystemLike::rename(const char*, const char*)
    FileSystemLike.o(.constdata__ZTVN4mbed14FileSystemLikeE) refers to FileSystemLike.o(i._ZN4mbed14FileSystemLike7opendirEPKc) for mbed::FileSystemLike::opendir(const char*)
    FileSystemLike.o(.constdata__ZTVN4mbed14FileSystemLikeE) refers to FileSystemLike.o(i._ZN4mbed14FileSystemLike5mkdirEPKci) for mbed::FileSystemLike::mkdir(const char*, int)
    FileSystemLike.o(.ARM.exidx) refers to FileSystemLike.o(i._ZN4mbed14FileSystemLike6removeEPKc) for i._ZN4mbed14FileSystemLike6removeEPKc
    FileSystemLike.o(.ARM.exidx) refers to FileSystemLike.o(i._ZN4mbed14FileSystemLike6renameEPKcS2_) for i._ZN4mbed14FileSystemLike6renameEPKcS2_
    FileSystemLike.o(.ARM.exidx) refers to FileSystemLike.o(i._ZN4mbed14FileSystemLike7opendirEPKc) for i._ZN4mbed14FileSystemLike7opendirEPKc
    FileSystemLike.o(.ARM.exidx) refers to FileSystemLike.o(i._ZN4mbed14FileSystemLike5mkdirEPKci) for i._ZN4mbed14FileSystemLike5mkdirEPKci
    FileSystemLike.o(.constdata__ZTVN4mbed13BaseDirHandleE) refers to FileSystemLike.o(.constdata__ZTIN4mbed13BaseDirHandleE) for typeinfo for mbed::BaseDirHandle
    FileSystemLike.o(.constdata__ZTVN4mbed13BaseDirHandleE) refers to FileSystemLike.o(i._ZN4mbed13BaseDirHandle8closedirEv) for mbed::BaseDirHandle::closedir()
    FileSystemLike.o(.constdata__ZTVN4mbed13BaseDirHandleE) refers to FileSystemLike.o(i._ZN4mbed13BaseDirHandle7readdirEv) for mbed::BaseDirHandle::readdir()
    FileSystemLike.o(.constdata__ZTVN4mbed13BaseDirHandleE) refers to FileSystemLike.o(i._ZN4mbed13BaseDirHandle9rewinddirEv) for mbed::BaseDirHandle::rewinddir()
    FileSystemLike.o(.constdata__ZTVN4mbed13BaseDirHandleE) refers to FileSystemLike.o(i._ZN4mbed13BaseDirHandle7telldirEv) for mbed::BaseDirHandle::telldir()
    FileSystemLike.o(.constdata__ZTVN4mbed13BaseDirHandleE) refers to FileSystemLike.o(i._ZN4mbed13BaseDirHandle7seekdirEl) for mbed::BaseDirHandle::seekdir(long)
    FileSystemLike.o(.constdata__ZTVN4mbed13BaseDirHandleE) refers to FileSystemLike.o(i._ZN4mbed13BaseDirHandleD1Ev) for mbed::BaseDirHandle::~BaseDirHandle()
    FileSystemLike.o(.constdata__ZTVN4mbed13BaseDirHandleE) refers to FileSystemLike.o(i._ZN4mbed13BaseDirHandleD0Ev) for mbed::BaseDirHandle::~BaseDirHandle__deallocating()
    FileSystemLike.o(.constdata__ZTVN4mbed13BaseDirHandleE) refers to FileSystemLike.o(i._ZN4mbed13BaseDirHandle4lockEv) for mbed::BaseDirHandle::lock()
    FileSystemLike.o(.constdata__ZTVN4mbed13BaseDirHandleE) refers to FileSystemLike.o(i._ZN4mbed13BaseDirHandle6unlockEv) for mbed::BaseDirHandle::unlock()
    FileSystemLike.o(.constdata__ZTIN4mbed14FileSystemLikeE) refers to lib_rtti_impl.o(.constdata__ZTVN10__cxxabiv120__si_class_type_infoE) for vtable for __cxxabiv1::__si_class_type_info
    FileSystemLike.o(.constdata__ZTIN4mbed14FileSystemLikeE) refers to FileSystemLike.o(.constdata__ZTSN4mbed14FileSystemLikeE) for typeinfo name for mbed::FileSystemLike
    FileSystemLike.o(.constdata__ZTIN4mbed14FileSystemLikeE) refers to FileBase.o(.constdata__ZTIN4mbed8FileBaseE) for typeinfo for mbed::FileBase
    FileSystemLike.o(.constdata__ZTIN4mbed13BaseDirHandleE) refers to lib_rtti_impl.o(.constdata__ZTVN10__cxxabiv120__si_class_type_infoE) for vtable for __cxxabiv1::__si_class_type_info
    FileSystemLike.o(.constdata__ZTIN4mbed13BaseDirHandleE) refers to FileSystemLike.o(.constdata__ZTSN4mbed13BaseDirHandleE) for typeinfo name for mbed::BaseDirHandle
    FileSystemLike.o(.constdata__ZTIN4mbed13BaseDirHandleE) refers to FileSystemLike.o(.constdata__ZTIN4mbed9DirHandleE) for typeinfo for mbed::DirHandle
    FileSystemLike.o(.constdata__ZTIN4mbed9DirHandleE) refers to lib_rtti_impl.o(.constdata__ZTVN10__cxxabiv117__class_type_infoE) for vtable for __cxxabiv1::__class_type_info
    FileSystemLike.o(.constdata__ZTIN4mbed9DirHandleE) refers to FileSystemLike.o(.constdata__ZTSN4mbed9DirHandleE) for typeinfo name for mbed::DirHandle
    FileSystemLike.o(.ARM.exidx) refers to FileSystemLike.o(i._ZN4mbed13BaseDirHandle8closedirEv) for i._ZN4mbed13BaseDirHandle8closedirEv
    FileSystemLike.o(i._ZN4mbed13BaseDirHandle7readdirEv) refers to FileBase.o(i._ZN4mbed8FileBase3getEi) for mbed::FileBase::get(int)
    FileSystemLike.o(i._ZN4mbed13BaseDirHandle7readdirEv) refers to FileBase.o(i._ZN4mbed8FileBase7getNameEv) for mbed::FileBase::getName()
    FileSystemLike.o(i._ZN4mbed13BaseDirHandle7readdirEv) refers to strncpy.o(.text) for strncpy
    FileSystemLike.o(.ARM.exidx) refers to FileSystemLike.o(i._ZN4mbed13BaseDirHandle7readdirEv) for i._ZN4mbed13BaseDirHandle7readdirEv
    FileSystemLike.o(.ARM.exidx) refers to FileSystemLike.o(i._ZN4mbed13BaseDirHandle7telldirEv) for i._ZN4mbed13BaseDirHandle7telldirEv
    FileSystemLike.o(.ARM.exidx) refers to FileSystemLike.o(i._ZN4mbed13BaseDirHandle7seekdirEl) for i._ZN4mbed13BaseDirHandle7seekdirEl
    FileSystemLike.o(.ARM.exidx) refers to FileSystemLike.o(i._ZN4mbed13BaseDirHandle9rewinddirEv) for i._ZN4mbed13BaseDirHandle9rewinddirEv
    FileSystemLike.o(.ARM.exidx) refers to FileSystemLike.o(i._ZN4mbed13BaseDirHandle4lockEv) for i._ZN4mbed13BaseDirHandle4lockEv
    FileSystemLike.o(.ARM.exidx) refers to FileSystemLike.o(i._ZN4mbed13BaseDirHandle6unlockEv) for i._ZN4mbed13BaseDirHandle6unlockEv
    FileSystemLike.o(i._ZN4mbed13BaseDirHandleD1Ev) refers to FileSystemLike.o(.constdata__ZTVN4mbed13BaseDirHandleE) for vtable for mbed::BaseDirHandle
    FileSystemLike.o(.ARM.exidx) refers to FileSystemLike.o(i._ZN4mbed13BaseDirHandleD1Ev) for i._ZN4mbed13BaseDirHandleD1Ev
    FileSystemLike.o(i._ZN4mbed13BaseDirHandleD0Ev) refers to retarget.o(i._ZdlPv) for operator delete (void*)
    FileSystemLike.o(i._ZN4mbed13BaseDirHandleD0Ev) refers to FileSystemLike.o(.constdata__ZTVN4mbed13BaseDirHandleE) for vtable for mbed::BaseDirHandle
    FileSystemLike.o(.ARM.exidx) refers to FileSystemLike.o(i._ZN4mbed13BaseDirHandleD0Ev) for i._ZN4mbed13BaseDirHandleD0Ev
    I2C.o(.constdata__ZTVN4mbed3I2CE) refers to I2C.o(.constdata__ZTIN4mbed3I2CE) for typeinfo for mbed::I2C
    I2C.o(.constdata__ZTVN4mbed3I2CE) refers to I2C.o(i._ZN4mbed3I2C4lockEv) for mbed::I2C::lock()
    I2C.o(.constdata__ZTVN4mbed3I2CE) refers to I2C.o(i._ZN4mbed3I2C6unlockEv) for mbed::I2C::unlock()
    I2C.o(.constdata__ZTVN4mbed3I2CE) refers to I2C.o(i._ZN4mbed3I2CD1Ev) for mbed::I2C::~I2C()
    I2C.o(.constdata__ZTVN4mbed3I2CE) refers to I2C.o(i._ZN4mbed3I2CD0Ev) for mbed::I2C::~I2C__deallocating()
    I2C.o(.ARM.exidx) refers to I2C.o(i._ZN4mbed3I2CD1Ev) for i._ZN4mbed3I2CD1Ev
    I2C.o(i._ZN4mbed3I2CD0Ev) refers to retarget.o(i._ZdlPv) for operator delete (void*)
    I2C.o(.ARM.exidx) refers to I2C.o(i._ZN4mbed3I2CD0Ev) for i._ZN4mbed3I2CD0Ev
    I2C.o(.constdata__ZTIN4mbed3I2CE) refers to lib_rtti_impl.o(.constdata__ZTVN10__cxxabiv117__class_type_infoE) for vtable for __cxxabiv1::__class_type_info
    I2C.o(.constdata__ZTIN4mbed3I2CE) refers to I2C.o(.constdata__ZTSN4mbed3I2CE) for typeinfo name for mbed::I2C
    InterruptIn.o(.constdata__ZTVN4mbed11InterruptInE) refers to InterruptIn.o(.constdata__ZTIN4mbed11InterruptInE) for typeinfo for mbed::InterruptIn
    InterruptIn.o(.constdata__ZTVN4mbed11InterruptInE) refers to InterruptIn.o(i._ZN4mbed11InterruptInD1Ev) for mbed::InterruptIn::~InterruptIn()
    InterruptIn.o(.constdata__ZTVN4mbed11InterruptInE) refers to InterruptIn.o(i._ZN4mbed11InterruptInD0Ev) for mbed::InterruptIn::~InterruptIn__deallocating()
    InterruptIn.o(.constdata__ZTIN4mbed11InterruptInE) refers to lib_rtti_impl.o(.constdata__ZTVN10__cxxabiv117__class_type_infoE) for vtable for __cxxabiv1::__class_type_info
    InterruptIn.o(.constdata__ZTIN4mbed11InterruptInE) refers to InterruptIn.o(.constdata__ZTSN4mbed11InterruptInE) for typeinfo name for mbed::InterruptIn
    InterruptIn.o(.constdata__ZZN4mbed8CallbackIFvvEE8generateIPS1_EEvRKT_E3ops) refers to InterruptIn.o(t._ZN4mbed8CallbackIFvvEE13function_callIPS1_EEvPKv) for void mbed::Callback<void()>::function_call<void(*)()>(const void*)
    InterruptIn.o(.constdata__ZZN4mbed8CallbackIFvvEE8generateIPS1_EEvRKT_E3ops) refers to InterruptIn.o(t._ZN4mbed8CallbackIFvvEE13function_moveIPS1_EEvPvPKv) for void mbed::Callback<void()>::function_move<void(*)()>(void*, const void*)
    InterruptIn.o(.constdata__ZZN4mbed8CallbackIFvvEE8generateIPS1_EEvRKT_E3ops) refers to InterruptIn.o(t._ZN4mbed8CallbackIFvvEE13function_dtorIPS1_EEvPv) for void mbed::Callback<void()>::function_dtor<void(*)()>(void*)
    InterruptIn.o(.ARM.exidx) refers to InterruptIn.o(t._ZN4mbed8CallbackIFvvEE13function_callIPS1_EEvPKv) for t._ZN4mbed8CallbackIFvvEE13function_callIPS1_EEvPKv
    InterruptIn.o(.ARM.exidx) refers to InterruptIn.o(t._ZN4mbed8CallbackIFvvEE13function_moveIPS1_EEvPvPKv) for t._ZN4mbed8CallbackIFvvEE13function_moveIPS1_EEvPvPKv
    InterruptIn.o(.ARM.exidx) refers to InterruptIn.o(t._ZN4mbed8CallbackIFvvEE13function_dtorIPS1_EEvPv) for t._ZN4mbed8CallbackIFvvEE13function_dtorIPS1_EEvPv
    SPI.o(.constdata__ZTVN4mbed3SPIE) refers to SPI.o(.constdata__ZTIN4mbed3SPIE) for typeinfo for mbed::SPI
    SPI.o(.constdata__ZTVN4mbed3SPIE) refers to SPI.o(i._ZN4mbed3SPI5writeEi) for mbed::SPI::write(int)
    SPI.o(.constdata__ZTVN4mbed3SPIE) refers to SPI.o(i._ZN4mbed3SPI4lockEv) for mbed::SPI::lock()
    SPI.o(.constdata__ZTVN4mbed3SPIE) refers to SPI.o(i._ZN4mbed3SPI6unlockEv) for mbed::SPI::unlock()
    SPI.o(.constdata__ZTVN4mbed3SPIE) refers to SPI.o(i._ZN4mbed3SPID1Ev) for mbed::SPI::~SPI()
    SPI.o(.constdata__ZTVN4mbed3SPIE) refers to SPI.o(i._ZN4mbed3SPID0Ev) for mbed::SPI::~SPI__deallocating()
    SPI.o(.ARM.exidx) refers to SPI.o(i._ZN4mbed3SPID1Ev) for i._ZN4mbed3SPID1Ev
    SPI.o(i._ZN4mbed3SPID0Ev) refers to retarget.o(i._ZdlPv) for operator delete (void*)
    SPI.o(.ARM.exidx) refers to SPI.o(i._ZN4mbed3SPID0Ev) for i._ZN4mbed3SPID0Ev
    SPI.o(.constdata__ZTIN4mbed3SPIE) refers to lib_rtti_impl.o(.constdata__ZTVN10__cxxabiv117__class_type_infoE) for vtable for __cxxabiv1::__class_type_info
    SPI.o(.constdata__ZTIN4mbed3SPIE) refers to SPI.o(.constdata__ZTSN4mbed3SPIE) for typeinfo name for mbed::SPI
    Serial.o(.constdata__ZTVN4mbed6SerialE) refers to Serial.o(.constdata__ZTIN4mbed6SerialE) for typeinfo for mbed::Serial
    Serial.o(.constdata__ZTVN4mbed6SerialE) refers to Serial.o(i._ZN4mbed6Serial4lockEv) for mbed::Serial::lock()
    Serial.o(.constdata__ZTVN4mbed6SerialE) refers to Serial.o(i._ZN4mbed6Serial6unlockEv) for mbed::Serial::unlock()
    Serial.o(.constdata__ZTVN4mbed6SerialE) refers to main.o(i._ZN4mbed6SerialD1Ev) for mbed::Serial::~Serial()
    Serial.o(.constdata__ZTVN4mbed6SerialE) refers to Serial.o(i._ZN4mbed6SerialD0Ev) for mbed::Serial::~Serial__deallocating()
    Serial.o(.constdata__ZTVN4mbed6SerialE) refers to Serial.o(i._ZN4mbed6Serial5_getcEv) for mbed::Serial::_getc()
    Serial.o(.constdata__ZTVN4mbed6SerialE) refers to Serial.o(i._ZN4mbed6Serial5_putcEi) for mbed::Serial::_putc(int)
    Serial.o(.constdata__ZTVN4mbed6SerialE) refers to Stream.o(i._ZN4mbed6Stream5writeEPKvj) for mbed::Stream::write(const void*, unsigned)
    Serial.o(.constdata__ZTVN4mbed6SerialE) refers to Stream.o(i._ZN4mbed6Stream5closeEv) for mbed::Stream::close()
    Serial.o(.constdata__ZTVN4mbed6SerialE) refers to Stream.o(i._ZN4mbed6Stream4readEPvj) for mbed::Stream::read(void*, unsigned)
    Serial.o(.constdata__ZTVN4mbed6SerialE) refers to Stream.o(i._ZN4mbed6Stream6isattyEv) for mbed::Stream::isatty()
    Serial.o(.constdata__ZTVN4mbed6SerialE) refers to Stream.o(i._ZN4mbed6Stream5lseekEli) for mbed::Stream::lseek(long, int)
    Serial.o(.constdata__ZTVN4mbed6SerialE) refers to Stream.o(i._ZN4mbed6Stream5fsyncEv) for mbed::Stream::fsync()
    Serial.o(.constdata__ZTVN4mbed6SerialE) refers to Stream.o(i._ZN4mbed6Stream4flenEv) for mbed::Stream::flen()
    Serial.o(.constdata__ZTVN4mbed6SerialE) refers to Serial.o(i._ZThn48_N4mbed6SerialD1Ev) for thunk{-48} to mbed::Serial::~Serial()
    Serial.o(.constdata__ZTVN4mbed6SerialE) refers to Serial.o(i._ZThn48_N4mbed6SerialD0Ev) for thunk{-48} to mbed::Serial::~Serial__deallocating()
    Serial.o(.constdata__ZTVN4mbed6SerialE) refers to Serial.o(i._ZThn48_N4mbed6Serial4lockEv) for thunk{-48} to mbed::Serial::lock()
    Serial.o(.constdata__ZTVN4mbed6SerialE) refers to Serial.o(i._ZThn48_N4mbed6Serial6unlockEv) for thunk{-48} to mbed::Serial::unlock()
    Serial.o(.constdata__ZTVN4mbed6SerialE) refers to Serial.o(i._ZThn48_N4mbed6Serial5_putcEi) for thunk{-48} to mbed::Serial::_putc(int)
    Serial.o(.constdata__ZTVN4mbed6SerialE) refers to Serial.o(i._ZThn48_N4mbed6Serial5_getcEv) for thunk{-48} to mbed::Serial::_getc()
    Serial.o(.constdata__ZTVN4mbed6SerialE) refers to Serial.o(i._ZThn52_N4mbed6SerialD1Ev) for thunk{-52} to mbed::Serial::~Serial()
    Serial.o(.constdata__ZTVN4mbed6SerialE) refers to Serial.o(i._ZThn52_N4mbed6SerialD0Ev) for thunk{-52} to mbed::Serial::~Serial__deallocating()
    Serial.o(i._ZN4mbed6SerialD0Ev) refers to Stream.o(i._ZN4mbed6StreamD2Ev) for mbed::Stream::~Stream__sub_object()
    Serial.o(i._ZN4mbed6SerialD0Ev) refers to aeabi_vec_dtor_noexceptions.o(.text) for __aeabi_vec_dtor
    Serial.o(i._ZN4mbed6SerialD0Ev) refers to retarget.o(i._ZdlPv) for operator delete (void*)
    Serial.o(i._ZN4mbed6SerialD0Ev) refers to Serial.o(.constdata__ZTVN4mbed6SerialE) for vtable for mbed::Serial
    Serial.o(i._ZN4mbed6SerialD0Ev) refers to SerialBase.o(.constdata__ZTVN4mbed10SerialBaseE) for vtable for mbed::SerialBase
    Serial.o(i._ZN4mbed6SerialD0Ev) refers to main.o(t._ZN4mbed8CallbackIFvvEED1Ev) for mbed::Callback<void()>::~Callback()
    Serial.o(.ARM.exidx) refers to Serial.o(i._ZN4mbed6SerialD0Ev) for i._ZN4mbed6SerialD0Ev
    Serial.o(i._ZThn52_N4mbed6SerialD0Ev) refers to Stream.o(i._ZN4mbed6StreamD2Ev) for mbed::Stream::~Stream__sub_object()
    Serial.o(i._ZThn52_N4mbed6SerialD0Ev) refers to aeabi_vec_dtor_noexceptions.o(.text) for __aeabi_vec_dtor
    Serial.o(i._ZThn52_N4mbed6SerialD0Ev) refers to retarget.o(i._ZdlPv) for operator delete (void*)
    Serial.o(i._ZThn52_N4mbed6SerialD0Ev) refers to Serial.o(.constdata__ZTVN4mbed6SerialE) for vtable for mbed::Serial
    Serial.o(i._ZThn52_N4mbed6SerialD0Ev) refers to SerialBase.o(.constdata__ZTVN4mbed10SerialBaseE) for vtable for mbed::SerialBase
    Serial.o(i._ZThn52_N4mbed6SerialD0Ev) refers to main.o(t._ZN4mbed8CallbackIFvvEED1Ev) for mbed::Callback<void()>::~Callback()
    Serial.o(.ARM.exidx) refers to Serial.o(i._ZThn52_N4mbed6SerialD0Ev) for i._ZThn52_N4mbed6SerialD0Ev
    Serial.o(i._ZThn48_N4mbed6SerialD0Ev) refers to Stream.o(i._ZN4mbed6StreamD2Ev) for mbed::Stream::~Stream__sub_object()
    Serial.o(i._ZThn48_N4mbed6SerialD0Ev) refers to aeabi_vec_dtor_noexceptions.o(.text) for __aeabi_vec_dtor
    Serial.o(i._ZThn48_N4mbed6SerialD0Ev) refers to retarget.o(i._ZdlPv) for operator delete (void*)
    Serial.o(i._ZThn48_N4mbed6SerialD0Ev) refers to Serial.o(.constdata__ZTVN4mbed6SerialE) for vtable for mbed::Serial
    Serial.o(i._ZThn48_N4mbed6SerialD0Ev) refers to SerialBase.o(.constdata__ZTVN4mbed10SerialBaseE) for vtable for mbed::SerialBase
    Serial.o(i._ZThn48_N4mbed6SerialD0Ev) refers to main.o(t._ZN4mbed8CallbackIFvvEED1Ev) for mbed::Callback<void()>::~Callback()
    Serial.o(.ARM.exidx) refers to Serial.o(i._ZThn48_N4mbed6SerialD0Ev) for i._ZThn48_N4mbed6SerialD0Ev
    Serial.o(i._ZThn52_N4mbed6SerialD1Ev) refers to Stream.o(i._ZN4mbed6StreamD2Ev) for mbed::Stream::~Stream__sub_object()
    Serial.o(i._ZThn52_N4mbed6SerialD1Ev) refers to aeabi_vec_dtor_noexceptions.o(.text) for __aeabi_vec_dtor
    Serial.o(i._ZThn52_N4mbed6SerialD1Ev) refers to Serial.o(.constdata__ZTVN4mbed6SerialE) for vtable for mbed::Serial
    Serial.o(i._ZThn52_N4mbed6SerialD1Ev) refers to SerialBase.o(.constdata__ZTVN4mbed10SerialBaseE) for vtable for mbed::SerialBase
    Serial.o(i._ZThn52_N4mbed6SerialD1Ev) refers to main.o(t._ZN4mbed8CallbackIFvvEED1Ev) for mbed::Callback<void()>::~Callback()
    Serial.o(.ARM.exidx) refers to Serial.o(i._ZThn52_N4mbed6SerialD1Ev) for i._ZThn52_N4mbed6SerialD1Ev
    Serial.o(i._ZThn48_N4mbed6SerialD1Ev) refers to Stream.o(i._ZN4mbed6StreamD2Ev) for mbed::Stream::~Stream__sub_object()
    Serial.o(i._ZThn48_N4mbed6SerialD1Ev) refers to aeabi_vec_dtor_noexceptions.o(.text) for __aeabi_vec_dtor
    Serial.o(i._ZThn48_N4mbed6SerialD1Ev) refers to Serial.o(.constdata__ZTVN4mbed6SerialE) for vtable for mbed::Serial
    Serial.o(i._ZThn48_N4mbed6SerialD1Ev) refers to SerialBase.o(.constdata__ZTVN4mbed10SerialBaseE) for vtable for mbed::SerialBase
    Serial.o(i._ZThn48_N4mbed6SerialD1Ev) refers to main.o(t._ZN4mbed8CallbackIFvvEED1Ev) for mbed::Callback<void()>::~Callback()
    Serial.o(.ARM.exidx) refers to Serial.o(i._ZThn48_N4mbed6SerialD1Ev) for i._ZThn48_N4mbed6SerialD1Ev
    Serial.o(.constdata__ZTIN4mbed6SerialE) refers to lib_rtti_impl.o(.constdata__ZTVN10__cxxabiv121__vmi_class_type_infoE) for vtable for __cxxabiv1::__vmi_class_type_info
    Serial.o(.constdata__ZTIN4mbed6SerialE) refers to Serial.o(.constdata__ZTSN4mbed6SerialE) for typeinfo name for mbed::Serial
    Serial.o(.constdata__ZTIN4mbed6SerialE) refers to SerialBase.o(.constdata__ZTIN4mbed10SerialBaseE) for typeinfo for mbed::SerialBase
    Serial.o(.constdata__ZTIN4mbed6SerialE) refers to Stream.o(.constdata__ZTIN4mbed6StreamE) for typeinfo for mbed::Stream
    SerialBase.o(.constdata__ZTVN4mbed10SerialBaseE) refers to SerialBase.o(.constdata__ZTIN4mbed10SerialBaseE) for typeinfo for mbed::SerialBase
    SerialBase.o(.constdata__ZTVN4mbed10SerialBaseE) refers to SerialBase.o(i._ZN4mbed10SerialBase4lockEv) for mbed::SerialBase::lock()
    SerialBase.o(.constdata__ZTVN4mbed10SerialBaseE) refers to SerialBase.o(i._ZN4mbed10SerialBase6unlockEv) for mbed::SerialBase::unlock()
    SerialBase.o(.constdata__ZTVN4mbed10SerialBaseE) refers to SerialBase.o(i._ZN4mbed10SerialBaseD1Ev) for mbed::SerialBase::~SerialBase()
    SerialBase.o(.constdata__ZTVN4mbed10SerialBaseE) refers to SerialBase.o(i._ZN4mbed10SerialBaseD0Ev) for mbed::SerialBase::~SerialBase__deallocating()
    SerialBase.o(i._ZN4mbed10SerialBaseD1Ev) refers to aeabi_vec_dtor_noexceptions.o(.text) for __aeabi_vec_dtor
    SerialBase.o(i._ZN4mbed10SerialBaseD1Ev) refers to SerialBase.o(.constdata__ZTVN4mbed10SerialBaseE) for vtable for mbed::SerialBase
    SerialBase.o(i._ZN4mbed10SerialBaseD1Ev) refers to main.o(t._ZN4mbed8CallbackIFvvEED1Ev) for mbed::Callback<void()>::~Callback()
    SerialBase.o(.ARM.exidx) refers to SerialBase.o(i._ZN4mbed10SerialBaseD1Ev) for i._ZN4mbed10SerialBaseD1Ev
    SerialBase.o(i._ZN4mbed10SerialBaseD0Ev) refers to aeabi_vec_dtor_noexceptions.o(.text) for __aeabi_vec_dtor
    SerialBase.o(i._ZN4mbed10SerialBaseD0Ev) refers to retarget.o(i._ZdlPv) for operator delete (void*)
    SerialBase.o(i._ZN4mbed10SerialBaseD0Ev) refers to SerialBase.o(.constdata__ZTVN4mbed10SerialBaseE) for vtable for mbed::SerialBase
    SerialBase.o(i._ZN4mbed10SerialBaseD0Ev) refers to main.o(t._ZN4mbed8CallbackIFvvEED1Ev) for mbed::Callback<void()>::~Callback()
    SerialBase.o(.ARM.exidx) refers to SerialBase.o(i._ZN4mbed10SerialBaseD0Ev) for i._ZN4mbed10SerialBaseD0Ev
    SerialBase.o(.constdata__ZTIN4mbed10SerialBaseE) refers to lib_rtti_impl.o(.constdata__ZTVN10__cxxabiv117__class_type_infoE) for vtable for __cxxabiv1::__class_type_info
    SerialBase.o(.constdata__ZTIN4mbed10SerialBaseE) refers to SerialBase.o(.constdata__ZTSN4mbed10SerialBaseE) for typeinfo name for mbed::SerialBase
    Stream.o(.constdata__ZTVN4mbed6StreamE) refers to Stream.o(.constdata__ZTIN4mbed6StreamE) for typeinfo for mbed::Stream
    Stream.o(.constdata__ZTVN4mbed6StreamE) refers to Stream.o(i._ZN4mbed6Stream5writeEPKvj) for mbed::Stream::write(const void*, unsigned)
    Stream.o(.constdata__ZTVN4mbed6StreamE) refers to Stream.o(i._ZN4mbed6Stream5closeEv) for mbed::Stream::close()
    Stream.o(.constdata__ZTVN4mbed6StreamE) refers to Stream.o(i._ZN4mbed6Stream4readEPvj) for mbed::Stream::read(void*, unsigned)
    Stream.o(.constdata__ZTVN4mbed6StreamE) refers to Stream.o(i._ZN4mbed6Stream6isattyEv) for mbed::Stream::isatty()
    Stream.o(.constdata__ZTVN4mbed6StreamE) refers to Stream.o(i._ZN4mbed6Stream5lseekEli) for mbed::Stream::lseek(long, int)
    Stream.o(.constdata__ZTVN4mbed6StreamE) refers to Stream.o(i._ZN4mbed6Stream5fsyncEv) for mbed::Stream::fsync()
    Stream.o(.constdata__ZTVN4mbed6StreamE) refers to Stream.o(i._ZN4mbed6Stream4flenEv) for mbed::Stream::flen()
    Stream.o(.constdata__ZTVN4mbed6StreamE) refers to Stream.o(i._ZN4mbed6StreamD2Ev) for mbed::Stream::~Stream__sub_object()
    Stream.o(.constdata__ZTVN4mbed6StreamE) refers to Stream.o(i._ZN4mbed6StreamD0Ev) for mbed::Stream::~Stream__deallocating()
    Stream.o(.constdata__ZTVN4mbed6StreamE) refers to retarget.o(i._ZN4mbed10FileHandle4lockEv) for mbed::FileHandle::lock()
    Stream.o(.constdata__ZTVN4mbed6StreamE) refers to retarget.o(i._ZN4mbed10FileHandle6unlockEv) for mbed::FileHandle::unlock()
    Stream.o(.constdata__ZTVN4mbed6StreamE) refers to pure_virt.o(i.__cxa_pure_virtual) for __cxa_pure_virtual
    Stream.o(.constdata__ZTVN4mbed6StreamE) refers to Stream.o(i._ZThn4_N4mbed6StreamD1Ev) for thunk{-4} to mbed::Stream::~Stream()
    Stream.o(.constdata__ZTVN4mbed6StreamE) refers to Stream.o(i._ZThn4_N4mbed6StreamD0Ev) for thunk{-4} to mbed::Stream::~Stream__deallocating()
    Stream.o(.constdata__ZTIN4mbed6StreamE) refers to lib_rtti_impl.o(.constdata__ZTVN10__cxxabiv120__si_class_type_infoE) for vtable for __cxxabiv1::__si_class_type_info
    Stream.o(.constdata__ZTIN4mbed6StreamE) refers to Stream.o(.constdata__ZTSN4mbed6StreamE) for typeinfo name for mbed::Stream
    Stream.o(.constdata__ZTIN4mbed6StreamE) refers to FileLike.o(.constdata__ZTIN4mbed8FileLikeE) for typeinfo for mbed::FileLike
    FileBase.o(.constdata__ZTVN4mbed8FileBaseE) refers to FileBase.o(.constdata__ZTIN4mbed8FileBaseE) for typeinfo for mbed::FileBase
    FileBase.o(.constdata__ZTVN4mbed8FileBaseE) refers to FileBase.o(i._ZN4mbed8FileBaseD1Ev) for mbed::FileBase::~FileBase()
    FileBase.o(.constdata__ZTVN4mbed8FileBaseE) refers to FileBase.o(i._ZN4mbed8FileBaseD0Ev) for mbed::FileBase::~FileBase__deallocating()
    FileBase.o(t._ZN12SingletonPtrI13PlatformMutexEptEv) refers to mbed_assert.o(i.mbed_assert_internal) for mbed_assert_internal
    FileBase.o(t._ZN12SingletonPtrI13PlatformMutexEptEv) refers to retarget.o(.constdata__ZZN12SingletonPtrI13PlatformMutexE3getEvEs_0) for SingletonPtr<PlatformMutex>::get()::string (instance 2)
    FileBase.o(t._ZN12SingletonPtrI13PlatformMutexEptEv) refers to retarget.o(.constdata__ZZN12SingletonPtrI13PlatformMutexE3getEvEs) for SingletonPtr<PlatformMutex>::get()::string
    FileBase.o(.ARM.exidx) refers to FileBase.o(t._ZN12SingletonPtrI13PlatformMutexEptEv) for t._ZN12SingletonPtrI13PlatformMutexEptEv
    FileBase.o(.constdata__ZTIN4mbed8FileBaseE) refers to lib_rtti_impl.o(.constdata__ZTVN10__cxxabiv117__class_type_infoE) for vtable for __cxxabiv1::__class_type_info
    FileBase.o(.constdata__ZTIN4mbed8FileBaseE) refers to FileBase.o(.constdata__ZTSN4mbed8FileBaseE) for typeinfo name for mbed::FileBase
    FileLike.o(.constdata__ZTVN4mbed8FileLikeE) refers to FileLike.o(.constdata__ZTIN4mbed8FileLikeE) for typeinfo for mbed::FileLike
    FileLike.o(.constdata__ZTVN4mbed8FileLikeE) refers to pure_virt.o(i.__cxa_pure_virtual) for __cxa_pure_virtual
    FileLike.o(.constdata__ZTVN4mbed8FileLikeE) refers to retarget.o(i._ZN4mbed10FileHandle4flenEv) for mbed::FileHandle::flen()
    FileLike.o(.constdata__ZTVN4mbed8FileLikeE) refers to FileLike.o(i._ZN4mbed8FileLikeD2Ev) for mbed::FileLike::~FileLike__sub_object()
    FileLike.o(.constdata__ZTVN4mbed8FileLikeE) refers to FileLike.o(i._ZN4mbed8FileLikeD0Ev) for mbed::FileLike::~FileLike__deallocating()
    FileLike.o(.constdata__ZTVN4mbed8FileLikeE) refers to retarget.o(i._ZN4mbed10FileHandle4lockEv) for mbed::FileHandle::lock()
    FileLike.o(.constdata__ZTVN4mbed8FileLikeE) refers to retarget.o(i._ZN4mbed10FileHandle6unlockEv) for mbed::FileHandle::unlock()
    FileLike.o(.constdata__ZTVN4mbed8FileLikeE) refers to FileLike.o(i._ZThn4_N4mbed8FileLikeD1Ev) for thunk{-4} to mbed::FileLike::~FileLike()
    FileLike.o(.constdata__ZTVN4mbed8FileLikeE) refers to FileLike.o(i._ZThn4_N4mbed8FileLikeD0Ev) for thunk{-4} to mbed::FileLike::~FileLike__deallocating()
    FileLike.o(.constdata__ZTIN4mbed8FileLikeE) refers to lib_rtti_impl.o(.constdata__ZTVN10__cxxabiv121__vmi_class_type_infoE) for vtable for __cxxabiv1::__vmi_class_type_info
    FileLike.o(.constdata__ZTIN4mbed8FileLikeE) refers to FileLike.o(.constdata__ZTSN4mbed8FileLikeE) for typeinfo name for mbed::FileLike
    FileLike.o(.constdata__ZTIN4mbed8FileLikeE) refers to retarget.o(.constdata__ZTIN4mbed10FileHandleE) for typeinfo for mbed::FileHandle
    FileLike.o(.constdata__ZTIN4mbed8FileLikeE) refers to FileBase.o(.constdata__ZTIN4mbed8FileBaseE) for typeinfo for mbed::FileBase
    lib_rtti_impl.o(.constdata__ZTVN10__cxxabiv123__fundamental_type_infoE) refers to lib_rtti_impl.o(.constdata__ZTIN10__cxxabiv123__fundamental_type_infoE) for typeinfo for __cxxabiv1::__fundamental_type_info
    lib_rtti_impl.o(.constdata__ZTVN10__cxxabiv123__fundamental_type_infoE) refers to lib_rtti_impl.o(i._ZN10__cxxabiv123__fundamental_type_infoD1Ev) for __cxxabiv1::__fundamental_type_info::~__fundamental_type_info()
    lib_rtti_impl.o(.constdata__ZTVN10__cxxabiv123__fundamental_type_infoE) refers to lib_rtti_impl.o(i._ZN10__cxxabiv123__fundamental_type_infoD0Ev) for __cxxabiv1::__fundamental_type_info::~__fundamental_type_info__deallocating()
    lib_rtti_impl.o(.constdata__ZTVN10__cxxabiv117__array_type_infoE) refers to lib_rtti_impl.o(.constdata__ZTIN10__cxxabiv117__array_type_infoE) for typeinfo for __cxxabiv1::__array_type_info
    lib_rtti_impl.o(.constdata__ZTVN10__cxxabiv117__array_type_infoE) refers to lib_rtti_impl.o(i._ZN10__cxxabiv117__array_type_infoD1Ev) for __cxxabiv1::__array_type_info::~__array_type_info()
    lib_rtti_impl.o(.constdata__ZTVN10__cxxabiv117__array_type_infoE) refers to lib_rtti_impl.o(i._ZN10__cxxabiv117__array_type_infoD0Ev) for __cxxabiv1::__array_type_info::~__array_type_info__deallocating()
    lib_rtti_impl.o(.constdata__ZTVN10__cxxabiv120__function_type_infoE) refers to lib_rtti_impl.o(.constdata__ZTIN10__cxxabiv120__function_type_infoE) for typeinfo for __cxxabiv1::__function_type_info
    lib_rtti_impl.o(.constdata__ZTVN10__cxxabiv120__function_type_infoE) refers to lib_rtti_impl.o(i._ZN10__cxxabiv120__function_type_infoD1Ev) for __cxxabiv1::__function_type_info::~__function_type_info()
    lib_rtti_impl.o(.constdata__ZTVN10__cxxabiv120__function_type_infoE) refers to lib_rtti_impl.o(i._ZN10__cxxabiv120__function_type_infoD0Ev) for __cxxabiv1::__function_type_info::~__function_type_info__deallocating()
    lib_rtti_impl.o(.constdata__ZTVN10__cxxabiv116__enum_type_infoE) refers to lib_rtti_impl.o(.constdata__ZTIN10__cxxabiv116__enum_type_infoE) for typeinfo for __cxxabiv1::__enum_type_info
    lib_rtti_impl.o(.constdata__ZTVN10__cxxabiv116__enum_type_infoE) refers to lib_rtti_impl.o(i._ZN10__cxxabiv116__enum_type_infoD1Ev) for __cxxabiv1::__enum_type_info::~__enum_type_info()
    lib_rtti_impl.o(.constdata__ZTVN10__cxxabiv116__enum_type_infoE) refers to lib_rtti_impl.o(i._ZN10__cxxabiv116__enum_type_infoD0Ev) for __cxxabiv1::__enum_type_info::~__enum_type_info__deallocating()
    lib_rtti_impl.o(.constdata__ZTVN10__cxxabiv117__class_type_infoE) refers to lib_rtti_impl.o(.constdata__ZTIN10__cxxabiv117__class_type_infoE) for typeinfo for __cxxabiv1::__class_type_info
    lib_rtti_impl.o(.constdata__ZTVN10__cxxabiv117__class_type_infoE) refers to lib_rtti_impl.o(i._ZN10__cxxabiv117__class_type_infoD1Ev) for __cxxabiv1::__class_type_info::~__class_type_info()
    lib_rtti_impl.o(.constdata__ZTVN10__cxxabiv117__class_type_infoE) refers to lib_rtti_impl.o(i._ZN10__cxxabiv117__class_type_infoD0Ev) for __cxxabiv1::__class_type_info::~__class_type_info__deallocating()
    lib_rtti_impl.o(.constdata__ZTVN10__cxxabiv120__si_class_type_infoE) refers to lib_rtti_impl.o(.constdata__ZTIN10__cxxabiv120__si_class_type_infoE) for typeinfo for __cxxabiv1::__si_class_type_info
    lib_rtti_impl.o(.constdata__ZTVN10__cxxabiv120__si_class_type_infoE) refers to lib_rtti_impl.o(i._ZN10__cxxabiv120__si_class_type_infoD1Ev) for __cxxabiv1::__si_class_type_info::~__si_class_type_info()
    lib_rtti_impl.o(.constdata__ZTVN10__cxxabiv120__si_class_type_infoE) refers to lib_rtti_impl.o(i._ZN10__cxxabiv120__si_class_type_infoD0Ev) for __cxxabiv1::__si_class_type_info::~__si_class_type_info__deallocating()
    lib_rtti_impl.o(.constdata__ZTVN10__cxxabiv121__vmi_class_type_infoE) refers to lib_rtti_impl.o(.constdata__ZTIN10__cxxabiv121__vmi_class_type_infoE) for typeinfo for __cxxabiv1::__vmi_class_type_info
    lib_rtti_impl.o(.constdata__ZTVN10__cxxabiv121__vmi_class_type_infoE) refers to lib_rtti_impl.o(i._ZN10__cxxabiv121__vmi_class_type_infoD1Ev) for __cxxabiv1::__vmi_class_type_info::~__vmi_class_type_info()
    lib_rtti_impl.o(.constdata__ZTVN10__cxxabiv121__vmi_class_type_infoE) refers to lib_rtti_impl.o(i._ZN10__cxxabiv121__vmi_class_type_infoD0Ev) for __cxxabiv1::__vmi_class_type_info::~__vmi_class_type_info__deallocating()
    lib_rtti_impl.o(.constdata__ZTVN10__cxxabiv117__pbase_type_infoE) refers to lib_rtti_impl.o(.constdata__ZTIN10__cxxabiv117__pbase_type_infoE) for typeinfo for __cxxabiv1::__pbase_type_info
    lib_rtti_impl.o(.constdata__ZTVN10__cxxabiv117__pbase_type_infoE) refers to lib_rtti_impl.o(i._ZN10__cxxabiv117__pbase_type_infoD1Ev) for __cxxabiv1::__pbase_type_info::~__pbase_type_info()
    lib_rtti_impl.o(.constdata__ZTVN10__cxxabiv117__pbase_type_infoE) refers to lib_rtti_impl.o(i._ZN10__cxxabiv117__pbase_type_infoD0Ev) for __cxxabiv1::__pbase_type_info::~__pbase_type_info__deallocating()
    lib_rtti_impl.o(.constdata__ZTVN10__cxxabiv119__pointer_type_infoE) refers to lib_rtti_impl.o(.constdata__ZTIN10__cxxabiv119__pointer_type_infoE) for typeinfo for __cxxabiv1::__pointer_type_info
    lib_rtti_impl.o(.constdata__ZTVN10__cxxabiv119__pointer_type_infoE) refers to lib_rtti_impl.o(i._ZN10__cxxabiv119__pointer_type_infoD1Ev) for __cxxabiv1::__pointer_type_info::~__pointer_type_info()
    lib_rtti_impl.o(.constdata__ZTVN10__cxxabiv119__pointer_type_infoE) refers to lib_rtti_impl.o(i._ZN10__cxxabiv119__pointer_type_infoD0Ev) for __cxxabiv1::__pointer_type_info::~__pointer_type_info__deallocating()
    lib_rtti_impl.o(.constdata__ZTVN10__cxxabiv129__pointer_to_member_type_infoE) refers to lib_rtti_impl.o(.constdata__ZTIN10__cxxabiv129__pointer_to_member_type_infoE) for typeinfo for __cxxabiv1::__pointer_to_member_type_info
    lib_rtti_impl.o(.constdata__ZTVN10__cxxabiv129__pointer_to_member_type_infoE) refers to lib_rtti_impl.o(i._ZN10__cxxabiv129__pointer_to_member_type_infoD1Ev) for __cxxabiv1::__pointer_to_member_type_info::~__pointer_to_member_type_info()
    lib_rtti_impl.o(.constdata__ZTVN10__cxxabiv129__pointer_to_member_type_infoE) refers to lib_rtti_impl.o(i._ZN10__cxxabiv129__pointer_to_member_type_infoD0Ev) for __cxxabiv1::__pointer_to_member_type_info::~__pointer_to_member_type_info__deallocating()
    lib_rtti_impl.o(.ARM.exidx) refers to lib_rtti_impl.o(i._ZNSt9type_infodlEPv) for i._ZNSt9type_infodlEPv
    lib_rtti_impl.o(.constdata__ZTIN10__cxxabiv123__fundamental_type_infoE) refers to lib_rtti_impl.o(.constdata__ZTVN10__cxxabiv120__si_class_type_infoE) for vtable for __cxxabiv1::__si_class_type_info
    lib_rtti_impl.o(.constdata__ZTIN10__cxxabiv123__fundamental_type_infoE) refers to lib_rtti_impl.o(.constdata__ZTSN10__cxxabiv123__fundamental_type_infoE) for typeinfo name for __cxxabiv1::__fundamental_type_info
    lib_rtti_impl.o(.constdata__ZTIN10__cxxabiv123__fundamental_type_infoE) refers to type_info_dtor.o(.constdata__ZTISt9type_info) for typeinfo for std::type_info
    lib_rtti_impl.o(.constdata__ZTIN10__cxxabiv117__array_type_infoE) refers to lib_rtti_impl.o(.constdata__ZTVN10__cxxabiv120__si_class_type_infoE) for vtable for __cxxabiv1::__si_class_type_info
    lib_rtti_impl.o(.constdata__ZTIN10__cxxabiv117__array_type_infoE) refers to lib_rtti_impl.o(.constdata__ZTSN10__cxxabiv117__array_type_infoE) for typeinfo name for __cxxabiv1::__array_type_info
    lib_rtti_impl.o(.constdata__ZTIN10__cxxabiv117__array_type_infoE) refers to type_info_dtor.o(.constdata__ZTISt9type_info) for typeinfo for std::type_info
    lib_rtti_impl.o(.constdata__ZTIN10__cxxabiv120__function_type_infoE) refers to lib_rtti_impl.o(.constdata__ZTVN10__cxxabiv120__si_class_type_infoE) for vtable for __cxxabiv1::__si_class_type_info
    lib_rtti_impl.o(.constdata__ZTIN10__cxxabiv120__function_type_infoE) refers to lib_rtti_impl.o(.constdata__ZTSN10__cxxabiv120__function_type_infoE) for typeinfo name for __cxxabiv1::__function_type_info
    lib_rtti_impl.o(.constdata__ZTIN10__cxxabiv120__function_type_infoE) refers to type_info_dtor.o(.constdata__ZTISt9type_info) for typeinfo for std::type_info
    lib_rtti_impl.o(.constdata__ZTIN10__cxxabiv116__enum_type_infoE) refers to lib_rtti_impl.o(.constdata__ZTVN10__cxxabiv120__si_class_type_infoE) for vtable for __cxxabiv1::__si_class_type_info
    lib_rtti_impl.o(.constdata__ZTIN10__cxxabiv116__enum_type_infoE) refers to lib_rtti_impl.o(.constdata__ZTSN10__cxxabiv116__enum_type_infoE) for typeinfo name for __cxxabiv1::__enum_type_info
    lib_rtti_impl.o(.constdata__ZTIN10__cxxabiv116__enum_type_infoE) refers to type_info_dtor.o(.constdata__ZTISt9type_info) for typeinfo for std::type_info
    lib_rtti_impl.o(.constdata__ZTIN10__cxxabiv117__class_type_infoE) refers to lib_rtti_impl.o(.constdata__ZTVN10__cxxabiv120__si_class_type_infoE) for vtable for __cxxabiv1::__si_class_type_info
    lib_rtti_impl.o(.constdata__ZTIN10__cxxabiv117__class_type_infoE) refers to lib_rtti_impl.o(.constdata__ZTSN10__cxxabiv117__class_type_infoE) for typeinfo name for __cxxabiv1::__class_type_info
    lib_rtti_impl.o(.constdata__ZTIN10__cxxabiv117__class_type_infoE) refers to type_info_dtor.o(.constdata__ZTISt9type_info) for typeinfo for std::type_info
    lib_rtti_impl.o(.constdata__ZTIN10__cxxabiv120__si_class_type_infoE) refers to lib_rtti_impl.o(.constdata__ZTVN10__cxxabiv120__si_class_type_infoE) for vtable for __cxxabiv1::__si_class_type_info
    lib_rtti_impl.o(.constdata__ZTIN10__cxxabiv120__si_class_type_infoE) refers to lib_rtti_impl.o(.constdata__ZTSN10__cxxabiv120__si_class_type_infoE) for typeinfo name for __cxxabiv1::__si_class_type_info
    lib_rtti_impl.o(.constdata__ZTIN10__cxxabiv120__si_class_type_infoE) refers to lib_rtti_impl.o(.constdata__ZTIN10__cxxabiv117__class_type_infoE) for typeinfo for __cxxabiv1::__class_type_info
    lib_rtti_impl.o(.constdata__ZTIN10__cxxabiv121__vmi_class_type_infoE) refers to lib_rtti_impl.o(.constdata__ZTVN10__cxxabiv120__si_class_type_infoE) for vtable for __cxxabiv1::__si_class_type_info
    lib_rtti_impl.o(.constdata__ZTIN10__cxxabiv121__vmi_class_type_infoE) refers to lib_rtti_impl.o(.constdata__ZTSN10__cxxabiv121__vmi_class_type_infoE) for typeinfo name for __cxxabiv1::__vmi_class_type_info
    lib_rtti_impl.o(.constdata__ZTIN10__cxxabiv121__vmi_class_type_infoE) refers to lib_rtti_impl.o(.constdata__ZTIN10__cxxabiv117__class_type_infoE) for typeinfo for __cxxabiv1::__class_type_info
    lib_rtti_impl.o(.constdata__ZTIN10__cxxabiv117__pbase_type_infoE) refers to lib_rtti_impl.o(.constdata__ZTVN10__cxxabiv120__si_class_type_infoE) for vtable for __cxxabiv1::__si_class_type_info
    lib_rtti_impl.o(.constdata__ZTIN10__cxxabiv117__pbase_type_infoE) refers to lib_rtti_impl.o(.constdata__ZTSN10__cxxabiv117__pbase_type_infoE) for typeinfo name for __cxxabiv1::__pbase_type_info
    lib_rtti_impl.o(.constdata__ZTIN10__cxxabiv117__pbase_type_infoE) refers to type_info_dtor.o(.constdata__ZTISt9type_info) for typeinfo for std::type_info
    lib_rtti_impl.o(.constdata__ZTIN10__cxxabiv119__pointer_type_infoE) refers to lib_rtti_impl.o(.constdata__ZTVN10__cxxabiv120__si_class_type_infoE) for vtable for __cxxabiv1::__si_class_type_info
    lib_rtti_impl.o(.constdata__ZTIN10__cxxabiv119__pointer_type_infoE) refers to lib_rtti_impl.o(.constdata__ZTSN10__cxxabiv119__pointer_type_infoE) for typeinfo name for __cxxabiv1::__pointer_type_info
    lib_rtti_impl.o(.constdata__ZTIN10__cxxabiv119__pointer_type_infoE) refers to lib_rtti_impl.o(.constdata__ZTIN10__cxxabiv117__pbase_type_infoE) for typeinfo for __cxxabiv1::__pbase_type_info
    lib_rtti_impl.o(.constdata__ZTIN10__cxxabiv129__pointer_to_member_type_infoE) refers to lib_rtti_impl.o(.constdata__ZTVN10__cxxabiv120__si_class_type_infoE) for vtable for __cxxabiv1::__si_class_type_info
    lib_rtti_impl.o(.constdata__ZTIN10__cxxabiv129__pointer_to_member_type_infoE) refers to lib_rtti_impl.o(.constdata__ZTSN10__cxxabiv129__pointer_to_member_type_infoE) for typeinfo name for __cxxabiv1::__pointer_to_member_type_info
    lib_rtti_impl.o(.constdata__ZTIN10__cxxabiv129__pointer_to_member_type_infoE) refers to lib_rtti_impl.o(.constdata__ZTIN10__cxxabiv117__pbase_type_infoE) for typeinfo for __cxxabiv1::__pbase_type_info
    lib_rtti_impl.o(i.__ARM_common_noexcept_landing) refers to arm_exceptions_callterm.o(.text) for __cxa_call_terminate
    lib_rtti_impl.o(.ARM.exidx) refers to lib_rtti_impl.o(i.__ARM_common_noexcept_landing) for i.__ARM_common_noexcept_landing
    type_info_dtor.o(.constdata__ZTVSt9type_info) refers to type_info_dtor.o(.constdata__ZTISt9type_info) for typeinfo for std::type_info
    type_info_dtor.o(.constdata__ZTVSt9type_info) refers to type_info_dtor.o(i._ZNSt9type_infoD1Ev) for std::type_info::~type_info()
    type_info_dtor.o(.constdata__ZTVSt9type_info) refers to type_info_dtor.o(i._ZNSt9type_infoD0Ev) for std::type_info::~type_info__deallocating()
    type_info_dtor.o(.constdata__ZTISt9type_info) refers to lib_rtti_impl.o(.constdata__ZTVN10__cxxabiv117__class_type_infoE) for vtable for __cxxabiv1::__class_type_info
    type_info_dtor.o(.constdata__ZTISt9type_info) refers to type_info_dtor.o(.constdata__ZTSSt9type_info) for typeinfo name for std::type_info


==============================================================================

Removing Unused input sections from the image.

    Removing main.o(.rev16_text), (4 bytes).
    Removing main.o(.revsh_text), (4 bytes).
    Removing main.o(.ARM.exidx), (8 bytes).
    Removing main.o(.ARM.exidx), (8 bytes).
    Removing main.o(.ARM.exidx), (8 bytes).
    Removing lsm303dlhc.o(.rev16_text), (4 bytes).
    Removing lsm303dlhc.o(.revsh_text), (4 bytes).
    Removing lsm303dlhc.o(i._ZN10LSM303DLHC4recvEccPci), (78 bytes).
    Removing lsm303dlhc.o(i._ZN10LSM303DLHC8read_regEiiPc), (68 bytes).
    Removing lsm303dlhc.o(i._ZN10LSM303DLHC9write_regEiic), (38 bytes).
    Removing lsm303dlhc.o(.ARM.exidx), (8 bytes).
    Removing lsm303dlhc.o(.ARM.exidx), (8 bytes).
    Removing lsm303dlhc.o(.ARM.exidx), (8 bytes).
    Removing lsm303dlhc.o(.ARM.exidx), (8 bytes).
    Removing lsm303dlhc.o(.ARM.exidx), (8 bytes).
    Removing nrf24l01p.o(.rev16_text), (4 bytes).
    Removing nrf24l01p.o(.revsh_text), (4 bytes).
    Removing nrf24l01p.o(i._ZN9nRF24L01P11getCrcWidthEv), (80 bytes).
    Removing nrf24l01p.o(i._ZN9nRF24L01P11setCrcWidthEi), (104 bytes).
    Removing nrf24l01p.o(i._ZN9nRF24L01P12getRxAddressEi), (344 bytes).
    Removing nrf24l01p.o(i._ZN9nRF24L01P12getTxAddressEv), (224 bytes).
    Removing nrf24l01p.o(i._ZN9nRF24L01P12setRxAddressEmmii), (20 bytes).
    Removing nrf24l01p.o(i._ZN9nRF24L01P12setTxAddressEmmi), (12 bytes).
    Removing nrf24l01p.o(i._ZN9nRF24L01P14getAirDataRateEv), (96 bytes).
    Removing nrf24l01p.o(i._ZN9nRF24L01P14getRfFrequencyEv), (20 bytes).
    Removing nrf24l01p.o(i._ZN9nRF24L01P14setAirDataRateEi), (112 bytes).
    Removing nrf24l01p.o(i._ZN9nRF24L01P14setReceiveModeEv), (76 bytes).
    Removing nrf24l01p.o(i._ZN9nRF24L01P14setRfFrequencyEi), (80 bytes).
    Removing nrf24l01p.o(i._ZN9nRF24L01P15getTransferSizeEi), (80 bytes).
    Removing nrf24l01p.o(i._ZN9nRF24L01P15setTransferSizeEii), (140 bytes).
    Removing nrf24l01p.o(i._ZN9nRF24L01P15setTransmitModeEv), (76 bytes).
    Removing nrf24l01p.o(i._ZN9nRF24L01P16getRfOutputPowerEv), (108 bytes).
    Removing nrf24l01p.o(i._ZN9nRF24L01P16setRfOutputPowerEi), (112 bytes).
    Removing nrf24l01p.o(i._ZN9nRF24L01P17disableAllRxPipesEv), (12 bytes).
    Removing nrf24l01p.o(i._ZN9nRF24L01P17getStatusRegisterEv), (80 bytes).
    Removing nrf24l01p.o(i._ZN9nRF24L01P21disableAutoRetransmitEv), (12 bytes).
    Removing nrf24l01p.o(i._ZN9nRF24L01P21enableAutoAcknowledgeEi), (100 bytes).
    Removing nrf24l01p.o(i._ZN9nRF24L01P22disableAutoAcknowledgeEv), (12 bytes).
    Removing nrf24l01p.o(i._ZN9nRF24L01P4readEiPci), (372 bytes).
    Removing nrf24l01p.o(i._ZN9nRF24L01P5writeEiPci), (532 bytes).
    Removing nrf24l01p.o(i._ZN9nRF24L01P6enableEv), (48 bytes).
    Removing nrf24l01p.o(i._ZN9nRF24L01P7powerUpEv), (40 bytes).
    Removing nrf24l01p.o(i._ZN9nRF24L01P8readableEi), (96 bytes).
    Removing nrf24l01p.o(i._ZN9nRF24L01P9powerDownEv), (44 bytes).
    Removing nrf24l01p.o(.ARM.exidx), (8 bytes).
    Removing nrf24l01p.o(.ARM.exidx), (8 bytes).
    Removing nrf24l01p.o(.ARM.exidx), (8 bytes).
    Removing nrf24l01p.o(.ARM.exidx), (8 bytes).
    Removing nrf24l01p.o(.ARM.exidx), (8 bytes).
    Removing nrf24l01p.o(.ARM.exidx), (8 bytes).
    Removing nrf24l01p.o(.ARM.exidx), (8 bytes).
    Removing nrf24l01p.o(.ARM.exidx), (8 bytes).
    Removing nrf24l01p.o(.ARM.exidx), (8 bytes).
    Removing nrf24l01p.o(.ARM.exidx), (8 bytes).
    Removing nrf24l01p.o(.ARM.exidx), (8 bytes).
    Removing nrf24l01p.o(.ARM.exidx), (8 bytes).
    Removing nrf24l01p.o(.ARM.exidx), (8 bytes).
    Removing nrf24l01p.o(.ARM.exidx), (8 bytes).
    Removing nrf24l01p.o(.ARM.exidx), (8 bytes).
    Removing nrf24l01p.o(.ARM.exidx), (8 bytes).
    Removing nrf24l01p.o(.ARM.exidx), (8 bytes).
    Removing nrf24l01p.o(.ARM.exidx), (8 bytes).
    Removing nrf24l01p.o(.ARM.exidx), (8 bytes).
    Removing nrf24l01p.o(.ARM.exidx), (8 bytes).
    Removing nrf24l01p.o(.ARM.exidx), (8 bytes).
    Removing nrf24l01p.o(.ARM.exidx), (8 bytes).
    Removing nrf24l01p.o(.ARM.exidx), (8 bytes).
    Removing nrf24l01p.o(.ARM.exidx), (8 bytes).
    Removing nrf24l01p.o(.ARM.exidx), (8 bytes).
    Removing nrf24l01p.o(.ARM.exidx), (8 bytes).
    Removing nrf24l01p.o(.ARM.exidx), (8 bytes).
    Removing nrf24l01p.o(.ARM.exidx), (8 bytes).
    Removing nrf24l01p.o(.ARM.exidx), (8 bytes).
    Removing nrf24l01p.o(.ARM.exidx), (8 bytes).
    Removing nrf24l01p.o(.ARM.exidx), (8 bytes).
    Removing nrf24l01p.o(.ARM.exidx), (8 bytes).
    Removing nrf24l01p.o(.ARM.exidx), (8 bytes).
    Removing PeripheralPins.o(.rev16_text), (4 bytes).
    Removing PeripheralPins.o(.revsh_text), (4 bytes).
    Removing PeripheralPins.o(.constdata), (108 bytes).
    Removing PeripheralPins.o(.constdata), (264 bytes).
    Removing analogin_api.o(.rev16_text), (4 bytes).
    Removing analogin_api.o(.revsh_text), (4 bytes).
    Removing analogin_api.o(i.analogin_init), (168 bytes).
    Removing analogin_api.o(i.analogin_read), (180 bytes).
    Removing analogin_api.o(i.analogin_read_u16), (172 bytes).
    Removing analogin_api.o(.conststring), (92 bytes).
    Removing cmsis_nvic.o(.rev16_text), (4 bytes).
    Removing cmsis_nvic.o(.revsh_text), (4 bytes).
    Removing cmsis_nvic.o(i.NVIC_GetVector), (6 bytes).
    Removing gpio_api.o(.rev16_text), (4 bytes).
    Removing gpio_api.o(.revsh_text), (4 bytes).
    Removing gpio_api.o(i.gpio_set), (96 bytes).
    Removing gpio_irq_api.o(.rev16_text), (4 bytes).
    Removing gpio_irq_api.o(.revsh_text), (4 bytes).
    Removing gpio_irq_api.o(i.gpio_irq_disable), (28 bytes).
    Removing gpio_irq_api.o(i.gpio_irq_enable), (20 bytes).
    Removing gpio_irq_api.o(i.gpio_irq_set), (68 bytes).
    Removing i2c_api.o(.rev16_text), (4 bytes).
    Removing i2c_api.o(.revsh_text), (4 bytes).
    Removing i2c_api.o(i.i2c_byte_read), (56 bytes).
    Removing i2c_api.o(i.i2c_byte_write), (68 bytes).
    Removing i2c_api.o(i.i2c_reset), (8 bytes).
    Removing i2c_api.o(i.i2c_slave_address), (24 bytes).
    Removing i2c_api.o(i.i2c_slave_mode), (30 bytes).
    Removing i2c_api.o(i.i2c_slave_read), (96 bytes).
    Removing i2c_api.o(i.i2c_slave_receive), (32 bytes).
    Removing i2c_api.o(i.i2c_slave_write), (92 bytes).
    Removing i2c_api.o(.constdata), (32 bytes).
    Removing mbed_board.o(.rev16_text), (4 bytes).
    Removing mbed_board.o(.revsh_text), (4 bytes).
    Removing pinmap.o(.rev16_text), (4 bytes).
    Removing pinmap.o(.revsh_text), (4 bytes).
    Removing port_api.o(.rev16_text), (4 bytes).
    Removing port_api.o(.revsh_text), (4 bytes).
    Removing port_api.o(i.port_dir), (30 bytes).
    Removing port_api.o(i.port_init), (108 bytes).
    Removing port_api.o(i.port_mode), (42 bytes).
    Removing port_api.o(i.port_pin), (8 bytes).
    Removing port_api.o(i.port_read), (6 bytes).
    Removing port_api.o(i.port_write), (6 bytes).
    Removing pwmout_api.o(.rev16_text), (4 bytes).
    Removing pwmout_api.o(.revsh_text), (4 bytes).
    Removing pwmout_api.o(i.pwmout_free), (2 bytes).
    Removing pwmout_api.o(i.pwmout_init), (180 bytes).
    Removing pwmout_api.o(i.pwmout_period), (32 bytes).
    Removing pwmout_api.o(i.pwmout_period_ms), (14 bytes).
    Removing pwmout_api.o(i.pwmout_period_us), (176 bytes).
    Removing pwmout_api.o(i.pwmout_pulsewidth), (32 bytes).
    Removing pwmout_api.o(i.pwmout_pulsewidth_ms), (14 bytes).
    Removing pwmout_api.o(i.pwmout_pulsewidth_us), (148 bytes).
    Removing pwmout_api.o(i.pwmout_read), (72 bytes).
    Removing pwmout_api.o(i.pwmout_write), (88 bytes).
    Removing pwmout_api.o(.conststring), (90 bytes).
    Removing pwmout_api.o(.data), (40 bytes).
    Removing retarget.o(.rev16_text), (4 bytes).
    Removing retarget.o(.revsh_text), (4 bytes).
    Removing retarget.o(i._ZN4mbed10FileHandleD0Ev), (124 bytes).
    Removing retarget.o(i._ZN4mbed9mbed_getcEPSt6__FILE), (8 bytes).
    Removing retarget.o(i._ZN4mbed9mbed_getsEPciPSt6__FILE), (8 bytes).
    Removing retarget.o(i._ZdaPv), (14 bytes).
    Removing retarget.o(i._ZdlPv), (14 bytes).
    Removing retarget.o(i._Znaj), (52 bytes).
    Removing retarget.o(i._Znwj), (52 bytes).
    Removing retarget.o(i.__cxa_atexit), (4 bytes).
    Removing retarget.o(i.__cxa_finalize), (2 bytes).
    Removing retarget.o(i._sys_command_string), (4 bytes).
    Removing retarget.o(i._sys_ensure), (40 bytes).
    Removing retarget.o(i._sys_read), (96 bytes).
    Removing retarget.o(i.closedir), (6 bytes).
    Removing retarget.o(i.mkdir), (56 bytes).
    Removing retarget.o(i.opendir), (64 bytes).
    Removing retarget.o(i.readdir), (6 bytes).
    Removing retarget.o(i.remove), (52 bytes).
    Removing retarget.o(i.rename), (82 bytes).
    Removing retarget.o(i.rewinddir), (6 bytes).
    Removing retarget.o(i.seekdir), (6 bytes).
    Removing retarget.o(i.telldir), (6 bytes).
    Removing retarget.o(i.tmpfile), (4 bytes).
    Removing retarget.o(i.tmpnam), (4 bytes).
    Removing retarget.o(.ARM.exidx), (8 bytes).
    Removing retarget.o(.ARM.exidx), (8 bytes).
    Removing retarget.o(.ARM.exidx), (8 bytes).
    Removing retarget.o(.ARM.exidx), (8 bytes).
    Removing retarget.o(.ARM.exidx), (8 bytes).
    Removing retarget.o(.ARM.exidx), (8 bytes).
    Removing retarget.o(.ARM.exidx), (8 bytes).
    Removing retarget.o(.ARM.exidx), (8 bytes).
    Removing retarget.o(.ARM.exidx), (8 bytes).
    Removing retarget.o(.ARM.exidx), (8 bytes).
    Removing retarget.o(.ARM.exidx), (8 bytes).
    Removing retarget.o(.ARM.exidx), (8 bytes).
    Removing retarget.o(.ARM.exidx), (8 bytes).
    Removing retarget.o(.ARM.exidx), (8 bytes).
    Removing retarget.o(.ARM.exidx), (8 bytes).
    Removing retarget.o(.ARM.exidx), (8 bytes).
    Removing retarget.o(.ARM.exidx), (8 bytes).
    Removing retarget.o(.ARM.exidx), (8 bytes).
    Removing retarget.o(.ARM.exidx), (8 bytes).
    Removing retarget.o(.ARM.exidx), (8 bytes).
    Removing retarget.o(.ARM.exidx), (8 bytes).
    Removing retarget.o(.ARM.exidx), (8 bytes).
    Removing retarget.o(.ARM.exidx), (8 bytes).
    Removing retarget.o(.ARM.exidx), (8 bytes).
    Removing retarget.o(.ARM.exidx), (8 bytes).
    Removing retarget.o(.ARM.exidx), (8 bytes).
    Removing retarget.o(.ARM.exidx), (8 bytes).
    Removing retarget.o(.ARM.exidx), (8 bytes).
    Removing retarget.o(.ARM.exidx), (8 bytes).
    Removing retarget.o(.ARM.exidx), (8 bytes).
    Removing retarget.o(.ARM.exidx), (8 bytes).
    Removing retarget.o(.ARM.exidx), (8 bytes).
    Removing retarget.o(.ARM.exidx), (8 bytes).
    Removing retarget.o(.ARM.exidx), (8 bytes).
    Removing retarget.o(.ARM.exidx), (8 bytes).
    Removing retarget.o(.ARM.exidx), (8 bytes).
    Removing retarget.o(.ARM.exidx), (8 bytes).
    Removing retarget.o(.data), (4 bytes).
    Removing retarget.o(.data), (4 bytes).
    Removing serial_api.o(.rev16_text), (4 bytes).
    Removing serial_api.o(.revsh_text), (4 bytes).
    Removing serial_api.o(i.serial_break_clear), (12 bytes).
    Removing serial_api.o(i.serial_break_set), (12 bytes).
    Removing serial_api.o(i.serial_clear), (8 bytes).
    Removing serial_api.o(i.serial_free), (16 bytes).
    Removing serial_api.o(i.serial_getc), (14 bytes).
    Removing serial_api.o(i.serial_irq_set), (112 bytes).
    Removing serial_api.o(i.serial_pinout_tx), (16 bytes).
    Removing serial_api.o(i.serial_readable), (10 bytes).
    Removing serial_api.o(i.serial_writable), (10 bytes).
    Removing serial_api.o(i.uart0_irq), (48 bytes).
    Removing sleep.o(.rev16_text), (4 bytes).
    Removing sleep.o(.revsh_text), (4 bytes).
    Removing sleep.o(i.deepsleep), (48 bytes).
    Removing sleep.o(i.sleep), (36 bytes).
    Removing spi_api.o(.rev16_text), (4 bytes).
    Removing spi_api.o(.revsh_text), (4 bytes).
    Removing spi_api.o(i.spi_busy), (10 bytes).
    Removing spi_api.o(i.spi_free), (2 bytes).
    Removing spi_api.o(i.spi_slave_read), (6 bytes).
    Removing spi_api.o(i.spi_slave_receive), (24 bytes).
    Removing spi_api.o(i.spi_slave_write), (14 bytes).
    Removing sys.o(.ARM.exidx), (8 bytes).
    Removing system_LPC11Uxx.o(.rev16_text), (4 bytes).
    Removing system_LPC11Uxx.o(.revsh_text), (4 bytes).
    Removing system_LPC11Uxx.o(i.SystemCoreClockUpdate), (316 bytes).
    Removing us_ticker.o(.rev16_text), (4 bytes).
    Removing us_ticker.o(.revsh_text), (4 bytes).
    Removing FilePath.o(.rev16_text), (4 bytes).
    Removing FilePath.o(.revsh_text), (4 bytes).
    Removing FilePath.o(i._ZN4mbed8FilePath12isFileSystemEv), (20 bytes).
    Removing FilePath.o(.ARM.exidx), (8 bytes).
    Removing FilePath.o(.ARM.exidx), (8 bytes).
    Removing FilePath.o(.ARM.exidx), (8 bytes).
    Removing FilePath.o(.ARM.exidx), (8 bytes).
    Removing FilePath.o(.ARM.exidx), (8 bytes).
    Removing FilePath.o(.ARM.exidx), (8 bytes).
    Removing FilePath.o(.ARM.exidx), (8 bytes).
    Removing FileSystemLike.o(.rev16_text), (4 bytes).
    Removing FileSystemLike.o(.revsh_text), (4 bytes).
    Removing FileSystemLike.o(i._ZN4mbed14FileSystemLike7opendirEv), (44 bytes).
    Removing FileSystemLike.o(i._ZN4mbed14FileSystemLikeC2EPKc), (20 bytes).
    Removing FileSystemLike.o(i._ZN4mbed14FileSystemLikeD0Ev), (12 bytes).
    Removing FileSystemLike.o(i._ZN4mbed14FileSystemLikeD2Ev), (8 bytes).
    Removing FileSystemLike.o(.ARM.exidx), (8 bytes).
    Removing FileSystemLike.o(.ARM.exidx), (8 bytes).
    Removing FileSystemLike.o(.ARM.exidx), (8 bytes).
    Removing FileSystemLike.o(.ARM.exidx), (8 bytes).
    Removing I2C.o(.rev16_text), (4 bytes).
    Removing I2C.o(.revsh_text), (4 bytes).
    Removing I2C.o(i._ZN4mbed3I2C4readEi), (52 bytes).
    Removing I2C.o(i._ZN4mbed3I2C4stopEv), (28 bytes).
    Removing I2C.o(i._ZN4mbed3I2C5startEv), (28 bytes).
    Removing I2C.o(i._ZN4mbed3I2C5writeEi), (36 bytes).
    Removing I2C.o(i._ZN4mbed3I2C6aquireEv), (44 bytes).
    Removing I2C.o(.ARM.exidx), (8 bytes).
    Removing I2C.o(.ARM.exidx), (8 bytes).
    Removing I2C.o(.ARM.exidx), (8 bytes).
    Removing I2C.o(.ARM.exidx), (8 bytes).
    Removing I2C.o(.ARM.exidx), (8 bytes).
    Removing I2C.o(.ARM.exidx), (8 bytes).
    Removing I2C.o(.ARM.exidx), (8 bytes).
    Removing I2C.o(.ARM.exidx), (8 bytes).
    Removing I2C.o(.ARM.exidx), (8 bytes).
    Removing I2C.o(.ARM.exidx), (8 bytes).
    Removing I2C.o(.ARM.exidx), (8 bytes).
    Removing InterruptIn.o(.rev16_text), (4 bytes).
    Removing InterruptIn.o(.revsh_text), (4 bytes).
    Removing InterruptIn.o(i._ZN4mbed11InterruptIn10enable_irqEv), (22 bytes).
    Removing InterruptIn.o(i._ZN4mbed11InterruptIn11disable_irqEv), (22 bytes).
    Removing InterruptIn.o(i._ZN4mbed11InterruptIn4fallENS_8CallbackIFvvEEE), (116 bytes).
    Removing InterruptIn.o(i._ZN4mbed11InterruptIn4modeE7PinMode), (24 bytes).
    Removing InterruptIn.o(i._ZN4mbed11InterruptIn4readEv), (64 bytes).
    Removing InterruptIn.o(i._ZN4mbed11InterruptIn4riseENS_8CallbackIFvvEEE), (116 bytes).
    Removing InterruptIn.o(i._ZN4mbed11InterruptInD0Ev), (56 bytes).
    Removing InterruptIn.o(i._ZN4mbed11InterruptIncviEv), (44 bytes).
    Removing InterruptIn.o(.ARM.exidx), (8 bytes).
    Removing InterruptIn.o(.ARM.exidx), (8 bytes).
    Removing InterruptIn.o(.ARM.exidx), (8 bytes).
    Removing InterruptIn.o(.ARM.exidx), (8 bytes).
    Removing InterruptIn.o(.ARM.exidx), (8 bytes).
    Removing InterruptIn.o(.ARM.exidx), (8 bytes).
    Removing InterruptIn.o(.ARM.exidx), (8 bytes).
    Removing InterruptIn.o(.ARM.exidx), (8 bytes).
    Removing InterruptIn.o(.ARM.exidx), (8 bytes).
    Removing InterruptIn.o(.ARM.exidx), (8 bytes).
    Removing InterruptIn.o(.ARM.exidx), (8 bytes).
    Removing InterruptIn.o(.ARM.exidx), (8 bytes).
    Removing InterruptIn.o(.conststring), (110 bytes).
    Removing SPI.o(.rev16_text), (4 bytes).
    Removing SPI.o(.revsh_text), (4 bytes).
    Removing SPI.o(i._ZN4mbed3SPI6aquireEv), (56 bytes).
    Removing SPI.o(.ARM.exidx), (8 bytes).
    Removing SPI.o(.ARM.exidx), (8 bytes).
    Removing SPI.o(.ARM.exidx), (8 bytes).
    Removing SPI.o(.ARM.exidx), (8 bytes).
    Removing SPI.o(.ARM.exidx), (8 bytes).
    Removing SPI.o(.ARM.exidx), (8 bytes).
    Removing SPI.o(.ARM.exidx), (8 bytes).
    Removing Serial.o(.rev16_text), (4 bytes).
    Removing Serial.o(.revsh_text), (4 bytes).
    Removing Serial.o(i._ZN4mbed6Serial5_getcEv), (8 bytes).
    Removing Serial.o(i._ZN4mbed6Serial5_putcEi), (8 bytes).
    Removing Serial.o(i._ZN4mbed6SerialC1E7PinNameS1_i), (44 bytes).
    Removing Serial.o(i._ZThn48_N4mbed6Serial5_getcEv), (10 bytes).
    Removing Serial.o(.ARM.exidx), (8 bytes).
    Removing Serial.o(.ARM.exidx), (8 bytes).
    Removing Serial.o(.ARM.exidx), (8 bytes).
    Removing Serial.o(.ARM.exidx), (8 bytes).
    Removing Serial.o(.ARM.exidx), (8 bytes).
    Removing Serial.o(.ARM.exidx), (8 bytes).
    Removing Serial.o(.ARM.exidx), (8 bytes).
    Removing Serial.o(.ARM.exidx), (8 bytes).
    Removing Serial.o(.ARM.exidx), (8 bytes).
    Removing Serial.o(.ARM.exidx), (8 bytes).
    Removing SerialBase.o(.rev16_text), (4 bytes).
    Removing SerialBase.o(.revsh_text), (4 bytes).
    Removing SerialBase.o(i._ZN4mbed10SerialBase10_base_getcEv), (10 bytes).
    Removing SerialBase.o(i._ZN4mbed10SerialBase10send_breakEv), (52 bytes).
    Removing SerialBase.o(i._ZN4mbed10SerialBase6attachENS_8CallbackIFvvEEENS0_7IrqTypeE), (128 bytes).
    Removing SerialBase.o(i._ZN4mbed10SerialBase8readableEv), (32 bytes).
    Removing SerialBase.o(i._ZN4mbed10SerialBase9writeableEv), (32 bytes).
    Removing SerialBase.o(.ARM.exidx), (8 bytes).
    Removing SerialBase.o(.ARM.exidx), (8 bytes).
    Removing SerialBase.o(.ARM.exidx), (8 bytes).
    Removing SerialBase.o(.ARM.exidx), (8 bytes).
    Removing SerialBase.o(.ARM.exidx), (8 bytes).
    Removing SerialBase.o(.ARM.exidx), (8 bytes).
    Removing SerialBase.o(.ARM.exidx), (8 bytes).
    Removing SerialBase.o(.ARM.exidx), (8 bytes).
    Removing SerialBase.o(.ARM.exidx), (8 bytes).
    Removing SerialBase.o(.ARM.exidx), (8 bytes).
    Removing SerialBase.o(.ARM.exidx), (8 bytes).
    Removing SerialBase.o(.ARM.exidx), (8 bytes).
    Removing SerialBase.o(.ARM.exidx), (8 bytes).
    Removing SerialBase.o(.ARM.exidx), (8 bytes).
    Removing Stream.o(.rev16_text), (4 bytes).
    Removing Stream.o(.revsh_text), (4 bytes).
    Removing Stream.o(i._ZN4mbed6Stream4getcEv), (38 bytes).
    Removing Stream.o(i._ZN4mbed6Stream4getsEPci), (46 bytes).
    Removing Stream.o(i._ZN4mbed6Stream4putcEi), (42 bytes).
    Removing Stream.o(i._ZN4mbed6Stream4putsEPKc), (42 bytes).
    Removing Stream.o(i._ZN4mbed6Stream4readEPvj), (54 bytes).
    Removing Stream.o(i._ZN4mbed6Stream5fsyncEv), (4 bytes).
    Removing Stream.o(i._ZN4mbed6Stream5scanfEPKcz), (52 bytes).
    Removing Stream.o(i._ZN4mbed6Stream6vscanfEPKcSt9__va_list), (46 bytes).
    Removing Stream.o(i._ZN4mbed6Stream7vprintfEPKcSt9__va_list), (46 bytes).
    Removing Stream.o(i._ZN4mbed6StreamD0Ev), (40 bytes).
    Removing Stream.o(i._ZThn4_N4mbed6StreamD0Ev), (40 bytes).
    Removing Stream.o(i._ZThn4_N4mbed6StreamD1Ev), (36 bytes).
    Removing Stream.o(.ARM.exidx), (8 bytes).
    Removing Stream.o(.ARM.exidx), (8 bytes).
    Removing Stream.o(.ARM.exidx), (8 bytes).
    Removing Stream.o(.ARM.exidx), (8 bytes).
    Removing Stream.o(.ARM.exidx), (8 bytes).
    Removing Stream.o(.ARM.exidx), (8 bytes).
    Removing Stream.o(.ARM.exidx), (8 bytes).
    Removing Stream.o(.ARM.exidx), (8 bytes).
    Removing Stream.o(.ARM.exidx), (8 bytes).
    Removing Stream.o(.ARM.exidx), (8 bytes).
    Removing Stream.o(.ARM.exidx), (8 bytes).
    Removing Stream.o(.ARM.exidx), (8 bytes).
    Removing Stream.o(.ARM.exidx), (8 bytes).
    Removing Stream.o(.ARM.exidx), (8 bytes).
    Removing Stream.o(.ARM.exidx), (8 bytes).
    Removing Stream.o(.ARM.exidx), (8 bytes).
    Removing Stream.o(.ARM.exidx), (8 bytes).
    Removing Stream.o(.ARM.exidx), (8 bytes).
    Removing Stream.o(.ARM.exidx), (8 bytes).
    Removing Stream.o(.ARM.exidx), (8 bytes).
    Removing Timer.o(.rev16_text), (4 bytes).
    Removing Timer.o(.revsh_text), (4 bytes).
    Removing Timer.o(i._ZN4mbed5Timer4stopEv), (50 bytes).
    Removing Timer.o(i._ZN4mbed5Timer7read_msEv), (54 bytes).
    Removing Timer.o(i._ZN4mbed5Timer7read_usEv), (46 bytes).
    Removing Timer.o(i._ZN4mbed5Timer9slicetimeEv), (34 bytes).
    Removing Timer.o(i._ZN4mbed5TimerC1EPK13ticker_data_t), (36 bytes).
    Removing Timer.o(.ARM.exidx), (8 bytes).
    Removing Timer.o(.ARM.exidx), (8 bytes).
    Removing Timer.o(.ARM.exidx), (8 bytes).
    Removing Timer.o(.ARM.exidx), (8 bytes).
    Removing Timer.o(.ARM.exidx), (8 bytes).
    Removing Timer.o(.ARM.exidx), (8 bytes).
    Removing Timer.o(.ARM.exidx), (8 bytes).
    Removing Timer.o(.ARM.exidx), (8 bytes).
    Removing Timer.o(.ARM.exidx), (8 bytes).
    Removing Timer.o(.ARM.exidx), (8 bytes).
    Removing mbed_gpio.o(.rev16_text), (4 bytes).
    Removing mbed_gpio.o(.revsh_text), (4 bytes).
    Removing mbed_gpio.o(i.gpio_init_in_ex), (34 bytes).
    Removing mbed_gpio.o(i.gpio_init_inout), (140 bytes).
    Removing mbed_pinmap_common.o(.rev16_text), (4 bytes).
    Removing mbed_pinmap_common.o(.revsh_text), (4 bytes).
    Removing mbed_pinmap_common.o(i.pinmap_find_function), (36 bytes).
    Removing mbed_pinmap_common.o(i.pinmap_find_peripheral), (36 bytes).
    Removing mbed_pinmap_common.o(i.pinmap_function), (92 bytes).
    Removing mbed_us_ticker_api.o(.rev16_text), (4 bytes).
    Removing mbed_us_ticker_api.o(.revsh_text), (4 bytes).
    Removing mbed_assert.o(.rev16_text), (4 bytes).
    Removing mbed_assert.o(.revsh_text), (4 bytes).
    Removing mbed_critical.o(.rev16_text), (4 bytes).
    Removing mbed_critical.o(.revsh_text), (4 bytes).
    Removing mbed_critical.o(i.core_util_are_interrupts_enabled), (12 bytes).
    Removing mbed_critical.o(i.core_util_atomic_cas_ptr), (38 bytes).
    Removing mbed_critical.o(i.core_util_atomic_cas_u16), (38 bytes).
    Removing mbed_critical.o(i.core_util_atomic_cas_u32), (38 bytes).
    Removing mbed_critical.o(i.core_util_atomic_cas_u8), (38 bytes).
    Removing mbed_critical.o(i.core_util_atomic_decr_ptr), (24 bytes).
    Removing mbed_critical.o(i.core_util_atomic_decr_u16), (26 bytes).
    Removing mbed_critical.o(i.core_util_atomic_decr_u32), (24 bytes).
    Removing mbed_critical.o(i.core_util_atomic_decr_u8), (26 bytes).
    Removing mbed_critical.o(i.core_util_atomic_incr_ptr), (24 bytes).
    Removing mbed_critical.o(i.core_util_atomic_incr_u16), (26 bytes).
    Removing mbed_critical.o(i.core_util_atomic_incr_u32), (24 bytes).
    Removing mbed_critical.o(i.core_util_atomic_incr_u8), (26 bytes).
    Removing mbed_error.o(.rev16_text), (4 bytes).
    Removing mbed_error.o(.revsh_text), (4 bytes).
    Removing mbed_interface.o(.rev16_text), (4 bytes).
    Removing mbed_interface.o(.revsh_text), (4 bytes).
    Removing mbed_interface.o(i.mbed_interface_disconnect), (34 bytes).
    Removing mbed_interface.o(i.mbed_interface_powerdown), (34 bytes).
    Removing mbed_interface.o(i.mbed_interface_reset), (24 bytes).
    Removing mbed_interface.o(i.mbed_interface_uid), (28 bytes).
    Removing mbed_interface.o(i.mbed_mac_address), (84 bytes).
    Removing mbed_interface.o(i.mbed_reset), (16 bytes).
    Removing mbed_interface.o(i.mbed_uid), (8 bytes).
    Removing mbed_semihost_api.o(.rev16_text), (4 bytes).
    Removing mbed_semihost_api.o(.revsh_text), (4 bytes).
    Removing mbed_semihost_api.o(i.semihost_close), (12 bytes).
    Removing mbed_semihost_api.o(i.semihost_disabledebug), (20 bytes).
    Removing mbed_semihost_api.o(i.semihost_ensure), (12 bytes).
    Removing mbed_semihost_api.o(i.semihost_flen), (12 bytes).
    Removing mbed_semihost_api.o(i.semihost_istty), (12 bytes).
    Removing mbed_semihost_api.o(i.semihost_open), (24 bytes).
    Removing mbed_semihost_api.o(i.semihost_powerdown), (10 bytes).
    Removing mbed_semihost_api.o(i.semihost_read), (18 bytes).
    Removing mbed_semihost_api.o(i.semihost_remove), (22 bytes).
    Removing mbed_semihost_api.o(i.semihost_rename), (34 bytes).
    Removing mbed_semihost_api.o(i.semihost_reset), (10 bytes).
    Removing mbed_semihost_api.o(i.semihost_seek), (16 bytes).
    Removing mbed_semihost_api.o(i.semihost_uid), (20 bytes).
    Removing mbed_semihost_api.o(i.semihost_vbus), (10 bytes).
    Removing mbed_semihost_api.o(i.semihost_write), (28 bytes).
    Removing mbed_wait_api_no_rtos.o(.rev16_text), (4 bytes).
    Removing mbed_wait_api_no_rtos.o(.revsh_text), (4 bytes).
    Removing FileBase.o(.rev16_text), (4 bytes).
    Removing FileBase.o(.revsh_text), (4 bytes).
    Removing FileBase.o(i._ZN4mbed8FileBase3getEi), (92 bytes).
    Removing FileBase.o(i._ZN4mbed8FileBase7getNameEv), (4 bytes).
    Removing FileBase.o(i._ZN4mbed8FileBaseD0Ev), (80 bytes).
    Removing FileBase.o(.ARM.exidx), (8 bytes).
    Removing FileBase.o(.ARM.exidx), (8 bytes).
    Removing FileBase.o(.ARM.exidx), (8 bytes).
    Removing FileBase.o(.ARM.exidx), (8 bytes).
    Removing FileBase.o(.ARM.exidx), (8 bytes).
    Removing FileBase.o(.ARM.exidx), (8 bytes).
    Removing FileBase.o(.ARM.exidx), (8 bytes).
    Removing FileLike.o(.rev16_text), (4 bytes).
    Removing FileLike.o(.revsh_text), (4 bytes).
    Removing FileLike.o(i._ZN4mbed8FileLikeD0Ev), (20 bytes).
    Removing FileLike.o(i._ZThn4_N4mbed8FileLikeD0Ev), (18 bytes).
    Removing FileLike.o(i._ZThn4_N4mbed8FileLikeD1Ev), (14 bytes).
    Removing FileLike.o(.ARM.exidx), (8 bytes).
    Removing FileLike.o(.ARM.exidx), (8 bytes).
    Removing FileLike.o(.ARM.exidx), (8 bytes).
    Removing FileLike.o(.ARM.exidx), (8 bytes).
    Removing FileLike.o(.ARM.exidx), (8 bytes).
    Removing mbed_ticker_api.o(.rev16_text), (4 bytes).
    Removing mbed_ticker_api.o(.revsh_text), (4 bytes).
    Removing mbed_ticker_api.o(i.ticker_get_next_timestamp), (34 bytes).
    Removing mbed_ticker_api.o(i.ticker_insert_event), (68 bytes).
    Removing mbed_ticker_api.o(i.ticker_remove_event), (70 bytes).
    Removing mbed_ticker_api.o(i.ticker_set_handler), (18 bytes).
    Removing main.o(.ARM.exidx), (8 bytes).
    Removing main.o(.ARM.exidx), (8 bytes).
    Removing main.o(.ARM.exidx), (8 bytes).
    Removing retarget.o(.ARM.exidx), (8 bytes).
    Removing retarget.o(.ARM.exidx), (8 bytes).
    Removing retarget.o(.ARM.exidx), (8 bytes).
    Removing retarget.o(.constdata__ZTIN4mbed10FileHandleE), (8 bytes).
    Removing retarget.o(.constdata__ZTSN4mbed10FileHandleE), (20 bytes).
    Removing FileSystemLike.o(.constdata__ZTVN4mbed14FileSystemLikeE), (36 bytes).
    Removing FileSystemLike.o(i._ZN4mbed14FileSystemLike6removeEPKc), (6 bytes).
    Removing FileSystemLike.o(.ARM.exidx), (8 bytes).
    Removing FileSystemLike.o(i._ZN4mbed14FileSystemLike6renameEPKcS2_), (6 bytes).
    Removing FileSystemLike.o(.ARM.exidx), (8 bytes).
    Removing FileSystemLike.o(i._ZN4mbed14FileSystemLike7opendirEPKc), (4 bytes).
    Removing FileSystemLike.o(.ARM.exidx), (8 bytes).
    Removing FileSystemLike.o(i._ZN4mbed14FileSystemLike5mkdirEPKci), (6 bytes).
    Removing FileSystemLike.o(.ARM.exidx), (8 bytes).
    Removing FileSystemLike.o(.constdata__ZTVN4mbed13BaseDirHandleE), (44 bytes).
    Removing FileSystemLike.o(.constdata__ZTIN4mbed14FileSystemLikeE), (12 bytes).
    Removing FileSystemLike.o(.constdata__ZTIN4mbed13BaseDirHandleE), (12 bytes).
    Removing FileSystemLike.o(.constdata__ZTSN4mbed14FileSystemLikeE), (24 bytes).
    Removing FileSystemLike.o(.constdata__ZTIN4mbed9DirHandleE), (8 bytes).
    Removing FileSystemLike.o(.constdata__ZTSN4mbed13BaseDirHandleE), (23 bytes).
    Removing FileSystemLike.o(.constdata__ZTSN4mbed9DirHandleE), (18 bytes).
    Removing FileSystemLike.o(i._ZN4mbed13BaseDirHandle8closedirEv), (12 bytes).
    Removing FileSystemLike.o(.ARM.exidx), (8 bytes).
    Removing FileSystemLike.o(i._ZN4mbed13BaseDirHandle7readdirEv), (70 bytes).
    Removing FileSystemLike.o(.ARM.exidx), (8 bytes).
    Removing FileSystemLike.o(i._ZN4mbed13BaseDirHandle7telldirEv), (26 bytes).
    Removing FileSystemLike.o(.ARM.exidx), (8 bytes).
    Removing FileSystemLike.o(i._ZN4mbed13BaseDirHandle7seekdirEl), (26 bytes).
    Removing FileSystemLike.o(.ARM.exidx), (8 bytes).
    Removing FileSystemLike.o(i._ZN4mbed13BaseDirHandle9rewinddirEv), (26 bytes).
    Removing FileSystemLike.o(.ARM.exidx), (8 bytes).
    Removing FileSystemLike.o(i._ZN4mbed13BaseDirHandle4lockEv), (2 bytes).
    Removing FileSystemLike.o(.ARM.exidx), (8 bytes).
    Removing FileSystemLike.o(i._ZN4mbed13BaseDirHandle6unlockEv), (2 bytes).
    Removing FileSystemLike.o(.ARM.exidx), (8 bytes).
    Removing FileSystemLike.o(i._ZN4mbed13BaseDirHandleD1Ev), (12 bytes).
    Removing FileSystemLike.o(.ARM.exidx), (8 bytes).
    Removing FileSystemLike.o(i._ZN4mbed13BaseDirHandleD0Ev), (16 bytes).
    Removing FileSystemLike.o(.ARM.exidx), (8 bytes).
    Removing I2C.o(i._ZN4mbed3I2CD1Ev), (2 bytes).
    Removing I2C.o(.ARM.exidx), (8 bytes).
    Removing I2C.o(i._ZN4mbed3I2CD0Ev), (8 bytes).
    Removing I2C.o(.ARM.exidx), (8 bytes).
    Removing I2C.o(.constdata__ZTIN4mbed3I2CE), (8 bytes).
    Removing I2C.o(.constdata__ZTSN4mbed3I2CE), (12 bytes).
    Removing InterruptIn.o(.constdata__ZTIN4mbed11InterruptInE), (8 bytes).
    Removing InterruptIn.o(.constdata__ZTSN4mbed11InterruptInE), (21 bytes).
    Removing InterruptIn.o(.ARM.exidx), (8 bytes).
    Removing InterruptIn.o(.ARM.exidx), (8 bytes).
    Removing InterruptIn.o(.ARM.exidx), (8 bytes).
    Removing SPI.o(i._ZN4mbed3SPID1Ev), (2 bytes).
    Removing SPI.o(.ARM.exidx), (8 bytes).
    Removing SPI.o(i._ZN4mbed3SPID0Ev), (8 bytes).
    Removing SPI.o(.ARM.exidx), (8 bytes).
    Removing SPI.o(.constdata__ZTIN4mbed3SPIE), (8 bytes).
    Removing SPI.o(.constdata__ZTSN4mbed3SPIE), (12 bytes).
    Removing Serial.o(i._ZN4mbed6SerialD0Ev), (68 bytes).
    Removing Serial.o(.ARM.exidx), (8 bytes).
    Removing Serial.o(i._ZThn52_N4mbed6SerialD0Ev), (72 bytes).
    Removing Serial.o(.ARM.exidx), (8 bytes).
    Removing Serial.o(i._ZThn48_N4mbed6SerialD0Ev), (72 bytes).
    Removing Serial.o(.ARM.exidx), (8 bytes).
    Removing Serial.o(i._ZThn52_N4mbed6SerialD1Ev), (68 bytes).
    Removing Serial.o(.ARM.exidx), (8 bytes).
    Removing Serial.o(i._ZThn48_N4mbed6SerialD1Ev), (68 bytes).
    Removing Serial.o(.ARM.exidx), (8 bytes).
    Removing Serial.o(.constdata__ZTIN4mbed6SerialE), (32 bytes).
    Removing Serial.o(.constdata__ZTSN4mbed6SerialE), (15 bytes).
    Removing SerialBase.o(i._ZN4mbed10SerialBaseD1Ev), (36 bytes).
    Removing SerialBase.o(.ARM.exidx), (8 bytes).
    Removing SerialBase.o(i._ZN4mbed10SerialBaseD0Ev), (40 bytes).
    Removing SerialBase.o(.ARM.exidx), (8 bytes).
    Removing SerialBase.o(.constdata__ZTIN4mbed10SerialBaseE), (8 bytes).
    Removing SerialBase.o(.constdata__ZTSN4mbed10SerialBaseE), (20 bytes).
    Removing Stream.o(.constdata__ZTIN4mbed6StreamE), (12 bytes).
    Removing Stream.o(.constdata__ZTSN4mbed6StreamE), (15 bytes).
    Removing FileBase.o(.ARM.exidx), (8 bytes).
    Removing FileBase.o(.constdata__ZTIN4mbed8FileBaseE), (8 bytes).
    Removing FileBase.o(.constdata__ZTSN4mbed8FileBaseE), (17 bytes).
    Removing FileLike.o(.constdata__ZTIN4mbed8FileLikeE), (32 bytes).
    Removing FileLike.o(.constdata__ZTSN4mbed8FileLikeE), (17 bytes).

557 unused section(s) (total 14124 bytes) removed from the image.
